Oct 05, 2025 2:21:59 AM org.l2jmobius.gameserver.data.xml.SkillData lambda$parseDocument$17
WARNING: SkillData: Failed loading effect for Skill Id[18024] Level[1] SubLevel[0] Effect Scope[GENERAL] Effect Name[VampiricAttack]
java.lang.IllegalArgumentException: Double value required, but not specified
	at org.l2jmobius.gameserver.model.StatSet.getDouble(StatSet.java:630)
	at handlers.effecthandlers.VampiricAttack.<init>(VampiricAttack.java:35)
	at org.l2jmobius.gameserver.data.xml.SkillData.lambda$parseDocument$17(SkillData.java:308)
	at org.l2jmobius.gameserver.data.xml.SkillData.lambda$forEachNamedParamInfoParam$1(SkillData.java:390)
	at java.base/java.lang.Iterable.forEach(Iterable.java:75)
	at org.l2jmobius.gameserver.data.xml.SkillData.lambda$forEachNamedParamInfoParam$0(SkillData.java:381)
	at java.base/java.util.Map.forEach(Map.java:733)
	at org.l2jmobius.gameserver.data.xml.SkillData.forEachNamedParamInfoParam(SkillData.java:381)
	at org.l2jmobius.gameserver.data.xml.SkillData.lambda$parseDocument$16(SkillData.java:299)
	at java.base/java.lang.Iterable.forEach(Iterable.java:75)
	at org.l2jmobius.gameserver.data.xml.SkillData.lambda$parseDocument$15(SkillData.java:291)
	at java.base/java.util.HashMap.forEach(HashMap.java:1430)
	at org.l2jmobius.gameserver.data.xml.SkillData.parseDocument(SkillData.java:291)
	at org.l2jmobius.commons.util.IXmlReader.parseFile(IXmlReader.java:93)
	at org.l2jmobius.commons.util.IXmlReader.parseDirectory(IXmlReader.java:198)
	at org.l2jmobius.commons.util.IXmlReader.parseDatapackDirectory(IXmlReader.java:123)
	at org.l2jmobius.gameserver.data.xml.SkillData.load(SkillData.java:139)
	at org.l2jmobius.gameserver.data.xml.SkillData.<init>(SkillData.java:124)
	at org.l2jmobius.gameserver.data.xml.SkillData$SingletonHolder.<clinit>(SkillData.java:1042)
	at org.l2jmobius.gameserver.data.xml.SkillData.getInstance(SkillData.java:1037)
	at org.l2jmobius.gameserver.data.xml.SkillTreeData.parseDocument(SkillTreeData.java:264)
	at org.l2jmobius.commons.util.IXmlReader.parseFile(IXmlReader.java:93)
	at org.l2jmobius.commons.util.IXmlReader.parseDirectory(IXmlReader.java:198)
	at org.l2jmobius.commons.util.IXmlReader.parseDirectory(IXmlReader.java:194)
	at org.l2jmobius.commons.util.IXmlReader.parseDatapackDirectory(IXmlReader.java:123)
	at org.l2jmobius.gameserver.data.xml.SkillTreeData.load(SkillTreeData.java:159)
	at org.l2jmobius.gameserver.data.xml.SkillTreeData.<init>(SkillTreeData.java:130)
	at org.l2jmobius.gameserver.data.xml.SkillTreeData$SingletonHolder.<clinit>(SkillTreeData.java:2076)
	at org.l2jmobius.gameserver.data.xml.SkillTreeData.getInstance(SkillTreeData.java:2068)
	at org.l2jmobius.gameserver.GameServer.<init>(GameServer.java:259)
	at org.l2jmobius.gameserver.GameServer.main(GameServer.java:521)

Oct 05, 2025 2:21:59 AM org.l2jmobius.gameserver.data.xml.SkillData lambda$parseDocument$17
WARNING: SkillData: Failed loading effect for Skill Id[18024] Level[1] SubLevel[0] Effect Scope[GENERAL] Effect Name[MpVampiricAttack]
java.lang.IllegalArgumentException: Double value required, but not specified
	at org.l2jmobius.gameserver.model.StatSet.getDouble(StatSet.java:630)
	at handlers.effecthandlers.MpVampiricAttack.<init>(MpVampiricAttack.java:39)
	at org.l2jmobius.gameserver.data.xml.SkillData.lambda$parseDocument$17(SkillData.java:308)
	at org.l2jmobius.gameserver.data.xml.SkillData.lambda$forEachNamedParamInfoParam$1(SkillData.java:390)
	at java.base/java.lang.Iterable.forEach(Iterable.java:75)
	at org.l2jmobius.gameserver.data.xml.SkillData.lambda$forEachNamedParamInfoParam$0(SkillData.java:381)
	at java.base/java.util.Map.forEach(Map.java:733)
	at org.l2jmobius.gameserver.data.xml.SkillData.forEachNamedParamInfoParam(SkillData.java:381)
	at org.l2jmobius.gameserver.data.xml.SkillData.lambda$parseDocument$16(SkillData.java:299)
	at java.base/java.lang.Iterable.forEach(Iterable.java:75)
	at org.l2jmobius.gameserver.data.xml.SkillData.lambda$parseDocument$15(SkillData.java:291)
	at java.base/java.util.HashMap.forEach(HashMap.java:1430)
	at org.l2jmobius.gameserver.data.xml.SkillData.parseDocument(SkillData.java:291)
	at org.l2jmobius.commons.util.IXmlReader.parseFile(IXmlReader.java:93)
	at org.l2jmobius.commons.util.IXmlReader.parseDirectory(IXmlReader.java:198)
	at org.l2jmobius.commons.util.IXmlReader.parseDatapackDirectory(IXmlReader.java:123)
	at org.l2jmobius.gameserver.data.xml.SkillData.load(SkillData.java:139)
	at org.l2jmobius.gameserver.data.xml.SkillData.<init>(SkillData.java:124)
	at org.l2jmobius.gameserver.data.xml.SkillData$SingletonHolder.<clinit>(SkillData.java:1042)
	at org.l2jmobius.gameserver.data.xml.SkillData.getInstance(SkillData.java:1037)
	at org.l2jmobius.gameserver.data.xml.SkillTreeData.parseDocument(SkillTreeData.java:264)
	at org.l2jmobius.commons.util.IXmlReader.parseFile(IXmlReader.java:93)
	at org.l2jmobius.commons.util.IXmlReader.parseDirectory(IXmlReader.java:198)
	at org.l2jmobius.commons.util.IXmlReader.parseDirectory(IXmlReader.java:194)
	at org.l2jmobius.commons.util.IXmlReader.parseDatapackDirectory(IXmlReader.java:123)
	at org.l2jmobius.gameserver.data.xml.SkillTreeData.load(SkillTreeData.java:159)
	at org.l2jmobius.gameserver.data.xml.SkillTreeData.<init>(SkillTreeData.java:130)
	at org.l2jmobius.gameserver.data.xml.SkillTreeData$SingletonHolder.<clinit>(SkillTreeData.java:2076)
	at org.l2jmobius.gameserver.data.xml.SkillTreeData.getInstance(SkillTreeData.java:2068)
	at org.l2jmobius.gameserver.GameServer.<init>(GameServer.java:259)
	at org.l2jmobius.gameserver.GameServer.main(GameServer.java:521)

Oct 05, 2025 2:21:59 AM org.l2jmobius.gameserver.data.xml.SkillData lambda$parseDocument$17
WARNING: SkillData: Failed loading effect for Skill Id[18024] Level[2] SubLevel[0] Effect Scope[GENERAL] Effect Name[VampiricAttack]
java.lang.IllegalArgumentException: Double value required, but not specified
	at org.l2jmobius.gameserver.model.StatSet.getDouble(StatSet.java:630)
	at handlers.effecthandlers.VampiricAttack.<init>(VampiricAttack.java:35)
	at org.l2jmobius.gameserver.data.xml.SkillData.lambda$parseDocument$17(SkillData.java:308)
	at org.l2jmobius.gameserver.data.xml.SkillData.lambda$forEachNamedParamInfoParam$1(SkillData.java:390)
	at java.base/java.lang.Iterable.forEach(Iterable.java:75)
	at org.l2jmobius.gameserver.data.xml.SkillData.lambda$forEachNamedParamInfoParam$0(SkillData.java:381)
	at java.base/java.util.Map.forEach(Map.java:733)
	at org.l2jmobius.gameserver.data.xml.SkillData.forEachNamedParamInfoParam(SkillData.java:381)
	at org.l2jmobius.gameserver.data.xml.SkillData.lambda$parseDocument$16(SkillData.java:299)
	at java.base/java.lang.Iterable.forEach(Iterable.java:75)
	at org.l2jmobius.gameserver.data.xml.SkillData.lambda$parseDocument$15(SkillData.java:291)
	at java.base/java.util.HashMap.forEach(HashMap.java:1430)
	at org.l2jmobius.gameserver.data.xml.SkillData.parseDocument(SkillData.java:291)
	at org.l2jmobius.commons.util.IXmlReader.parseFile(IXmlReader.java:93)
	at org.l2jmobius.commons.util.IXmlReader.parseDirectory(IXmlReader.java:198)
	at org.l2jmobius.commons.util.IXmlReader.parseDatapackDirectory(IXmlReader.java:123)
	at org.l2jmobius.gameserver.data.xml.SkillData.load(SkillData.java:139)
	at org.l2jmobius.gameserver.data.xml.SkillData.<init>(SkillData.java:124)
	at org.l2jmobius.gameserver.data.xml.SkillData$SingletonHolder.<clinit>(SkillData.java:1042)
	at org.l2jmobius.gameserver.data.xml.SkillData.getInstance(SkillData.java:1037)
	at org.l2jmobius.gameserver.data.xml.SkillTreeData.parseDocument(SkillTreeData.java:264)
	at org.l2jmobius.commons.util.IXmlReader.parseFile(IXmlReader.java:93)
	at org.l2jmobius.commons.util.IXmlReader.parseDirectory(IXmlReader.java:198)
	at org.l2jmobius.commons.util.IXmlReader.parseDirectory(IXmlReader.java:194)
	at org.l2jmobius.commons.util.IXmlReader.parseDatapackDirectory(IXmlReader.java:123)
	at org.l2jmobius.gameserver.data.xml.SkillTreeData.load(SkillTreeData.java:159)
	at org.l2jmobius.gameserver.data.xml.SkillTreeData.<init>(SkillTreeData.java:130)
	at org.l2jmobius.gameserver.data.xml.SkillTreeData$SingletonHolder.<clinit>(SkillTreeData.java:2076)
	at org.l2jmobius.gameserver.data.xml.SkillTreeData.getInstance(SkillTreeData.java:2068)
	at org.l2jmobius.gameserver.GameServer.<init>(GameServer.java:259)
	at org.l2jmobius.gameserver.GameServer.main(GameServer.java:521)

Oct 05, 2025 2:21:59 AM org.l2jmobius.gameserver.data.xml.SkillData lambda$parseDocument$17
WARNING: SkillData: Failed loading effect for Skill Id[18024] Level[2] SubLevel[0] Effect Scope[GENERAL] Effect Name[MpVampiricAttack]
java.lang.IllegalArgumentException: Double value required, but not specified
	at org.l2jmobius.gameserver.model.StatSet.getDouble(StatSet.java:630)
	at handlers.effecthandlers.MpVampiricAttack.<init>(MpVampiricAttack.java:39)
	at org.l2jmobius.gameserver.data.xml.SkillData.lambda$parseDocument$17(SkillData.java:308)
	at org.l2jmobius.gameserver.data.xml.SkillData.lambda$forEachNamedParamInfoParam$1(SkillData.java:390)
	at java.base/java.lang.Iterable.forEach(Iterable.java:75)
	at org.l2jmobius.gameserver.data.xml.SkillData.lambda$forEachNamedParamInfoParam$0(SkillData.java:381)
	at java.base/java.util.Map.forEach(Map.java:733)
	at org.l2jmobius.gameserver.data.xml.SkillData.forEachNamedParamInfoParam(SkillData.java:381)
	at org.l2jmobius.gameserver.data.xml.SkillData.lambda$parseDocument$16(SkillData.java:299)
	at java.base/java.lang.Iterable.forEach(Iterable.java:75)
	at org.l2jmobius.gameserver.data.xml.SkillData.lambda$parseDocument$15(SkillData.java:291)
	at java.base/java.util.HashMap.forEach(HashMap.java:1430)
	at org.l2jmobius.gameserver.data.xml.SkillData.parseDocument(SkillData.java:291)
	at org.l2jmobius.commons.util.IXmlReader.parseFile(IXmlReader.java:93)
	at org.l2jmobius.commons.util.IXmlReader.parseDirectory(IXmlReader.java:198)
	at org.l2jmobius.commons.util.IXmlReader.parseDatapackDirectory(IXmlReader.java:123)
	at org.l2jmobius.gameserver.data.xml.SkillData.load(SkillData.java:139)
	at org.l2jmobius.gameserver.data.xml.SkillData.<init>(SkillData.java:124)
	at org.l2jmobius.gameserver.data.xml.SkillData$SingletonHolder.<clinit>(SkillData.java:1042)
	at org.l2jmobius.gameserver.data.xml.SkillData.getInstance(SkillData.java:1037)
	at org.l2jmobius.gameserver.data.xml.SkillTreeData.parseDocument(SkillTreeData.java:264)
	at org.l2jmobius.commons.util.IXmlReader.parseFile(IXmlReader.java:93)
	at org.l2jmobius.commons.util.IXmlReader.parseDirectory(IXmlReader.java:198)
	at org.l2jmobius.commons.util.IXmlReader.parseDirectory(IXmlReader.java:194)
	at org.l2jmobius.commons.util.IXmlReader.parseDatapackDirectory(IXmlReader.java:123)
	at org.l2jmobius.gameserver.data.xml.SkillTreeData.load(SkillTreeData.java:159)
	at org.l2jmobius.gameserver.data.xml.SkillTreeData.<init>(SkillTreeData.java:130)
	at org.l2jmobius.gameserver.data.xml.SkillTreeData$SingletonHolder.<clinit>(SkillTreeData.java:2076)
	at org.l2jmobius.gameserver.data.xml.SkillTreeData.getInstance(SkillTreeData.java:2068)
	at org.l2jmobius.gameserver.GameServer.<init>(GameServer.java:259)
	at org.l2jmobius.gameserver.GameServer.main(GameServer.java:521)

Oct 05, 2025 2:21:59 AM org.l2jmobius.gameserver.data.xml.SkillData lambda$parseDocument$17
WARNING: SkillData: Failed loading effect for Skill Id[18024] Level[3] SubLevel[0] Effect Scope[GENERAL] Effect Name[VampiricAttack]
java.lang.IllegalArgumentException: Double value required, but not specified
	at org.l2jmobius.gameserver.model.StatSet.getDouble(StatSet.java:630)
	at handlers.effecthandlers.VampiricAttack.<init>(VampiricAttack.java:35)
	at org.l2jmobius.gameserver.data.xml.SkillData.lambda$parseDocument$17(SkillData.java:308)
	at org.l2jmobius.gameserver.data.xml.SkillData.lambda$forEachNamedParamInfoParam$1(SkillData.java:390)
	at java.base/java.lang.Iterable.forEach(Iterable.java:75)
	at org.l2jmobius.gameserver.data.xml.SkillData.lambda$forEachNamedParamInfoParam$0(SkillData.java:381)
	at java.base/java.util.Map.forEach(Map.java:733)
	at org.l2jmobius.gameserver.data.xml.SkillData.forEachNamedParamInfoParam(SkillData.java:381)
	at org.l2jmobius.gameserver.data.xml.SkillData.lambda$parseDocument$16(SkillData.java:299)
	at java.base/java.lang.Iterable.forEach(Iterable.java:75)
	at org.l2jmobius.gameserver.data.xml.SkillData.lambda$parseDocument$15(SkillData.java:291)
	at java.base/java.util.HashMap.forEach(HashMap.java:1430)
	at org.l2jmobius.gameserver.data.xml.SkillData.parseDocument(SkillData.java:291)
	at org.l2jmobius.commons.util.IXmlReader.parseFile(IXmlReader.java:93)
	at org.l2jmobius.commons.util.IXmlReader.parseDirectory(IXmlReader.java:198)
	at org.l2jmobius.commons.util.IXmlReader.parseDatapackDirectory(IXmlReader.java:123)
	at org.l2jmobius.gameserver.data.xml.SkillData.load(SkillData.java:139)
	at org.l2jmobius.gameserver.data.xml.SkillData.<init>(SkillData.java:124)
	at org.l2jmobius.gameserver.data.xml.SkillData$SingletonHolder.<clinit>(SkillData.java:1042)
	at org.l2jmobius.gameserver.data.xml.SkillData.getInstance(SkillData.java:1037)
	at org.l2jmobius.gameserver.data.xml.SkillTreeData.parseDocument(SkillTreeData.java:264)
	at org.l2jmobius.commons.util.IXmlReader.parseFile(IXmlReader.java:93)
	at org.l2jmobius.commons.util.IXmlReader.parseDirectory(IXmlReader.java:198)
	at org.l2jmobius.commons.util.IXmlReader.parseDirectory(IXmlReader.java:194)
	at org.l2jmobius.commons.util.IXmlReader.parseDatapackDirectory(IXmlReader.java:123)
	at org.l2jmobius.gameserver.data.xml.SkillTreeData.load(SkillTreeData.java:159)
	at org.l2jmobius.gameserver.data.xml.SkillTreeData.<init>(SkillTreeData.java:130)
	at org.l2jmobius.gameserver.data.xml.SkillTreeData$SingletonHolder.<clinit>(SkillTreeData.java:2076)
	at org.l2jmobius.gameserver.data.xml.SkillTreeData.getInstance(SkillTreeData.java:2068)
	at org.l2jmobius.gameserver.GameServer.<init>(GameServer.java:259)
	at org.l2jmobius.gameserver.GameServer.main(GameServer.java:521)

Oct 05, 2025 2:21:59 AM org.l2jmobius.gameserver.data.xml.SkillData lambda$parseDocument$17
WARNING: SkillData: Failed loading effect for Skill Id[18024] Level[3] SubLevel[0] Effect Scope[GENERAL] Effect Name[MpVampiricAttack]
java.lang.IllegalArgumentException: Double value required, but not specified
	at org.l2jmobius.gameserver.model.StatSet.getDouble(StatSet.java:630)
	at handlers.effecthandlers.MpVampiricAttack.<init>(MpVampiricAttack.java:39)
	at org.l2jmobius.gameserver.data.xml.SkillData.lambda$parseDocument$17(SkillData.java:308)
	at org.l2jmobius.gameserver.data.xml.SkillData.lambda$forEachNamedParamInfoParam$1(SkillData.java:390)
	at java.base/java.lang.Iterable.forEach(Iterable.java:75)
	at org.l2jmobius.gameserver.data.xml.SkillData.lambda$forEachNamedParamInfoParam$0(SkillData.java:381)
	at java.base/java.util.Map.forEach(Map.java:733)
	at org.l2jmobius.gameserver.data.xml.SkillData.forEachNamedParamInfoParam(SkillData.java:381)
	at org.l2jmobius.gameserver.data.xml.SkillData.lambda$parseDocument$16(SkillData.java:299)
	at java.base/java.lang.Iterable.forEach(Iterable.java:75)
	at org.l2jmobius.gameserver.data.xml.SkillData.lambda$parseDocument$15(SkillData.java:291)
	at java.base/java.util.HashMap.forEach(HashMap.java:1430)
	at org.l2jmobius.gameserver.data.xml.SkillData.parseDocument(SkillData.java:291)
	at org.l2jmobius.commons.util.IXmlReader.parseFile(IXmlReader.java:93)
	at org.l2jmobius.commons.util.IXmlReader.parseDirectory(IXmlReader.java:198)
	at org.l2jmobius.commons.util.IXmlReader.parseDatapackDirectory(IXmlReader.java:123)
	at org.l2jmobius.gameserver.data.xml.SkillData.load(SkillData.java:139)
	at org.l2jmobius.gameserver.data.xml.SkillData.<init>(SkillData.java:124)
	at org.l2jmobius.gameserver.data.xml.SkillData$SingletonHolder.<clinit>(SkillData.java:1042)
	at org.l2jmobius.gameserver.data.xml.SkillData.getInstance(SkillData.java:1037)
	at org.l2jmobius.gameserver.data.xml.SkillTreeData.parseDocument(SkillTreeData.java:264)
	at org.l2jmobius.commons.util.IXmlReader.parseFile(IXmlReader.java:93)
	at org.l2jmobius.commons.util.IXmlReader.parseDirectory(IXmlReader.java:198)
	at org.l2jmobius.commons.util.IXmlReader.parseDirectory(IXmlReader.java:194)
	at org.l2jmobius.commons.util.IXmlReader.parseDatapackDirectory(IXmlReader.java:123)
	at org.l2jmobius.gameserver.data.xml.SkillTreeData.load(SkillTreeData.java:159)
	at org.l2jmobius.gameserver.data.xml.SkillTreeData.<init>(SkillTreeData.java:130)
	at org.l2jmobius.gameserver.data.xml.SkillTreeData$SingletonHolder.<clinit>(SkillTreeData.java:2076)
	at org.l2jmobius.gameserver.data.xml.SkillTreeData.getInstance(SkillTreeData.java:2068)
	at org.l2jmobius.gameserver.GameServer.<init>(GameServer.java:259)
	at org.l2jmobius.gameserver.GameServer.main(GameServer.java:521)

Oct 05, 2025 2:21:59 AM org.l2jmobius.gameserver.data.xml.SkillData lambda$parseDocument$17
WARNING: SkillData: Failed loading effect for Skill Id[18024] Level[4] SubLevel[0] Effect Scope[GENERAL] Effect Name[VampiricAttack]
java.lang.IllegalArgumentException: Double value required, but not specified
	at org.l2jmobius.gameserver.model.StatSet.getDouble(StatSet.java:630)
	at handlers.effecthandlers.VampiricAttack.<init>(VampiricAttack.java:35)
	at org.l2jmobius.gameserver.data.xml.SkillData.lambda$parseDocument$17(SkillData.java:308)
	at org.l2jmobius.gameserver.data.xml.SkillData.lambda$forEachNamedParamInfoParam$1(SkillData.java:390)
	at java.base/java.lang.Iterable.forEach(Iterable.java:75)
	at org.l2jmobius.gameserver.data.xml.SkillData.lambda$forEachNamedParamInfoParam$0(SkillData.java:381)
	at java.base/java.util.Map.forEach(Map.java:733)
	at org.l2jmobius.gameserver.data.xml.SkillData.forEachNamedParamInfoParam(SkillData.java:381)
	at org.l2jmobius.gameserver.data.xml.SkillData.lambda$parseDocument$16(SkillData.java:299)
	at java.base/java.lang.Iterable.forEach(Iterable.java:75)
	at org.l2jmobius.gameserver.data.xml.SkillData.lambda$parseDocument$15(SkillData.java:291)
	at java.base/java.util.HashMap.forEach(HashMap.java:1430)
	at org.l2jmobius.gameserver.data.xml.SkillData.parseDocument(SkillData.java:291)
	at org.l2jmobius.commons.util.IXmlReader.parseFile(IXmlReader.java:93)
	at org.l2jmobius.commons.util.IXmlReader.parseDirectory(IXmlReader.java:198)
	at org.l2jmobius.commons.util.IXmlReader.parseDatapackDirectory(IXmlReader.java:123)
	at org.l2jmobius.gameserver.data.xml.SkillData.load(SkillData.java:139)
	at org.l2jmobius.gameserver.data.xml.SkillData.<init>(SkillData.java:124)
	at org.l2jmobius.gameserver.data.xml.SkillData$SingletonHolder.<clinit>(SkillData.java:1042)
	at org.l2jmobius.gameserver.data.xml.SkillData.getInstance(SkillData.java:1037)
	at org.l2jmobius.gameserver.data.xml.SkillTreeData.parseDocument(SkillTreeData.java:264)
	at org.l2jmobius.commons.util.IXmlReader.parseFile(IXmlReader.java:93)
	at org.l2jmobius.commons.util.IXmlReader.parseDirectory(IXmlReader.java:198)
	at org.l2jmobius.commons.util.IXmlReader.parseDirectory(IXmlReader.java:194)
	at org.l2jmobius.commons.util.IXmlReader.parseDatapackDirectory(IXmlReader.java:123)
	at org.l2jmobius.gameserver.data.xml.SkillTreeData.load(SkillTreeData.java:159)
	at org.l2jmobius.gameserver.data.xml.SkillTreeData.<init>(SkillTreeData.java:130)
	at org.l2jmobius.gameserver.data.xml.SkillTreeData$SingletonHolder.<clinit>(SkillTreeData.java:2076)
	at org.l2jmobius.gameserver.data.xml.SkillTreeData.getInstance(SkillTreeData.java:2068)
	at org.l2jmobius.gameserver.GameServer.<init>(GameServer.java:259)
	at org.l2jmobius.gameserver.GameServer.main(GameServer.java:521)

Oct 05, 2025 2:21:59 AM org.l2jmobius.gameserver.data.xml.SkillData lambda$parseDocument$17
WARNING: SkillData: Failed loading effect for Skill Id[18024] Level[4] SubLevel[0] Effect Scope[GENERAL] Effect Name[MpVampiricAttack]
java.lang.IllegalArgumentException: Double value required, but not specified
	at org.l2jmobius.gameserver.model.StatSet.getDouble(StatSet.java:630)
	at handlers.effecthandlers.MpVampiricAttack.<init>(MpVampiricAttack.java:39)
	at org.l2jmobius.gameserver.data.xml.SkillData.lambda$parseDocument$17(SkillData.java:308)
	at org.l2jmobius.gameserver.data.xml.SkillData.lambda$forEachNamedParamInfoParam$1(SkillData.java:390)
	at java.base/java.lang.Iterable.forEach(Iterable.java:75)
	at org.l2jmobius.gameserver.data.xml.SkillData.lambda$forEachNamedParamInfoParam$0(SkillData.java:381)
	at java.base/java.util.Map.forEach(Map.java:733)
	at org.l2jmobius.gameserver.data.xml.SkillData.forEachNamedParamInfoParam(SkillData.java:381)
	at org.l2jmobius.gameserver.data.xml.SkillData.lambda$parseDocument$16(SkillData.java:299)
	at java.base/java.lang.Iterable.forEach(Iterable.java:75)
	at org.l2jmobius.gameserver.data.xml.SkillData.lambda$parseDocument$15(SkillData.java:291)
	at java.base/java.util.HashMap.forEach(HashMap.java:1430)
	at org.l2jmobius.gameserver.data.xml.SkillData.parseDocument(SkillData.java:291)
	at org.l2jmobius.commons.util.IXmlReader.parseFile(IXmlReader.java:93)
	at org.l2jmobius.commons.util.IXmlReader.parseDirectory(IXmlReader.java:198)
	at org.l2jmobius.commons.util.IXmlReader.parseDatapackDirectory(IXmlReader.java:123)
	at org.l2jmobius.gameserver.data.xml.SkillData.load(SkillData.java:139)
	at org.l2jmobius.gameserver.data.xml.SkillData.<init>(SkillData.java:124)
	at org.l2jmobius.gameserver.data.xml.SkillData$SingletonHolder.<clinit>(SkillData.java:1042)
	at org.l2jmobius.gameserver.data.xml.SkillData.getInstance(SkillData.java:1037)
	at org.l2jmobius.gameserver.data.xml.SkillTreeData.parseDocument(SkillTreeData.java:264)
	at org.l2jmobius.commons.util.IXmlReader.parseFile(IXmlReader.java:93)
	at org.l2jmobius.commons.util.IXmlReader.parseDirectory(IXmlReader.java:198)
	at org.l2jmobius.commons.util.IXmlReader.parseDirectory(IXmlReader.java:194)
	at org.l2jmobius.commons.util.IXmlReader.parseDatapackDirectory(IXmlReader.java:123)
	at org.l2jmobius.gameserver.data.xml.SkillTreeData.load(SkillTreeData.java:159)
	at org.l2jmobius.gameserver.data.xml.SkillTreeData.<init>(SkillTreeData.java:130)
	at org.l2jmobius.gameserver.data.xml.SkillTreeData$SingletonHolder.<clinit>(SkillTreeData.java:2076)
	at org.l2jmobius.gameserver.data.xml.SkillTreeData.getInstance(SkillTreeData.java:2068)
	at org.l2jmobius.gameserver.GameServer.<init>(GameServer.java:259)
	at org.l2jmobius.gameserver.GameServer.main(GameServer.java:521)

Oct 05, 2025 2:21:59 AM org.l2jmobius.gameserver.data.xml.SkillData lambda$parseDocument$17
WARNING: SkillData: Failed loading effect for Skill Id[18024] Level[5] SubLevel[0] Effect Scope[GENERAL] Effect Name[VampiricAttack]
java.lang.IllegalArgumentException: Double value required, but not specified
	at org.l2jmobius.gameserver.model.StatSet.getDouble(StatSet.java:630)
	at handlers.effecthandlers.VampiricAttack.<init>(VampiricAttack.java:35)
	at org.l2jmobius.gameserver.data.xml.SkillData.lambda$parseDocument$17(SkillData.java:308)
	at org.l2jmobius.gameserver.data.xml.SkillData.lambda$forEachNamedParamInfoParam$1(SkillData.java:390)
	at java.base/java.lang.Iterable.forEach(Iterable.java:75)
	at org.l2jmobius.gameserver.data.xml.SkillData.lambda$forEachNamedParamInfoParam$0(SkillData.java:381)
	at java.base/java.util.Map.forEach(Map.java:733)
	at org.l2jmobius.gameserver.data.xml.SkillData.forEachNamedParamInfoParam(SkillData.java:381)
	at org.l2jmobius.gameserver.data.xml.SkillData.lambda$parseDocument$16(SkillData.java:299)
	at java.base/java.lang.Iterable.forEach(Iterable.java:75)
	at org.l2jmobius.gameserver.data.xml.SkillData.lambda$parseDocument$15(SkillData.java:291)
	at java.base/java.util.HashMap.forEach(HashMap.java:1430)
	at org.l2jmobius.gameserver.data.xml.SkillData.parseDocument(SkillData.java:291)
	at org.l2jmobius.commons.util.IXmlReader.parseFile(IXmlReader.java:93)
	at org.l2jmobius.commons.util.IXmlReader.parseDirectory(IXmlReader.java:198)
	at org.l2jmobius.commons.util.IXmlReader.parseDatapackDirectory(IXmlReader.java:123)
	at org.l2jmobius.gameserver.data.xml.SkillData.load(SkillData.java:139)
	at org.l2jmobius.gameserver.data.xml.SkillData.<init>(SkillData.java:124)
	at org.l2jmobius.gameserver.data.xml.SkillData$SingletonHolder.<clinit>(SkillData.java:1042)
	at org.l2jmobius.gameserver.data.xml.SkillData.getInstance(SkillData.java:1037)
	at org.l2jmobius.gameserver.data.xml.SkillTreeData.parseDocument(SkillTreeData.java:264)
	at org.l2jmobius.commons.util.IXmlReader.parseFile(IXmlReader.java:93)
	at org.l2jmobius.commons.util.IXmlReader.parseDirectory(IXmlReader.java:198)
	at org.l2jmobius.commons.util.IXmlReader.parseDirectory(IXmlReader.java:194)
	at org.l2jmobius.commons.util.IXmlReader.parseDatapackDirectory(IXmlReader.java:123)
	at org.l2jmobius.gameserver.data.xml.SkillTreeData.load(SkillTreeData.java:159)
	at org.l2jmobius.gameserver.data.xml.SkillTreeData.<init>(SkillTreeData.java:130)
	at org.l2jmobius.gameserver.data.xml.SkillTreeData$SingletonHolder.<clinit>(SkillTreeData.java:2076)
	at org.l2jmobius.gameserver.data.xml.SkillTreeData.getInstance(SkillTreeData.java:2068)
	at org.l2jmobius.gameserver.GameServer.<init>(GameServer.java:259)
	at org.l2jmobius.gameserver.GameServer.main(GameServer.java:521)

Oct 05, 2025 2:21:59 AM org.l2jmobius.gameserver.data.xml.SkillData lambda$parseDocument$17
WARNING: SkillData: Failed loading effect for Skill Id[18024] Level[5] SubLevel[0] Effect Scope[GENERAL] Effect Name[MpVampiricAttack]
java.lang.IllegalArgumentException: Double value required, but not specified
	at org.l2jmobius.gameserver.model.StatSet.getDouble(StatSet.java:630)
	at handlers.effecthandlers.MpVampiricAttack.<init>(MpVampiricAttack.java:39)
	at org.l2jmobius.gameserver.data.xml.SkillData.lambda$parseDocument$17(SkillData.java:308)
	at org.l2jmobius.gameserver.data.xml.SkillData.lambda$forEachNamedParamInfoParam$1(SkillData.java:390)
	at java.base/java.lang.Iterable.forEach(Iterable.java:75)
	at org.l2jmobius.gameserver.data.xml.SkillData.lambda$forEachNamedParamInfoParam$0(SkillData.java:381)
	at java.base/java.util.Map.forEach(Map.java:733)
	at org.l2jmobius.gameserver.data.xml.SkillData.forEachNamedParamInfoParam(SkillData.java:381)
	at org.l2jmobius.gameserver.data.xml.SkillData.lambda$parseDocument$16(SkillData.java:299)
	at java.base/java.lang.Iterable.forEach(Iterable.java:75)
	at org.l2jmobius.gameserver.data.xml.SkillData.lambda$parseDocument$15(SkillData.java:291)
	at java.base/java.util.HashMap.forEach(HashMap.java:1430)
	at org.l2jmobius.gameserver.data.xml.SkillData.parseDocument(SkillData.java:291)
	at org.l2jmobius.commons.util.IXmlReader.parseFile(IXmlReader.java:93)
	at org.l2jmobius.commons.util.IXmlReader.parseDirectory(IXmlReader.java:198)
	at org.l2jmobius.commons.util.IXmlReader.parseDatapackDirectory(IXmlReader.java:123)
	at org.l2jmobius.gameserver.data.xml.SkillData.load(SkillData.java:139)
	at org.l2jmobius.gameserver.data.xml.SkillData.<init>(SkillData.java:124)
	at org.l2jmobius.gameserver.data.xml.SkillData$SingletonHolder.<clinit>(SkillData.java:1042)
	at org.l2jmobius.gameserver.data.xml.SkillData.getInstance(SkillData.java:1037)
	at org.l2jmobius.gameserver.data.xml.SkillTreeData.parseDocument(SkillTreeData.java:264)
	at org.l2jmobius.commons.util.IXmlReader.parseFile(IXmlReader.java:93)
	at org.l2jmobius.commons.util.IXmlReader.parseDirectory(IXmlReader.java:198)
	at org.l2jmobius.commons.util.IXmlReader.parseDirectory(IXmlReader.java:194)
	at org.l2jmobius.commons.util.IXmlReader.parseDatapackDirectory(IXmlReader.java:123)
	at org.l2jmobius.gameserver.data.xml.SkillTreeData.load(SkillTreeData.java:159)
	at org.l2jmobius.gameserver.data.xml.SkillTreeData.<init>(SkillTreeData.java:130)
	at org.l2jmobius.gameserver.data.xml.SkillTreeData$SingletonHolder.<clinit>(SkillTreeData.java:2076)
	at org.l2jmobius.gameserver.data.xml.SkillTreeData.getInstance(SkillTreeData.java:2068)
	at org.l2jmobius.gameserver.GameServer.<init>(GameServer.java:259)
	at org.l2jmobius.gameserver.GameServer.main(GameServer.java:521)

Oct 05, 2025 2:21:59 AM org.l2jmobius.gameserver.data.xml.SkillData lambda$parseDocument$17
WARNING: SkillData: Failed loading effect for Skill Id[18024] Level[6] SubLevel[0] Effect Scope[GENERAL] Effect Name[VampiricAttack]
java.lang.IllegalArgumentException: Double value required, but not specified
	at org.l2jmobius.gameserver.model.StatSet.getDouble(StatSet.java:630)
	at handlers.effecthandlers.VampiricAttack.<init>(VampiricAttack.java:35)
	at org.l2jmobius.gameserver.data.xml.SkillData.lambda$parseDocument$17(SkillData.java:308)
	at org.l2jmobius.gameserver.data.xml.SkillData.lambda$forEachNamedParamInfoParam$1(SkillData.java:390)
	at java.base/java.lang.Iterable.forEach(Iterable.java:75)
	at org.l2jmobius.gameserver.data.xml.SkillData.lambda$forEachNamedParamInfoParam$0(SkillData.java:381)
	at java.base/java.util.Map.forEach(Map.java:733)
	at org.l2jmobius.gameserver.data.xml.SkillData.forEachNamedParamInfoParam(SkillData.java:381)
	at org.l2jmobius.gameserver.data.xml.SkillData.lambda$parseDocument$16(SkillData.java:299)
	at java.base/java.lang.Iterable.forEach(Iterable.java:75)
	at org.l2jmobius.gameserver.data.xml.SkillData.lambda$parseDocument$15(SkillData.java:291)
	at java.base/java.util.HashMap.forEach(HashMap.java:1430)
	at org.l2jmobius.gameserver.data.xml.SkillData.parseDocument(SkillData.java:291)
	at org.l2jmobius.commons.util.IXmlReader.parseFile(IXmlReader.java:93)
	at org.l2jmobius.commons.util.IXmlReader.parseDirectory(IXmlReader.java:198)
	at org.l2jmobius.commons.util.IXmlReader.parseDatapackDirectory(IXmlReader.java:123)
	at org.l2jmobius.gameserver.data.xml.SkillData.load(SkillData.java:139)
	at org.l2jmobius.gameserver.data.xml.SkillData.<init>(SkillData.java:124)
	at org.l2jmobius.gameserver.data.xml.SkillData$SingletonHolder.<clinit>(SkillData.java:1042)
	at org.l2jmobius.gameserver.data.xml.SkillData.getInstance(SkillData.java:1037)
	at org.l2jmobius.gameserver.data.xml.SkillTreeData.parseDocument(SkillTreeData.java:264)
	at org.l2jmobius.commons.util.IXmlReader.parseFile(IXmlReader.java:93)
	at org.l2jmobius.commons.util.IXmlReader.parseDirectory(IXmlReader.java:198)
	at org.l2jmobius.commons.util.IXmlReader.parseDirectory(IXmlReader.java:194)
	at org.l2jmobius.commons.util.IXmlReader.parseDatapackDirectory(IXmlReader.java:123)
	at org.l2jmobius.gameserver.data.xml.SkillTreeData.load(SkillTreeData.java:159)
	at org.l2jmobius.gameserver.data.xml.SkillTreeData.<init>(SkillTreeData.java:130)
	at org.l2jmobius.gameserver.data.xml.SkillTreeData$SingletonHolder.<clinit>(SkillTreeData.java:2076)
	at org.l2jmobius.gameserver.data.xml.SkillTreeData.getInstance(SkillTreeData.java:2068)
	at org.l2jmobius.gameserver.GameServer.<init>(GameServer.java:259)
	at org.l2jmobius.gameserver.GameServer.main(GameServer.java:521)

Oct 05, 2025 2:21:59 AM org.l2jmobius.gameserver.data.xml.SkillData lambda$parseDocument$17
WARNING: SkillData: Failed loading effect for Skill Id[18024] Level[6] SubLevel[0] Effect Scope[GENERAL] Effect Name[MpVampiricAttack]
java.lang.IllegalArgumentException: Double value required, but not specified
	at org.l2jmobius.gameserver.model.StatSet.getDouble(StatSet.java:630)
	at handlers.effecthandlers.MpVampiricAttack.<init>(MpVampiricAttack.java:39)
	at org.l2jmobius.gameserver.data.xml.SkillData.lambda$parseDocument$17(SkillData.java:308)
	at org.l2jmobius.gameserver.data.xml.SkillData.lambda$forEachNamedParamInfoParam$1(SkillData.java:390)
	at java.base/java.lang.Iterable.forEach(Iterable.java:75)
	at org.l2jmobius.gameserver.data.xml.SkillData.lambda$forEachNamedParamInfoParam$0(SkillData.java:381)
	at java.base/java.util.Map.forEach(Map.java:733)
	at org.l2jmobius.gameserver.data.xml.SkillData.forEachNamedParamInfoParam(SkillData.java:381)
	at org.l2jmobius.gameserver.data.xml.SkillData.lambda$parseDocument$16(SkillData.java:299)
	at java.base/java.lang.Iterable.forEach(Iterable.java:75)
	at org.l2jmobius.gameserver.data.xml.SkillData.lambda$parseDocument$15(SkillData.java:291)
	at java.base/java.util.HashMap.forEach(HashMap.java:1430)
	at org.l2jmobius.gameserver.data.xml.SkillData.parseDocument(SkillData.java:291)
	at org.l2jmobius.commons.util.IXmlReader.parseFile(IXmlReader.java:93)
	at org.l2jmobius.commons.util.IXmlReader.parseDirectory(IXmlReader.java:198)
	at org.l2jmobius.commons.util.IXmlReader.parseDatapackDirectory(IXmlReader.java:123)
	at org.l2jmobius.gameserver.data.xml.SkillData.load(SkillData.java:139)
	at org.l2jmobius.gameserver.data.xml.SkillData.<init>(SkillData.java:124)
	at org.l2jmobius.gameserver.data.xml.SkillData$SingletonHolder.<clinit>(SkillData.java:1042)
	at org.l2jmobius.gameserver.data.xml.SkillData.getInstance(SkillData.java:1037)
	at org.l2jmobius.gameserver.data.xml.SkillTreeData.parseDocument(SkillTreeData.java:264)
	at org.l2jmobius.commons.util.IXmlReader.parseFile(IXmlReader.java:93)
	at org.l2jmobius.commons.util.IXmlReader.parseDirectory(IXmlReader.java:198)
	at org.l2jmobius.commons.util.IXmlReader.parseDirectory(IXmlReader.java:194)
	at org.l2jmobius.commons.util.IXmlReader.parseDatapackDirectory(IXmlReader.java:123)
	at org.l2jmobius.gameserver.data.xml.SkillTreeData.load(SkillTreeData.java:159)
	at org.l2jmobius.gameserver.data.xml.SkillTreeData.<init>(SkillTreeData.java:130)
	at org.l2jmobius.gameserver.data.xml.SkillTreeData$SingletonHolder.<clinit>(SkillTreeData.java:2076)
	at org.l2jmobius.gameserver.data.xml.SkillTreeData.getInstance(SkillTreeData.java:2068)
	at org.l2jmobius.gameserver.GameServer.<init>(GameServer.java:259)
	at org.l2jmobius.gameserver.GameServer.main(GameServer.java:521)

Oct 05, 2025 2:21:59 AM org.l2jmobius.gameserver.data.xml.SkillData lambda$parseDocument$17
WARNING: SkillData: Failed loading effect for Skill Id[18024] Level[7] SubLevel[0] Effect Scope[GENERAL] Effect Name[VampiricAttack]
java.lang.IllegalArgumentException: Double value required, but not specified
	at org.l2jmobius.gameserver.model.StatSet.getDouble(StatSet.java:630)
	at handlers.effecthandlers.VampiricAttack.<init>(VampiricAttack.java:35)
	at org.l2jmobius.gameserver.data.xml.SkillData.lambda$parseDocument$17(SkillData.java:308)
	at org.l2jmobius.gameserver.data.xml.SkillData.lambda$forEachNamedParamInfoParam$1(SkillData.java:390)
	at java.base/java.lang.Iterable.forEach(Iterable.java:75)
	at org.l2jmobius.gameserver.data.xml.SkillData.lambda$forEachNamedParamInfoParam$0(SkillData.java:381)
	at java.base/java.util.Map.forEach(Map.java:733)
	at org.l2jmobius.gameserver.data.xml.SkillData.forEachNamedParamInfoParam(SkillData.java:381)
	at org.l2jmobius.gameserver.data.xml.SkillData.lambda$parseDocument$16(SkillData.java:299)
	at java.base/java.lang.Iterable.forEach(Iterable.java:75)
	at org.l2jmobius.gameserver.data.xml.SkillData.lambda$parseDocument$15(SkillData.java:291)
	at java.base/java.util.HashMap.forEach(HashMap.java:1430)
	at org.l2jmobius.gameserver.data.xml.SkillData.parseDocument(SkillData.java:291)
	at org.l2jmobius.commons.util.IXmlReader.parseFile(IXmlReader.java:93)
	at org.l2jmobius.commons.util.IXmlReader.parseDirectory(IXmlReader.java:198)
	at org.l2jmobius.commons.util.IXmlReader.parseDatapackDirectory(IXmlReader.java:123)
	at org.l2jmobius.gameserver.data.xml.SkillData.load(SkillData.java:139)
	at org.l2jmobius.gameserver.data.xml.SkillData.<init>(SkillData.java:124)
	at org.l2jmobius.gameserver.data.xml.SkillData$SingletonHolder.<clinit>(SkillData.java:1042)
	at org.l2jmobius.gameserver.data.xml.SkillData.getInstance(SkillData.java:1037)
	at org.l2jmobius.gameserver.data.xml.SkillTreeData.parseDocument(SkillTreeData.java:264)
	at org.l2jmobius.commons.util.IXmlReader.parseFile(IXmlReader.java:93)
	at org.l2jmobius.commons.util.IXmlReader.parseDirectory(IXmlReader.java:198)
	at org.l2jmobius.commons.util.IXmlReader.parseDirectory(IXmlReader.java:194)
	at org.l2jmobius.commons.util.IXmlReader.parseDatapackDirectory(IXmlReader.java:123)
	at org.l2jmobius.gameserver.data.xml.SkillTreeData.load(SkillTreeData.java:159)
	at org.l2jmobius.gameserver.data.xml.SkillTreeData.<init>(SkillTreeData.java:130)
	at org.l2jmobius.gameserver.data.xml.SkillTreeData$SingletonHolder.<clinit>(SkillTreeData.java:2076)
	at org.l2jmobius.gameserver.data.xml.SkillTreeData.getInstance(SkillTreeData.java:2068)
	at org.l2jmobius.gameserver.GameServer.<init>(GameServer.java:259)
	at org.l2jmobius.gameserver.GameServer.main(GameServer.java:521)

Oct 05, 2025 2:21:59 AM org.l2jmobius.gameserver.data.xml.SkillData lambda$parseDocument$17
WARNING: SkillData: Failed loading effect for Skill Id[18024] Level[7] SubLevel[0] Effect Scope[GENERAL] Effect Name[MpVampiricAttack]
java.lang.IllegalArgumentException: Double value required, but not specified
	at org.l2jmobius.gameserver.model.StatSet.getDouble(StatSet.java:630)
	at handlers.effecthandlers.MpVampiricAttack.<init>(MpVampiricAttack.java:39)
	at org.l2jmobius.gameserver.data.xml.SkillData.lambda$parseDocument$17(SkillData.java:308)
	at org.l2jmobius.gameserver.data.xml.SkillData.lambda$forEachNamedParamInfoParam$1(SkillData.java:390)
	at java.base/java.lang.Iterable.forEach(Iterable.java:75)
	at org.l2jmobius.gameserver.data.xml.SkillData.lambda$forEachNamedParamInfoParam$0(SkillData.java:381)
	at java.base/java.util.Map.forEach(Map.java:733)
	at org.l2jmobius.gameserver.data.xml.SkillData.forEachNamedParamInfoParam(SkillData.java:381)
	at org.l2jmobius.gameserver.data.xml.SkillData.lambda$parseDocument$16(SkillData.java:299)
	at java.base/java.lang.Iterable.forEach(Iterable.java:75)
	at org.l2jmobius.gameserver.data.xml.SkillData.lambda$parseDocument$15(SkillData.java:291)
	at java.base/java.util.HashMap.forEach(HashMap.java:1430)
	at org.l2jmobius.gameserver.data.xml.SkillData.parseDocument(SkillData.java:291)
	at org.l2jmobius.commons.util.IXmlReader.parseFile(IXmlReader.java:93)
	at org.l2jmobius.commons.util.IXmlReader.parseDirectory(IXmlReader.java:198)
	at org.l2jmobius.commons.util.IXmlReader.parseDatapackDirectory(IXmlReader.java:123)
	at org.l2jmobius.gameserver.data.xml.SkillData.load(SkillData.java:139)
	at org.l2jmobius.gameserver.data.xml.SkillData.<init>(SkillData.java:124)
	at org.l2jmobius.gameserver.data.xml.SkillData$SingletonHolder.<clinit>(SkillData.java:1042)
	at org.l2jmobius.gameserver.data.xml.SkillData.getInstance(SkillData.java:1037)
	at org.l2jmobius.gameserver.data.xml.SkillTreeData.parseDocument(SkillTreeData.java:264)
	at org.l2jmobius.commons.util.IXmlReader.parseFile(IXmlReader.java:93)
	at org.l2jmobius.commons.util.IXmlReader.parseDirectory(IXmlReader.java:198)
	at org.l2jmobius.commons.util.IXmlReader.parseDirectory(IXmlReader.java:194)
	at org.l2jmobius.commons.util.IXmlReader.parseDatapackDirectory(IXmlReader.java:123)
	at org.l2jmobius.gameserver.data.xml.SkillTreeData.load(SkillTreeData.java:159)
	at org.l2jmobius.gameserver.data.xml.SkillTreeData.<init>(SkillTreeData.java:130)
	at org.l2jmobius.gameserver.data.xml.SkillTreeData$SingletonHolder.<clinit>(SkillTreeData.java:2076)
	at org.l2jmobius.gameserver.data.xml.SkillTreeData.getInstance(SkillTreeData.java:2068)
	at org.l2jmobius.gameserver.GameServer.<init>(GameServer.java:259)
	at org.l2jmobius.gameserver.GameServer.main(GameServer.java:521)

Oct 05, 2025 2:21:59 AM org.l2jmobius.gameserver.data.xml.SkillData lambda$parseDocument$17
WARNING: SkillData: Failed loading effect for Skill Id[18024] Level[8] SubLevel[0] Effect Scope[GENERAL] Effect Name[VampiricAttack]
java.lang.IllegalArgumentException: Double value required, but not specified
	at org.l2jmobius.gameserver.model.StatSet.getDouble(StatSet.java:630)
	at handlers.effecthandlers.VampiricAttack.<init>(VampiricAttack.java:35)
	at org.l2jmobius.gameserver.data.xml.SkillData.lambda$parseDocument$17(SkillData.java:308)
	at org.l2jmobius.gameserver.data.xml.SkillData.lambda$forEachNamedParamInfoParam$1(SkillData.java:390)
	at java.base/java.lang.Iterable.forEach(Iterable.java:75)
	at org.l2jmobius.gameserver.data.xml.SkillData.lambda$forEachNamedParamInfoParam$0(SkillData.java:381)
	at java.base/java.util.Map.forEach(Map.java:733)
	at org.l2jmobius.gameserver.data.xml.SkillData.forEachNamedParamInfoParam(SkillData.java:381)
	at org.l2jmobius.gameserver.data.xml.SkillData.lambda$parseDocument$16(SkillData.java:299)
	at java.base/java.lang.Iterable.forEach(Iterable.java:75)
	at org.l2jmobius.gameserver.data.xml.SkillData.lambda$parseDocument$15(SkillData.java:291)
	at java.base/java.util.HashMap.forEach(HashMap.java:1430)
	at org.l2jmobius.gameserver.data.xml.SkillData.parseDocument(SkillData.java:291)
	at org.l2jmobius.commons.util.IXmlReader.parseFile(IXmlReader.java:93)
	at org.l2jmobius.commons.util.IXmlReader.parseDirectory(IXmlReader.java:198)
	at org.l2jmobius.commons.util.IXmlReader.parseDatapackDirectory(IXmlReader.java:123)
	at org.l2jmobius.gameserver.data.xml.SkillData.load(SkillData.java:139)
	at org.l2jmobius.gameserver.data.xml.SkillData.<init>(SkillData.java:124)
	at org.l2jmobius.gameserver.data.xml.SkillData$SingletonHolder.<clinit>(SkillData.java:1042)
	at org.l2jmobius.gameserver.data.xml.SkillData.getInstance(SkillData.java:1037)
	at org.l2jmobius.gameserver.data.xml.SkillTreeData.parseDocument(SkillTreeData.java:264)
	at org.l2jmobius.commons.util.IXmlReader.parseFile(IXmlReader.java:93)
	at org.l2jmobius.commons.util.IXmlReader.parseDirectory(IXmlReader.java:198)
	at org.l2jmobius.commons.util.IXmlReader.parseDirectory(IXmlReader.java:194)
	at org.l2jmobius.commons.util.IXmlReader.parseDatapackDirectory(IXmlReader.java:123)
	at org.l2jmobius.gameserver.data.xml.SkillTreeData.load(SkillTreeData.java:159)
	at org.l2jmobius.gameserver.data.xml.SkillTreeData.<init>(SkillTreeData.java:130)
	at org.l2jmobius.gameserver.data.xml.SkillTreeData$SingletonHolder.<clinit>(SkillTreeData.java:2076)
	at org.l2jmobius.gameserver.data.xml.SkillTreeData.getInstance(SkillTreeData.java:2068)
	at org.l2jmobius.gameserver.GameServer.<init>(GameServer.java:259)
	at org.l2jmobius.gameserver.GameServer.main(GameServer.java:521)

Oct 05, 2025 2:21:59 AM org.l2jmobius.gameserver.data.xml.SkillData lambda$parseDocument$17
WARNING: SkillData: Failed loading effect for Skill Id[18024] Level[8] SubLevel[0] Effect Scope[GENERAL] Effect Name[MpVampiricAttack]
java.lang.IllegalArgumentException: Double value required, but not specified
	at org.l2jmobius.gameserver.model.StatSet.getDouble(StatSet.java:630)
	at handlers.effecthandlers.MpVampiricAttack.<init>(MpVampiricAttack.java:39)
	at org.l2jmobius.gameserver.data.xml.SkillData.lambda$parseDocument$17(SkillData.java:308)
	at org.l2jmobius.gameserver.data.xml.SkillData.lambda$forEachNamedParamInfoParam$1(SkillData.java:390)
	at java.base/java.lang.Iterable.forEach(Iterable.java:75)
	at org.l2jmobius.gameserver.data.xml.SkillData.lambda$forEachNamedParamInfoParam$0(SkillData.java:381)
	at java.base/java.util.Map.forEach(Map.java:733)
	at org.l2jmobius.gameserver.data.xml.SkillData.forEachNamedParamInfoParam(SkillData.java:381)
	at org.l2jmobius.gameserver.data.xml.SkillData.lambda$parseDocument$16(SkillData.java:299)
	at java.base/java.lang.Iterable.forEach(Iterable.java:75)
	at org.l2jmobius.gameserver.data.xml.SkillData.lambda$parseDocument$15(SkillData.java:291)
	at java.base/java.util.HashMap.forEach(HashMap.java:1430)
	at org.l2jmobius.gameserver.data.xml.SkillData.parseDocument(SkillData.java:291)
	at org.l2jmobius.commons.util.IXmlReader.parseFile(IXmlReader.java:93)
	at org.l2jmobius.commons.util.IXmlReader.parseDirectory(IXmlReader.java:198)
	at org.l2jmobius.commons.util.IXmlReader.parseDatapackDirectory(IXmlReader.java:123)
	at org.l2jmobius.gameserver.data.xml.SkillData.load(SkillData.java:139)
	at org.l2jmobius.gameserver.data.xml.SkillData.<init>(SkillData.java:124)
	at org.l2jmobius.gameserver.data.xml.SkillData$SingletonHolder.<clinit>(SkillData.java:1042)
	at org.l2jmobius.gameserver.data.xml.SkillData.getInstance(SkillData.java:1037)
	at org.l2jmobius.gameserver.data.xml.SkillTreeData.parseDocument(SkillTreeData.java:264)
	at org.l2jmobius.commons.util.IXmlReader.parseFile(IXmlReader.java:93)
	at org.l2jmobius.commons.util.IXmlReader.parseDirectory(IXmlReader.java:198)
	at org.l2jmobius.commons.util.IXmlReader.parseDirectory(IXmlReader.java:194)
	at org.l2jmobius.commons.util.IXmlReader.parseDatapackDirectory(IXmlReader.java:123)
	at org.l2jmobius.gameserver.data.xml.SkillTreeData.load(SkillTreeData.java:159)
	at org.l2jmobius.gameserver.data.xml.SkillTreeData.<init>(SkillTreeData.java:130)
	at org.l2jmobius.gameserver.data.xml.SkillTreeData$SingletonHolder.<clinit>(SkillTreeData.java:2076)
	at org.l2jmobius.gameserver.data.xml.SkillTreeData.getInstance(SkillTreeData.java:2068)
	at org.l2jmobius.gameserver.GameServer.<init>(GameServer.java:259)
	at org.l2jmobius.gameserver.GameServer.main(GameServer.java:521)

Oct 05, 2025 2:21:59 AM org.l2jmobius.gameserver.data.xml.SkillData lambda$parseDocument$17
WARNING: SkillData: Failed loading effect for Skill Id[18024] Level[9] SubLevel[0] Effect Scope[GENERAL] Effect Name[VampiricAttack]
java.lang.IllegalArgumentException: Double value required, but not specified
	at org.l2jmobius.gameserver.model.StatSet.getDouble(StatSet.java:630)
	at handlers.effecthandlers.VampiricAttack.<init>(VampiricAttack.java:35)
	at org.l2jmobius.gameserver.data.xml.SkillData.lambda$parseDocument$17(SkillData.java:308)
	at org.l2jmobius.gameserver.data.xml.SkillData.lambda$forEachNamedParamInfoParam$1(SkillData.java:390)
	at java.base/java.lang.Iterable.forEach(Iterable.java:75)
	at org.l2jmobius.gameserver.data.xml.SkillData.lambda$forEachNamedParamInfoParam$0(SkillData.java:381)
	at java.base/java.util.Map.forEach(Map.java:733)
	at org.l2jmobius.gameserver.data.xml.SkillData.forEachNamedParamInfoParam(SkillData.java:381)
	at org.l2jmobius.gameserver.data.xml.SkillData.lambda$parseDocument$16(SkillData.java:299)
	at java.base/java.lang.Iterable.forEach(Iterable.java:75)
	at org.l2jmobius.gameserver.data.xml.SkillData.lambda$parseDocument$15(SkillData.java:291)
	at java.base/java.util.HashMap.forEach(HashMap.java:1430)
	at org.l2jmobius.gameserver.data.xml.SkillData.parseDocument(SkillData.java:291)
	at org.l2jmobius.commons.util.IXmlReader.parseFile(IXmlReader.java:93)
	at org.l2jmobius.commons.util.IXmlReader.parseDirectory(IXmlReader.java:198)
	at org.l2jmobius.commons.util.IXmlReader.parseDatapackDirectory(IXmlReader.java:123)
	at org.l2jmobius.gameserver.data.xml.SkillData.load(SkillData.java:139)
	at org.l2jmobius.gameserver.data.xml.SkillData.<init>(SkillData.java:124)
	at org.l2jmobius.gameserver.data.xml.SkillData$SingletonHolder.<clinit>(SkillData.java:1042)
	at org.l2jmobius.gameserver.data.xml.SkillData.getInstance(SkillData.java:1037)
	at org.l2jmobius.gameserver.data.xml.SkillTreeData.parseDocument(SkillTreeData.java:264)
	at org.l2jmobius.commons.util.IXmlReader.parseFile(IXmlReader.java:93)
	at org.l2jmobius.commons.util.IXmlReader.parseDirectory(IXmlReader.java:198)
	at org.l2jmobius.commons.util.IXmlReader.parseDirectory(IXmlReader.java:194)
	at org.l2jmobius.commons.util.IXmlReader.parseDatapackDirectory(IXmlReader.java:123)
	at org.l2jmobius.gameserver.data.xml.SkillTreeData.load(SkillTreeData.java:159)
	at org.l2jmobius.gameserver.data.xml.SkillTreeData.<init>(SkillTreeData.java:130)
	at org.l2jmobius.gameserver.data.xml.SkillTreeData$SingletonHolder.<clinit>(SkillTreeData.java:2076)
	at org.l2jmobius.gameserver.data.xml.SkillTreeData.getInstance(SkillTreeData.java:2068)
	at org.l2jmobius.gameserver.GameServer.<init>(GameServer.java:259)
	at org.l2jmobius.gameserver.GameServer.main(GameServer.java:521)

Oct 05, 2025 2:21:59 AM org.l2jmobius.gameserver.data.xml.SkillData lambda$parseDocument$17
WARNING: SkillData: Failed loading effect for Skill Id[18024] Level[9] SubLevel[0] Effect Scope[GENERAL] Effect Name[MpVampiricAttack]
java.lang.IllegalArgumentException: Double value required, but not specified
	at org.l2jmobius.gameserver.model.StatSet.getDouble(StatSet.java:630)
	at handlers.effecthandlers.MpVampiricAttack.<init>(MpVampiricAttack.java:39)
	at org.l2jmobius.gameserver.data.xml.SkillData.lambda$parseDocument$17(SkillData.java:308)
	at org.l2jmobius.gameserver.data.xml.SkillData.lambda$forEachNamedParamInfoParam$1(SkillData.java:390)
	at java.base/java.lang.Iterable.forEach(Iterable.java:75)
	at org.l2jmobius.gameserver.data.xml.SkillData.lambda$forEachNamedParamInfoParam$0(SkillData.java:381)
	at java.base/java.util.Map.forEach(Map.java:733)
	at org.l2jmobius.gameserver.data.xml.SkillData.forEachNamedParamInfoParam(SkillData.java:381)
	at org.l2jmobius.gameserver.data.xml.SkillData.lambda$parseDocument$16(SkillData.java:299)
	at java.base/java.lang.Iterable.forEach(Iterable.java:75)
	at org.l2jmobius.gameserver.data.xml.SkillData.lambda$parseDocument$15(SkillData.java:291)
	at java.base/java.util.HashMap.forEach(HashMap.java:1430)
	at org.l2jmobius.gameserver.data.xml.SkillData.parseDocument(SkillData.java:291)
	at org.l2jmobius.commons.util.IXmlReader.parseFile(IXmlReader.java:93)
	at org.l2jmobius.commons.util.IXmlReader.parseDirectory(IXmlReader.java:198)
	at org.l2jmobius.commons.util.IXmlReader.parseDatapackDirectory(IXmlReader.java:123)
	at org.l2jmobius.gameserver.data.xml.SkillData.load(SkillData.java:139)
	at org.l2jmobius.gameserver.data.xml.SkillData.<init>(SkillData.java:124)
	at org.l2jmobius.gameserver.data.xml.SkillData$SingletonHolder.<clinit>(SkillData.java:1042)
	at org.l2jmobius.gameserver.data.xml.SkillData.getInstance(SkillData.java:1037)
	at org.l2jmobius.gameserver.data.xml.SkillTreeData.parseDocument(SkillTreeData.java:264)
	at org.l2jmobius.commons.util.IXmlReader.parseFile(IXmlReader.java:93)
	at org.l2jmobius.commons.util.IXmlReader.parseDirectory(IXmlReader.java:198)
	at org.l2jmobius.commons.util.IXmlReader.parseDirectory(IXmlReader.java:194)
	at org.l2jmobius.commons.util.IXmlReader.parseDatapackDirectory(IXmlReader.java:123)
	at org.l2jmobius.gameserver.data.xml.SkillTreeData.load(SkillTreeData.java:159)
	at org.l2jmobius.gameserver.data.xml.SkillTreeData.<init>(SkillTreeData.java:130)
	at org.l2jmobius.gameserver.data.xml.SkillTreeData$SingletonHolder.<clinit>(SkillTreeData.java:2076)
	at org.l2jmobius.gameserver.data.xml.SkillTreeData.getInstance(SkillTreeData.java:2068)
	at org.l2jmobius.gameserver.GameServer.<init>(GameServer.java:259)
	at org.l2jmobius.gameserver.GameServer.main(GameServer.java:521)

Oct 05, 2025 2:21:59 AM org.l2jmobius.gameserver.data.xml.SkillData lambda$parseDocument$17
WARNING: SkillData: Failed loading effect for Skill Id[18024] Level[10] SubLevel[0] Effect Scope[GENERAL] Effect Name[VampiricAttack]
java.lang.IllegalArgumentException: Double value required, but not specified
	at org.l2jmobius.gameserver.model.StatSet.getDouble(StatSet.java:630)
	at handlers.effecthandlers.VampiricAttack.<init>(VampiricAttack.java:35)
	at org.l2jmobius.gameserver.data.xml.SkillData.lambda$parseDocument$17(SkillData.java:308)
	at org.l2jmobius.gameserver.data.xml.SkillData.lambda$forEachNamedParamInfoParam$1(SkillData.java:390)
	at java.base/java.lang.Iterable.forEach(Iterable.java:75)
	at org.l2jmobius.gameserver.data.xml.SkillData.lambda$forEachNamedParamInfoParam$0(SkillData.java:381)
	at java.base/java.util.Map.forEach(Map.java:733)
	at org.l2jmobius.gameserver.data.xml.SkillData.forEachNamedParamInfoParam(SkillData.java:381)
	at org.l2jmobius.gameserver.data.xml.SkillData.lambda$parseDocument$16(SkillData.java:299)
	at java.base/java.lang.Iterable.forEach(Iterable.java:75)
	at org.l2jmobius.gameserver.data.xml.SkillData.lambda$parseDocument$15(SkillData.java:291)
	at java.base/java.util.HashMap.forEach(HashMap.java:1430)
	at org.l2jmobius.gameserver.data.xml.SkillData.parseDocument(SkillData.java:291)
	at org.l2jmobius.commons.util.IXmlReader.parseFile(IXmlReader.java:93)
	at org.l2jmobius.commons.util.IXmlReader.parseDirectory(IXmlReader.java:198)
	at org.l2jmobius.commons.util.IXmlReader.parseDatapackDirectory(IXmlReader.java:123)
	at org.l2jmobius.gameserver.data.xml.SkillData.load(SkillData.java:139)
	at org.l2jmobius.gameserver.data.xml.SkillData.<init>(SkillData.java:124)
	at org.l2jmobius.gameserver.data.xml.SkillData$SingletonHolder.<clinit>(SkillData.java:1042)
	at org.l2jmobius.gameserver.data.xml.SkillData.getInstance(SkillData.java:1037)
	at org.l2jmobius.gameserver.data.xml.SkillTreeData.parseDocument(SkillTreeData.java:264)
	at org.l2jmobius.commons.util.IXmlReader.parseFile(IXmlReader.java:93)
	at org.l2jmobius.commons.util.IXmlReader.parseDirectory(IXmlReader.java:198)
	at org.l2jmobius.commons.util.IXmlReader.parseDirectory(IXmlReader.java:194)
	at org.l2jmobius.commons.util.IXmlReader.parseDatapackDirectory(IXmlReader.java:123)
	at org.l2jmobius.gameserver.data.xml.SkillTreeData.load(SkillTreeData.java:159)
	at org.l2jmobius.gameserver.data.xml.SkillTreeData.<init>(SkillTreeData.java:130)
	at org.l2jmobius.gameserver.data.xml.SkillTreeData$SingletonHolder.<clinit>(SkillTreeData.java:2076)
	at org.l2jmobius.gameserver.data.xml.SkillTreeData.getInstance(SkillTreeData.java:2068)
	at org.l2jmobius.gameserver.GameServer.<init>(GameServer.java:259)
	at org.l2jmobius.gameserver.GameServer.main(GameServer.java:521)

Oct 05, 2025 2:21:59 AM org.l2jmobius.gameserver.data.xml.SkillData lambda$parseDocument$17
WARNING: SkillData: Failed loading effect for Skill Id[18024] Level[10] SubLevel[0] Effect Scope[GENERAL] Effect Name[MpVampiricAttack]
java.lang.IllegalArgumentException: Double value required, but not specified
	at org.l2jmobius.gameserver.model.StatSet.getDouble(StatSet.java:630)
	at handlers.effecthandlers.MpVampiricAttack.<init>(MpVampiricAttack.java:39)
	at org.l2jmobius.gameserver.data.xml.SkillData.lambda$parseDocument$17(SkillData.java:308)
	at org.l2jmobius.gameserver.data.xml.SkillData.lambda$forEachNamedParamInfoParam$1(SkillData.java:390)
	at java.base/java.lang.Iterable.forEach(Iterable.java:75)
	at org.l2jmobius.gameserver.data.xml.SkillData.lambda$forEachNamedParamInfoParam$0(SkillData.java:381)
	at java.base/java.util.Map.forEach(Map.java:733)
	at org.l2jmobius.gameserver.data.xml.SkillData.forEachNamedParamInfoParam(SkillData.java:381)
	at org.l2jmobius.gameserver.data.xml.SkillData.lambda$parseDocument$16(SkillData.java:299)
	at java.base/java.lang.Iterable.forEach(Iterable.java:75)
	at org.l2jmobius.gameserver.data.xml.SkillData.lambda$parseDocument$15(SkillData.java:291)
	at java.base/java.util.HashMap.forEach(HashMap.java:1430)
	at org.l2jmobius.gameserver.data.xml.SkillData.parseDocument(SkillData.java:291)
	at org.l2jmobius.commons.util.IXmlReader.parseFile(IXmlReader.java:93)
	at org.l2jmobius.commons.util.IXmlReader.parseDirectory(IXmlReader.java:198)
	at org.l2jmobius.commons.util.IXmlReader.parseDatapackDirectory(IXmlReader.java:123)
	at org.l2jmobius.gameserver.data.xml.SkillData.load(SkillData.java:139)
	at org.l2jmobius.gameserver.data.xml.SkillData.<init>(SkillData.java:124)
	at org.l2jmobius.gameserver.data.xml.SkillData$SingletonHolder.<clinit>(SkillData.java:1042)
	at org.l2jmobius.gameserver.data.xml.SkillData.getInstance(SkillData.java:1037)
	at org.l2jmobius.gameserver.data.xml.SkillTreeData.parseDocument(SkillTreeData.java:264)
	at org.l2jmobius.commons.util.IXmlReader.parseFile(IXmlReader.java:93)
	at org.l2jmobius.commons.util.IXmlReader.parseDirectory(IXmlReader.java:198)
	at org.l2jmobius.commons.util.IXmlReader.parseDirectory(IXmlReader.java:194)
	at org.l2jmobius.commons.util.IXmlReader.parseDatapackDirectory(IXmlReader.java:123)
	at org.l2jmobius.gameserver.data.xml.SkillTreeData.load(SkillTreeData.java:159)
	at org.l2jmobius.gameserver.data.xml.SkillTreeData.<init>(SkillTreeData.java:130)
	at org.l2jmobius.gameserver.data.xml.SkillTreeData$SingletonHolder.<clinit>(SkillTreeData.java:2076)
	at org.l2jmobius.gameserver.data.xml.SkillTreeData.getInstance(SkillTreeData.java:2068)
	at org.l2jmobius.gameserver.GameServer.<init>(GameServer.java:259)
	at org.l2jmobius.gameserver.GameServer.main(GameServer.java:521)

Oct 05, 2025 2:21:59 AM org.l2jmobius.gameserver.data.xml.SkillData lambda$parseDocument$17
WARNING: SkillData: Failed loading effect for Skill Id[18024] Level[11] SubLevel[0] Effect Scope[GENERAL] Effect Name[VampiricAttack]
java.lang.IllegalArgumentException: Double value required, but not specified
	at org.l2jmobius.gameserver.model.StatSet.getDouble(StatSet.java:630)
	at handlers.effecthandlers.VampiricAttack.<init>(VampiricAttack.java:35)
	at org.l2jmobius.gameserver.data.xml.SkillData.lambda$parseDocument$17(SkillData.java:308)
	at org.l2jmobius.gameserver.data.xml.SkillData.lambda$forEachNamedParamInfoParam$1(SkillData.java:390)
	at java.base/java.lang.Iterable.forEach(Iterable.java:75)
	at org.l2jmobius.gameserver.data.xml.SkillData.lambda$forEachNamedParamInfoParam$0(SkillData.java:381)
	at java.base/java.util.Map.forEach(Map.java:733)
	at org.l2jmobius.gameserver.data.xml.SkillData.forEachNamedParamInfoParam(SkillData.java:381)
	at org.l2jmobius.gameserver.data.xml.SkillData.lambda$parseDocument$16(SkillData.java:299)
	at java.base/java.lang.Iterable.forEach(Iterable.java:75)
	at org.l2jmobius.gameserver.data.xml.SkillData.lambda$parseDocument$15(SkillData.java:291)
	at java.base/java.util.HashMap.forEach(HashMap.java:1430)
	at org.l2jmobius.gameserver.data.xml.SkillData.parseDocument(SkillData.java:291)
	at org.l2jmobius.commons.util.IXmlReader.parseFile(IXmlReader.java:93)
	at org.l2jmobius.commons.util.IXmlReader.parseDirectory(IXmlReader.java:198)
	at org.l2jmobius.commons.util.IXmlReader.parseDatapackDirectory(IXmlReader.java:123)
	at org.l2jmobius.gameserver.data.xml.SkillData.load(SkillData.java:139)
	at org.l2jmobius.gameserver.data.xml.SkillData.<init>(SkillData.java:124)
	at org.l2jmobius.gameserver.data.xml.SkillData$SingletonHolder.<clinit>(SkillData.java:1042)
	at org.l2jmobius.gameserver.data.xml.SkillData.getInstance(SkillData.java:1037)
	at org.l2jmobius.gameserver.data.xml.SkillTreeData.parseDocument(SkillTreeData.java:264)
	at org.l2jmobius.commons.util.IXmlReader.parseFile(IXmlReader.java:93)
	at org.l2jmobius.commons.util.IXmlReader.parseDirectory(IXmlReader.java:198)
	at org.l2jmobius.commons.util.IXmlReader.parseDirectory(IXmlReader.java:194)
	at org.l2jmobius.commons.util.IXmlReader.parseDatapackDirectory(IXmlReader.java:123)
	at org.l2jmobius.gameserver.data.xml.SkillTreeData.load(SkillTreeData.java:159)
	at org.l2jmobius.gameserver.data.xml.SkillTreeData.<init>(SkillTreeData.java:130)
	at org.l2jmobius.gameserver.data.xml.SkillTreeData$SingletonHolder.<clinit>(SkillTreeData.java:2076)
	at org.l2jmobius.gameserver.data.xml.SkillTreeData.getInstance(SkillTreeData.java:2068)
	at org.l2jmobius.gameserver.GameServer.<init>(GameServer.java:259)
	at org.l2jmobius.gameserver.GameServer.main(GameServer.java:521)

Oct 05, 2025 2:21:59 AM org.l2jmobius.gameserver.data.xml.SkillData lambda$parseDocument$17
WARNING: SkillData: Failed loading effect for Skill Id[18024] Level[11] SubLevel[0] Effect Scope[GENERAL] Effect Name[MpVampiricAttack]
java.lang.IllegalArgumentException: Double value required, but not specified
	at org.l2jmobius.gameserver.model.StatSet.getDouble(StatSet.java:630)
	at handlers.effecthandlers.MpVampiricAttack.<init>(MpVampiricAttack.java:39)
	at org.l2jmobius.gameserver.data.xml.SkillData.lambda$parseDocument$17(SkillData.java:308)
	at org.l2jmobius.gameserver.data.xml.SkillData.lambda$forEachNamedParamInfoParam$1(SkillData.java:390)
	at java.base/java.lang.Iterable.forEach(Iterable.java:75)
	at org.l2jmobius.gameserver.data.xml.SkillData.lambda$forEachNamedParamInfoParam$0(SkillData.java:381)
	at java.base/java.util.Map.forEach(Map.java:733)
	at org.l2jmobius.gameserver.data.xml.SkillData.forEachNamedParamInfoParam(SkillData.java:381)
	at org.l2jmobius.gameserver.data.xml.SkillData.lambda$parseDocument$16(SkillData.java:299)
	at java.base/java.lang.Iterable.forEach(Iterable.java:75)
	at org.l2jmobius.gameserver.data.xml.SkillData.lambda$parseDocument$15(SkillData.java:291)
	at java.base/java.util.HashMap.forEach(HashMap.java:1430)
	at org.l2jmobius.gameserver.data.xml.SkillData.parseDocument(SkillData.java:291)
	at org.l2jmobius.commons.util.IXmlReader.parseFile(IXmlReader.java:93)
	at org.l2jmobius.commons.util.IXmlReader.parseDirectory(IXmlReader.java:198)
	at org.l2jmobius.commons.util.IXmlReader.parseDatapackDirectory(IXmlReader.java:123)
	at org.l2jmobius.gameserver.data.xml.SkillData.load(SkillData.java:139)
	at org.l2jmobius.gameserver.data.xml.SkillData.<init>(SkillData.java:124)
	at org.l2jmobius.gameserver.data.xml.SkillData$SingletonHolder.<clinit>(SkillData.java:1042)
	at org.l2jmobius.gameserver.data.xml.SkillData.getInstance(SkillData.java:1037)
	at org.l2jmobius.gameserver.data.xml.SkillTreeData.parseDocument(SkillTreeData.java:264)
	at org.l2jmobius.commons.util.IXmlReader.parseFile(IXmlReader.java:93)
	at org.l2jmobius.commons.util.IXmlReader.parseDirectory(IXmlReader.java:198)
	at org.l2jmobius.commons.util.IXmlReader.parseDirectory(IXmlReader.java:194)
	at org.l2jmobius.commons.util.IXmlReader.parseDatapackDirectory(IXmlReader.java:123)
	at org.l2jmobius.gameserver.data.xml.SkillTreeData.load(SkillTreeData.java:159)
	at org.l2jmobius.gameserver.data.xml.SkillTreeData.<init>(SkillTreeData.java:130)
	at org.l2jmobius.gameserver.data.xml.SkillTreeData$SingletonHolder.<clinit>(SkillTreeData.java:2076)
	at org.l2jmobius.gameserver.data.xml.SkillTreeData.getInstance(SkillTreeData.java:2068)
	at org.l2jmobius.gameserver.GameServer.<init>(GameServer.java:259)
	at org.l2jmobius.gameserver.GameServer.main(GameServer.java:521)

Oct 05, 2025 2:21:59 AM org.l2jmobius.gameserver.data.xml.SkillData lambda$parseDocument$17
WARNING: SkillData: Failed loading effect for Skill Id[18024] Level[25] SubLevel[0] Effect Scope[GENERAL] Effect Name[VampiricAttack]
java.lang.IllegalArgumentException: Double value required, but not specified
	at org.l2jmobius.gameserver.model.StatSet.getDouble(StatSet.java:630)
	at handlers.effecthandlers.VampiricAttack.<init>(VampiricAttack.java:35)
	at org.l2jmobius.gameserver.data.xml.SkillData.lambda$parseDocument$17(SkillData.java:308)
	at org.l2jmobius.gameserver.data.xml.SkillData.lambda$forEachNamedParamInfoParam$1(SkillData.java:390)
	at java.base/java.lang.Iterable.forEach(Iterable.java:75)
	at org.l2jmobius.gameserver.data.xml.SkillData.lambda$forEachNamedParamInfoParam$0(SkillData.java:381)
	at java.base/java.util.Map.forEach(Map.java:733)
	at org.l2jmobius.gameserver.data.xml.SkillData.forEachNamedParamInfoParam(SkillData.java:381)
	at org.l2jmobius.gameserver.data.xml.SkillData.lambda$parseDocument$16(SkillData.java:299)
	at java.base/java.lang.Iterable.forEach(Iterable.java:75)
	at org.l2jmobius.gameserver.data.xml.SkillData.lambda$parseDocument$15(SkillData.java:291)
	at java.base/java.util.HashMap.forEach(HashMap.java:1430)
	at org.l2jmobius.gameserver.data.xml.SkillData.parseDocument(SkillData.java:291)
	at org.l2jmobius.commons.util.IXmlReader.parseFile(IXmlReader.java:93)
	at org.l2jmobius.commons.util.IXmlReader.parseDirectory(IXmlReader.java:198)
	at org.l2jmobius.commons.util.IXmlReader.parseDatapackDirectory(IXmlReader.java:123)
	at org.l2jmobius.gameserver.data.xml.SkillData.load(SkillData.java:139)
	at org.l2jmobius.gameserver.data.xml.SkillData.<init>(SkillData.java:124)
	at org.l2jmobius.gameserver.data.xml.SkillData$SingletonHolder.<clinit>(SkillData.java:1042)
	at org.l2jmobius.gameserver.data.xml.SkillData.getInstance(SkillData.java:1037)
	at org.l2jmobius.gameserver.data.xml.SkillTreeData.parseDocument(SkillTreeData.java:264)
	at org.l2jmobius.commons.util.IXmlReader.parseFile(IXmlReader.java:93)
	at org.l2jmobius.commons.util.IXmlReader.parseDirectory(IXmlReader.java:198)
	at org.l2jmobius.commons.util.IXmlReader.parseDirectory(IXmlReader.java:194)
	at org.l2jmobius.commons.util.IXmlReader.parseDatapackDirectory(IXmlReader.java:123)
	at org.l2jmobius.gameserver.data.xml.SkillTreeData.load(SkillTreeData.java:159)
	at org.l2jmobius.gameserver.data.xml.SkillTreeData.<init>(SkillTreeData.java:130)
	at org.l2jmobius.gameserver.data.xml.SkillTreeData$SingletonHolder.<clinit>(SkillTreeData.java:2076)
	at org.l2jmobius.gameserver.data.xml.SkillTreeData.getInstance(SkillTreeData.java:2068)
	at org.l2jmobius.gameserver.GameServer.<init>(GameServer.java:259)
	at org.l2jmobius.gameserver.GameServer.main(GameServer.java:521)

Oct 05, 2025 2:21:59 AM org.l2jmobius.gameserver.data.xml.SkillData lambda$parseDocument$17
WARNING: SkillData: Failed loading effect for Skill Id[18024] Level[25] SubLevel[0] Effect Scope[GENERAL] Effect Name[MpVampiricAttack]
java.lang.IllegalArgumentException: Double value required, but not specified
	at org.l2jmobius.gameserver.model.StatSet.getDouble(StatSet.java:630)
	at handlers.effecthandlers.MpVampiricAttack.<init>(MpVampiricAttack.java:39)
	at org.l2jmobius.gameserver.data.xml.SkillData.lambda$parseDocument$17(SkillData.java:308)
	at org.l2jmobius.gameserver.data.xml.SkillData.lambda$forEachNamedParamInfoParam$1(SkillData.java:390)
	at java.base/java.lang.Iterable.forEach(Iterable.java:75)
	at org.l2jmobius.gameserver.data.xml.SkillData.lambda$forEachNamedParamInfoParam$0(SkillData.java:381)
	at java.base/java.util.Map.forEach(Map.java:733)
	at org.l2jmobius.gameserver.data.xml.SkillData.forEachNamedParamInfoParam(SkillData.java:381)
	at org.l2jmobius.gameserver.data.xml.SkillData.lambda$parseDocument$16(SkillData.java:299)
	at java.base/java.lang.Iterable.forEach(Iterable.java:75)
	at org.l2jmobius.gameserver.data.xml.SkillData.lambda$parseDocument$15(SkillData.java:291)
	at java.base/java.util.HashMap.forEach(HashMap.java:1430)
	at org.l2jmobius.gameserver.data.xml.SkillData.parseDocument(SkillData.java:291)
	at org.l2jmobius.commons.util.IXmlReader.parseFile(IXmlReader.java:93)
	at org.l2jmobius.commons.util.IXmlReader.parseDirectory(IXmlReader.java:198)
	at org.l2jmobius.commons.util.IXmlReader.parseDatapackDirectory(IXmlReader.java:123)
	at org.l2jmobius.gameserver.data.xml.SkillData.load(SkillData.java:139)
	at org.l2jmobius.gameserver.data.xml.SkillData.<init>(SkillData.java:124)
	at org.l2jmobius.gameserver.data.xml.SkillData$SingletonHolder.<clinit>(SkillData.java:1042)
	at org.l2jmobius.gameserver.data.xml.SkillData.getInstance(SkillData.java:1037)
	at org.l2jmobius.gameserver.data.xml.SkillTreeData.parseDocument(SkillTreeData.java:264)
	at org.l2jmobius.commons.util.IXmlReader.parseFile(IXmlReader.java:93)
	at org.l2jmobius.commons.util.IXmlReader.parseDirectory(IXmlReader.java:198)
	at org.l2jmobius.commons.util.IXmlReader.parseDirectory(IXmlReader.java:194)
	at org.l2jmobius.commons.util.IXmlReader.parseDatapackDirectory(IXmlReader.java:123)
	at org.l2jmobius.gameserver.data.xml.SkillTreeData.load(SkillTreeData.java:159)
	at org.l2jmobius.gameserver.data.xml.SkillTreeData.<init>(SkillTreeData.java:130)
	at org.l2jmobius.gameserver.data.xml.SkillTreeData$SingletonHolder.<clinit>(SkillTreeData.java:2076)
	at org.l2jmobius.gameserver.data.xml.SkillTreeData.getInstance(SkillTreeData.java:2068)
	at org.l2jmobius.gameserver.GameServer.<init>(GameServer.java:259)
	at org.l2jmobius.gameserver.GameServer.main(GameServer.java:521)

Oct 05, 2025 2:21:59 AM org.l2jmobius.gameserver.data.xml.SkillData lambda$parseDocument$17
WARNING: SkillData: Failed loading effect for Skill Id[18024] Level[26] SubLevel[0] Effect Scope[GENERAL] Effect Name[VampiricAttack]
java.lang.IllegalArgumentException: Double value required, but not specified
	at org.l2jmobius.gameserver.model.StatSet.getDouble(StatSet.java:630)
	at handlers.effecthandlers.VampiricAttack.<init>(VampiricAttack.java:35)
	at org.l2jmobius.gameserver.data.xml.SkillData.lambda$parseDocument$17(SkillData.java:308)
	at org.l2jmobius.gameserver.data.xml.SkillData.lambda$forEachNamedParamInfoParam$1(SkillData.java:390)
	at java.base/java.lang.Iterable.forEach(Iterable.java:75)
	at org.l2jmobius.gameserver.data.xml.SkillData.lambda$forEachNamedParamInfoParam$0(SkillData.java:381)
	at java.base/java.util.Map.forEach(Map.java:733)
	at org.l2jmobius.gameserver.data.xml.SkillData.forEachNamedParamInfoParam(SkillData.java:381)
	at org.l2jmobius.gameserver.data.xml.SkillData.lambda$parseDocument$16(SkillData.java:299)
	at java.base/java.lang.Iterable.forEach(Iterable.java:75)
	at org.l2jmobius.gameserver.data.xml.SkillData.lambda$parseDocument$15(SkillData.java:291)
	at java.base/java.util.HashMap.forEach(HashMap.java:1430)
	at org.l2jmobius.gameserver.data.xml.SkillData.parseDocument(SkillData.java:291)
	at org.l2jmobius.commons.util.IXmlReader.parseFile(IXmlReader.java:93)
	at org.l2jmobius.commons.util.IXmlReader.parseDirectory(IXmlReader.java:198)
	at org.l2jmobius.commons.util.IXmlReader.parseDatapackDirectory(IXmlReader.java:123)
	at org.l2jmobius.gameserver.data.xml.SkillData.load(SkillData.java:139)
	at org.l2jmobius.gameserver.data.xml.SkillData.<init>(SkillData.java:124)
	at org.l2jmobius.gameserver.data.xml.SkillData$SingletonHolder.<clinit>(SkillData.java:1042)
	at org.l2jmobius.gameserver.data.xml.SkillData.getInstance(SkillData.java:1037)
	at org.l2jmobius.gameserver.data.xml.SkillTreeData.parseDocument(SkillTreeData.java:264)
	at org.l2jmobius.commons.util.IXmlReader.parseFile(IXmlReader.java:93)
	at org.l2jmobius.commons.util.IXmlReader.parseDirectory(IXmlReader.java:198)
	at org.l2jmobius.commons.util.IXmlReader.parseDirectory(IXmlReader.java:194)
	at org.l2jmobius.commons.util.IXmlReader.parseDatapackDirectory(IXmlReader.java:123)
	at org.l2jmobius.gameserver.data.xml.SkillTreeData.load(SkillTreeData.java:159)
	at org.l2jmobius.gameserver.data.xml.SkillTreeData.<init>(SkillTreeData.java:130)
	at org.l2jmobius.gameserver.data.xml.SkillTreeData$SingletonHolder.<clinit>(SkillTreeData.java:2076)
	at org.l2jmobius.gameserver.data.xml.SkillTreeData.getInstance(SkillTreeData.java:2068)
	at org.l2jmobius.gameserver.GameServer.<init>(GameServer.java:259)
	at org.l2jmobius.gameserver.GameServer.main(GameServer.java:521)

Oct 05, 2025 2:21:59 AM org.l2jmobius.gameserver.data.xml.SkillData lambda$parseDocument$17
WARNING: SkillData: Failed loading effect for Skill Id[18024] Level[26] SubLevel[0] Effect Scope[GENERAL] Effect Name[MpVampiricAttack]
java.lang.IllegalArgumentException: Double value required, but not specified
	at org.l2jmobius.gameserver.model.StatSet.getDouble(StatSet.java:630)
	at handlers.effecthandlers.MpVampiricAttack.<init>(MpVampiricAttack.java:39)
	at org.l2jmobius.gameserver.data.xml.SkillData.lambda$parseDocument$17(SkillData.java:308)
	at org.l2jmobius.gameserver.data.xml.SkillData.lambda$forEachNamedParamInfoParam$1(SkillData.java:390)
	at java.base/java.lang.Iterable.forEach(Iterable.java:75)
	at org.l2jmobius.gameserver.data.xml.SkillData.lambda$forEachNamedParamInfoParam$0(SkillData.java:381)
	at java.base/java.util.Map.forEach(Map.java:733)
	at org.l2jmobius.gameserver.data.xml.SkillData.forEachNamedParamInfoParam(SkillData.java:381)
	at org.l2jmobius.gameserver.data.xml.SkillData.lambda$parseDocument$16(SkillData.java:299)
	at java.base/java.lang.Iterable.forEach(Iterable.java:75)
	at org.l2jmobius.gameserver.data.xml.SkillData.lambda$parseDocument$15(SkillData.java:291)
	at java.base/java.util.HashMap.forEach(HashMap.java:1430)
	at org.l2jmobius.gameserver.data.xml.SkillData.parseDocument(SkillData.java:291)
	at org.l2jmobius.commons.util.IXmlReader.parseFile(IXmlReader.java:93)
	at org.l2jmobius.commons.util.IXmlReader.parseDirectory(IXmlReader.java:198)
	at org.l2jmobius.commons.util.IXmlReader.parseDatapackDirectory(IXmlReader.java:123)
	at org.l2jmobius.gameserver.data.xml.SkillData.load(SkillData.java:139)
	at org.l2jmobius.gameserver.data.xml.SkillData.<init>(SkillData.java:124)
	at org.l2jmobius.gameserver.data.xml.SkillData$SingletonHolder.<clinit>(SkillData.java:1042)
	at org.l2jmobius.gameserver.data.xml.SkillData.getInstance(SkillData.java:1037)
	at org.l2jmobius.gameserver.data.xml.SkillTreeData.parseDocument(SkillTreeData.java:264)
	at org.l2jmobius.commons.util.IXmlReader.parseFile(IXmlReader.java:93)
	at org.l2jmobius.commons.util.IXmlReader.parseDirectory(IXmlReader.java:198)
	at org.l2jmobius.commons.util.IXmlReader.parseDirectory(IXmlReader.java:194)
	at org.l2jmobius.commons.util.IXmlReader.parseDatapackDirectory(IXmlReader.java:123)
	at org.l2jmobius.gameserver.data.xml.SkillTreeData.load(SkillTreeData.java:159)
	at org.l2jmobius.gameserver.data.xml.SkillTreeData.<init>(SkillTreeData.java:130)
	at org.l2jmobius.gameserver.data.xml.SkillTreeData$SingletonHolder.<clinit>(SkillTreeData.java:2076)
	at org.l2jmobius.gameserver.data.xml.SkillTreeData.getInstance(SkillTreeData.java:2068)
	at org.l2jmobius.gameserver.GameServer.<init>(GameServer.java:259)
	at org.l2jmobius.gameserver.GameServer.main(GameServer.java:521)

