Oct 04, 2025 10:32:34 PM org.l2jmobius.gameserver.model.events.EventDispatcher notifyToListeners
WARNING: EventDispatcher: Exception during notification of event: OnAttackableKill listener: ConsumerEventListener
java.util.ConcurrentModificationException
	at java.base/java.util.ArrayList$ArrayListSpliterator.tryAdvance(ArrayList.java:1695)
	at java.base/java.util.stream.ReferencePipeline.forEachWithCancel(ReferencePipeline.java:147)
	at java.base/java.util.stream.AbstractPipeline.copyIntoWithCancel(AbstractPipeline.java:588)
	at java.base/java.util.stream.AbstractPipeline.copyInto(AbstractPipeline.java:574)
	at java.base/java.util.stream.AbstractPipeline.wrapAndCopyInto(AbstractPipeline.java:560)
	at java.base/java.util.stream.MatchOps$MatchOp.evaluateSequential(MatchOps.java:230)
	at java.base/java.util.stream.MatchOps$MatchOp.evaluateSequential(MatchOps.java:196)
	at java.base/java.util.stream.AbstractPipeline.evaluate(AbstractPipeline.java:265)
	at java.base/java.util.stream.ReferencePipeline.allMatch(ReferencePipeline.java:673)
	at org.l2jmobius.gameserver.model.StatSet.getList(StatSet.java:845)
	at instances.LastImperialTomb.LastImperialTomb.onKill(LastImperialTomb.java:780)
	at org.l2jmobius.gameserver.model.quest.Quest.lambda$addKillId$1(Quest.java:1709)
	at org.l2jmobius.gameserver.model.events.listeners.ConsumerEventListener.executeEvent(ConsumerEventListener.java:44)
	at org.l2jmobius.gameserver.model.events.EventDispatcher.notifyToListeners(EventDispatcher.java:297)
	at org.l2jmobius.gameserver.model.events.EventDispatcher.notifyEventToSingleContainer(EventDispatcher.java:188)
	at org.l2jmobius.gameserver.model.events.EventDispatcher.lambda$notifyEventAsync$0(EventDispatcher.java:150)
	at org.l2jmobius.commons.threads.ThreadPool$RunnableWrapper.run(ThreadPool.java:247)
	at java.base/java.util.concurrent.ThreadPoolExecutor.runWorker(ThreadPoolExecutor.java:1090)
	at java.base/java.util.concurrent.ThreadPoolExecutor$Worker.run(ThreadPoolExecutor.java:614)
	at java.base/java.lang.Thread.run(Thread.java:1474)

