2025.10.04 21:08:31,033	INFO	3	org.l2jmobius.commons.util.IXmlReader	Network Config: ipconfig.xml does not exist, using automatic configuration...
2025.10.04 21:08:31,201	INFO	3	org.l2jmobius.commons.util.IXmlReader	Network Config: Adding new subnet: 192.168.1.0/24 address: 192.168.1.8
2025.10.04 21:08:31,202	INFO	3	org.l2jmobius.commons.util.IXmlReader	Network Config: Adding new subnet: 192.168.116.0/24 address: 192.168.116.1
2025.10.04 21:08:31,202	INFO	3	org.l2jmobius.commons.util.IXmlReader	Network Config: Adding new subnet: 192.168.152.0/24 address: 192.168.152.1
2025.10.04 21:08:31,203	INFO	3	org.l2jmobius.commons.util.IXmlReader	Network Config: Adding new subnet: 172.26.224.0/20 address: 172.26.224.1
2025.10.04 21:08:31,203	INFO	3	org.l2jmobius.commons.util.IXmlReader	Network Config: Adding new subnet: 26.0.0.0/8 address: 26.81.77.5
2025.10.04 21:08:31,205	INFO	3	org.l2jmobius.commons.util.IXmlReader	Network Config: Adding new subnet: 172.25.32.0/20 address: 172.25.32.1
2025.10.04 21:08:31,206	INFO	3	org.l2jmobius.commons.util.IXmlReader	Network Config: Adding new subnet: 127.0.0.0/8 address: 127.0.0.1
2025.10.04 21:08:31,206	INFO	3	org.l2jmobius.commons.util.IXmlReader	Network Config: Adding new subnet: 0.0.0.0/0 address: 123.20.180.87
2025.10.04 21:08:31,243	INFO	3	org.l2jmobius.Config	Loaded 6 Filter Words.
2025.10.04 21:08:31,244	INFO	3	org.l2jmobius.gameserver.GameServer	------------------------------------------------=[ Database ]
2025.10.04 21:08:31,385	INFO	3	org.l2jmobius.commons.database.DatabaseFactory	Database: HikariCP pool initialized successfully.
2025.10.04 21:08:31,542	INFO	3	org.l2jmobius.commons.database.DatabaseFactory	Database: Initialized with a valid connection.
2025.10.04 21:08:31,550	INFO	3	org.l2jmobius.gameserver.GameServer	----------------------------------------------=[ ThreadPool ]
2025.10.04 21:08:31,551	INFO	3	org.l2jmobius.commons.threads.ThreadPool	ThreadPool: Initialized
2025.10.04 21:08:31,552	INFO	3	org.l2jmobius.commons.threads.ThreadPool	...scheduled pool executor with 6 high priority threads.
2025.10.04 21:08:31,555	INFO	3	org.l2jmobius.commons.threads.ThreadPool	...scheduled pool executor with 24 total threads.
2025.10.04 21:08:31,555	INFO	3	org.l2jmobius.commons.threads.ThreadPool	...instant pool executor with 12 total threads.
2025.10.04 21:08:31,556	INFO	3	org.l2jmobius.gameserver.GameServer	-----------------------------------------------=[ IdManager ]
2025.10.04 21:08:31,601	INFO	3	org.l2jmobius.gameserver.managers.DatabaseIdManager	DatabaseIdManager: Cleaned 0 elements in 0 seconds.
2025.10.04 21:08:31,606	INFO	3	org.l2jmobius.gameserver.managers.DatabaseIdManager	DatabaseIdManager: Updated character online status.
2025.10.04 21:08:31,615	INFO	3	org.l2jmobius.gameserver.managers.DatabaseIdManager	DatabaseIdManager: Cleaned 0 expired timestamps.
2025.10.04 21:08:31,627	INFO	3	org.l2jmobius.gameserver.managers.IdManager	IdManager: 102912 ids available.
2025.10.04 21:08:31,627	INFO	3	org.l2jmobius.gameserver.GameServer	----------------------------------------=[ Scripting Engine ]
2025.10.04 21:08:31,729	INFO	3	org.l2jmobius.gameserver.scripting.ScriptManager	Loaded 821 files to exclude.
2025.10.04 21:08:31,730	INFO	3	org.l2jmobius.gameserver.GameServer	---------------------------------------------------=[ World ]
2025.10.04 21:08:31,891	INFO	3	org.l2jmobius.gameserver.managers.MapRegionManager	MapRegionManager: Loaded 56 map regions.
2025.10.04 21:08:31,894	INFO	3	org.l2jmobius.gameserver.managers.ZoneManager	ZoneManager 19 by 18 Zone Region Grid set up.
2025.10.04 21:08:32,256	INFO	3	org.l2jmobius.gameserver.managers.ZoneManager	ZoneManager: Loaded 34 zone classes and 2738 zones.
2025.10.04 21:08:32,264	INFO	3	org.l2jmobius.gameserver.managers.ZoneManager	ZoneManager: Last static id 200224.
2025.10.04 21:08:32,488	INFO	3	org.l2jmobius.gameserver.data.xml.DoorData	DoorData: Loaded 1259 doors.
2025.10.04 21:08:32,496	INFO	3	FenceData	FenceData: Loaded 1 fences.
2025.10.04 21:08:32,503	INFO	3	org.l2jmobius.gameserver.managers.GlobalVariablesManager	GlobalVariablesManager: Loaded 2 variables.
2025.10.04 21:08:32,503	INFO	3	org.l2jmobius.gameserver.GameServer	----------------------------------------------------=[ Data ]
2025.10.04 21:08:32,510	INFO	3	org.l2jmobius.gameserver.data.xml.ActionData	ActionData: Loaded 248 player actions.
2025.10.04 21:08:32,517	INFO	3	org.l2jmobius.gameserver.data.xml.CategoryData	CategoryData: Loaded 33 categories.
2025.10.04 21:08:32,525	INFO	3	org.l2jmobius.gameserver.data.xml.SecondaryAuthData	SecondaryAuthData: Loaded 328 forbidden passwords.
2025.10.04 21:08:32,529	INFO	3	org.l2jmobius.gameserver.data.xml.SayuneData	SayuneData: Loaded 0 maps.
2025.10.04 21:08:32,541	INFO	3	org.l2jmobius.gameserver.data.xml.ClanRewardData	ClanRewardData: Loaded 4 rewards for members online.
2025.10.04 21:08:32,541	INFO	3	org.l2jmobius.gameserver.data.xml.ClanRewardData	ClanRewardData: Loaded 4 rewards for hunting monsters.
2025.10.04 21:08:32,542	INFO	3	org.l2jmobius.gameserver.data.xml.ClanRewardData	ClanRewardData: Loaded 5 rewards for raid arena.
2025.10.04 21:08:33,220	INFO	3	handlers.DailyMissionMasterHandler	DailyMissionMasterHandler: Loaded 11 handlers.
2025.10.04 21:08:33,258	INFO	3	org.l2jmobius.gameserver.data.xml.DailyMissionData	DailyMissionData: Loaded 96 one day rewards.
2025.10.04 21:08:33,272	INFO	3	org.l2jmobius.gameserver.data.xml.ElementalSpiritData	ElementalSpiritData: Loaded 4 elemental spirit templates.
2025.10.04 21:08:33,272	INFO	3	org.l2jmobius.gameserver.GameServer	--------------------------------------------------=[ Skills ]
2025.10.04 21:08:35,590	INFO	3	handlers.EffectMasterHandler	EffectMasterHandler: Loaded 388 effect handlers.
2025.10.04 21:08:35,600	INFO	3	org.l2jmobius.gameserver.data.xml.EnchantSkillGroupsData	EnchantSkillGroupsData: Loaded 30 enchant routes, max enchant set to 30.
2025.10.04 21:08:37,264	INFO	3	org.l2jmobius.gameserver.data.xml.SkillData	SkillData: Loaded 39398 Skills.
2025.10.04 21:08:37,562	INFO	3	org.l2jmobius.gameserver.data.xml.SkillTreeData	SkillTreeData: Loaded 17070 Class skills for 99 class skill trees.
2025.10.04 21:08:37,562	INFO	3	org.l2jmobius.gameserver.data.xml.SkillTreeData	SkillTreeData: Loaded 0 sub-class skills.
2025.10.04 21:08:37,562	INFO	3	org.l2jmobius.gameserver.data.xml.SkillTreeData	SkillTreeData: Loaded 0 dual-class skills.
2025.10.04 21:08:37,563	INFO	3	org.l2jmobius.gameserver.data.xml.SkillTreeData	SkillTreeData: Loaded 0 transfer skills for 0 transfer skill trees.
2025.10.04 21:08:37,563	INFO	3	org.l2jmobius.gameserver.data.xml.SkillTreeData	SkillTreeData: Loaded 0 race skills for 0 race skill trees.
2025.10.04 21:08:37,563	INFO	3	org.l2jmobius.gameserver.data.xml.SkillTreeData	SkillTreeData: Loaded 18 fishing skills, 8 Dwarven only fishing skills.
2025.10.04 21:08:37,563	INFO	3	org.l2jmobius.gameserver.data.xml.SkillTreeData	SkillTreeData: Loaded 55 certification skills.
2025.10.04 21:08:37,564	INFO	3	org.l2jmobius.gameserver.data.xml.SkillTreeData	SkillTreeData: Loaded 50 clan skills, 50 for clan and 0 residential.
2025.10.04 21:08:37,565	INFO	3	org.l2jmobius.gameserver.data.xml.SkillTreeData	SkillTreeData: Loaded 18 sub-pledge skills.
2025.10.04 21:08:37,565	INFO	3	org.l2jmobius.gameserver.data.xml.SkillTreeData	SkillTreeData: Loaded 0 transform skills.
2025.10.04 21:08:37,565	INFO	3	org.l2jmobius.gameserver.data.xml.SkillTreeData	SkillTreeData: Loaded 1 noble skills.
2025.10.04 21:08:37,565	INFO	3	org.l2jmobius.gameserver.data.xml.SkillTreeData	SkillTreeData: Loaded 1 hero skills.
2025.10.04 21:08:37,565	INFO	3	org.l2jmobius.gameserver.data.xml.SkillTreeData	SkillTreeData: Loaded 34 game master skills.
2025.10.04 21:08:37,565	INFO	3	org.l2jmobius.gameserver.data.xml.SkillTreeData	SkillTreeData: Loaded 1 game master aura skills.
2025.10.04 21:08:37,565	INFO	3	org.l2jmobius.gameserver.data.xml.SkillTreeData	SkillTreeData: Loaded 0 ability skills.
2025.10.04 21:08:37,565	INFO	3	org.l2jmobius.gameserver.data.xml.SkillTreeData	SkillTreeData: Loaded 0 alchemy skills.
2025.10.04 21:08:37,565	INFO	3	org.l2jmobius.gameserver.data.xml.SkillTreeData	SkillTreeData: Loaded 0 class awaken save skills.
2025.10.04 21:08:37,565	INFO	3	org.l2jmobius.gameserver.data.xml.SkillTreeData	SkillTreeData: Loaded 0 Revelation skills.
2025.10.04 21:08:37,565	INFO	3	org.l2jmobius.gameserver.data.xml.SkillTreeData	SkillTreeData: Loaded 10 common skills.
2025.10.04 21:08:37,574	INFO	3	org.l2jmobius.gameserver.data.xml.PetSkillData	PetSkillData: Loaded 881 skills.
2025.10.04 21:08:37,574	INFO	3	org.l2jmobius.gameserver.GameServer	---------------------------------------------------=[ Items ]
2025.10.04 21:08:38,085	INFO	3	org.l2jmobius.gameserver.data.xml.ItemData	ItemData: Highest item id used: 99162
2025.10.04 21:08:38,088	INFO	3	org.l2jmobius.gameserver.data.xml.ItemData	ItemData: Loaded 10011 etc items.
2025.10.04 21:08:38,089	INFO	3	org.l2jmobius.gameserver.data.xml.ItemData	ItemData: Loaded 2621 armor items.
2025.10.04 21:08:38,089	INFO	3	org.l2jmobius.gameserver.data.xml.ItemData	ItemData: Loaded 1745 weapon items.
2025.10.04 21:08:38,089	INFO	3	org.l2jmobius.gameserver.data.xml.ItemData	ItemData: Loaded 14377 items in total.
2025.10.04 21:08:38,093	INFO	3	org.l2jmobius.gameserver.data.xml.EnchantItemGroupsData	EnchantItemGroupsData: Loaded 7 item group templates.
2025.10.04 21:08:38,093	INFO	3	org.l2jmobius.gameserver.data.xml.EnchantItemGroupsData	EnchantItemGroupsData: Loaded 1 scroll group templates.
2025.10.04 21:08:38,093	INFO	3	org.l2jmobius.gameserver.data.xml.EnchantItemGroupsData	EnchantItemGroupsData: Max weapon enchant is set to 30.
2025.10.04 21:08:38,093	INFO	3	org.l2jmobius.gameserver.data.xml.EnchantItemGroupsData	EnchantItemGroupsData: Max armor enchant is set to 30.
2025.10.04 21:08:38,093	INFO	3	org.l2jmobius.gameserver.data.xml.EnchantItemGroupsData	EnchantItemGroupsData: Max accessory enchant is set to 30.
2025.10.04 21:08:38,097	INFO	3	org.l2jmobius.gameserver.data.xml.EnchantItemData	EnchantItemData: Loaded 54 enchant scrolls.
2025.10.04 21:08:38,097	INFO	3	org.l2jmobius.gameserver.data.xml.EnchantItemData	EnchantItemData: Loaded 0 support items.
2025.10.04 21:08:38,389	INFO	3	org.l2jmobius.gameserver.data.xml.OptionData	OptionData: Loaded 10861 options.
2025.10.04 21:08:38,395	INFO	3	org.l2jmobius.gameserver.data.xml.EnchantItemOptionsData	EnchantItemOptionsData: Loaded 22 items and 242 options.
2025.10.04 21:08:38,410	INFO	3	org.l2jmobius.commons.util.IXmlReader	ElementalAttributeData: Loaded 0 elemental attribute items.
2025.10.04 21:08:38,426	INFO	3	org.l2jmobius.gameserver.data.xml.ItemCrystallizationData	ItemCrystallizationData: Loaded 12 crystallization templates.
2025.10.04 21:08:38,432	INFO	3	org.l2jmobius.gameserver.data.xml.ItemCrystallizationData	ItemCrystallizationData: Loaded 65 weapon enchant failure rewards.
2025.10.04 21:08:38,432	INFO	3	org.l2jmobius.gameserver.data.xml.ItemCrystallizationData	ItemCrystallizationData: Loaded 35 armor enchant failure rewards.
2025.10.04 21:08:38,447	INFO	3	VariationData	VariationData: Loaded 21 variations.
2025.10.04 21:08:38,447	INFO	3	VariationData	VariationData: Loaded 926 fees.
2025.10.04 21:08:38,461	INFO	3	org.l2jmobius.gameserver.data.xml.EnsoulData	EnsoulData: Loaded 5 fees.
2025.10.04 21:08:38,462	INFO	3	org.l2jmobius.gameserver.data.xml.EnsoulData	EnsoulData: Loaded 660 options.
2025.10.04 21:08:38,462	INFO	3	org.l2jmobius.gameserver.data.xml.EnsoulData	EnsoulData: Loaded 340 stones.
2025.10.04 21:08:38,464	INFO	3	org.l2jmobius.gameserver.data.xml.EnchantItemHPBonusData	EnchantItemHPBonusData: Loaded 11 enchant HP bonuses.
2025.10.04 21:08:38,805	INFO	3	org.l2jmobius.gameserver.data.xml.BuyListData	BuyListData: Loaded 402 buyLists.
2025.10.04 21:08:38,984	INFO	3	org.l2jmobius.gameserver.data.xml.MultisellData	MultisellData: Loaded 175 multisell lists.
2025.10.04 21:08:38,995	INFO	3	org.l2jmobius.gameserver.data.xml.CombinationItemsData	CombinationItemsData: Loaded 652 combinations.
2025.10.04 21:08:38,998	INFO	3	org.l2jmobius.gameserver.data.xml.EquipmentUpgradeData	EquipmentUpgradeData: Loaded 74 upgrade equipment data.
2025.10.04 21:08:39,007	INFO	3	org.l2jmobius.gameserver.data.xml.AgathionData	AgathionData: Loaded 140 agathion data.
2025.10.04 21:08:39,010	INFO	3	org.l2jmobius.gameserver.data.xml.RaidTeleportListData	RaidTeleportListData: Loaded 98 teleports.
2025.10.04 21:08:39,033	INFO	3	org.l2jmobius.gameserver.data.xml.RecipeData	RecipeData: Loaded 592 recipes.
2025.10.04 21:08:39,049	INFO	3	org.l2jmobius.gameserver.data.xml.ArmorSetData	ArmorSetData: Loaded 51 armor sets.
2025.10.04 21:08:39,052	INFO	3	org.l2jmobius.gameserver.data.xml.FishingData	FishingData: Loaded 2 bait and 2 rod data.
2025.10.04 21:08:39,082	INFO	3	org.l2jmobius.gameserver.data.xml.HennaData	HennaData: Loaded 372 henna data.
2025.10.04 21:08:39,085	INFO	3	org.l2jmobius.gameserver.data.xml.PrimeShopData	PrimeShopData: System is disabled.
2025.10.04 21:08:39,089	INFO	3	org.l2jmobius.gameserver.data.xml.LimitShopData	LimitShopData: Loaded 34 items.
2025.10.04 21:08:39,091	INFO	3	org.l2jmobius.gameserver.data.xml.RaidDropAnnounceData	RaidDropAnnounceData: Loaded 1 raid drop announce data.
2025.10.04 21:08:39,097	INFO	3	org.l2jmobius.gameserver.data.xml.AppearanceItemData	AppearanceItemData: Loaded 2 stones.
2025.10.04 21:08:39,117	INFO	3	org.l2jmobius.gameserver.model.costumes.Costumes	Costumes: Loaded 159 costumes.
2025.10.04 21:08:39,117	INFO	3	org.l2jmobius.gameserver.model.costumes.Costumes	Costumes: Loaded 5 costumes grade.
2025.10.04 21:08:39,118	INFO	3	org.l2jmobius.gameserver.model.costumes.Costumes	Costumes: Loaded 12 collections.
2025.10.04 21:08:39,118	INFO	3	org.l2jmobius.gameserver.model.costumes.Costumes	Costumes: Loaded 12 collections skills.
2025.10.04 21:08:39,121	INFO	3	org.l2jmobius.commons.util.IXmlReader	LuckyGameData: Loaded 2 lucky game data.
2025.10.04 21:08:39,128	INFO	3	org.l2jmobius.gameserver.data.xml.MableGameData	MableGameData: Loaded (40 cells)
2025.10.04 21:08:39,147	WARNING	3	org.l2jmobius.gameserver.data.xml.MableGameData	MableGameData: Failed loading player states. Table 'l2jmobiusclassic.mable_game' doesn't exist
2025.10.04 21:08:39,148	INFO	3	org.l2jmobius.gameserver.data.xml.AttendanceRewardData	AttendanceRewardData: Disabled.
2025.10.04 21:08:39,167	INFO	3	org.l2jmobius.commons.util.IXmlReader	RandomCraftData: Loaded 4260 extraction data.
2025.10.04 21:08:39,170	INFO	3	org.l2jmobius.commons.util.IXmlReader	RandomCraftData: Loaded 78 rewards.
2025.10.04 21:08:39,174	INFO	3	org.l2jmobius.gameserver.data.xml.VipData	VipData: Loaded 11 vips.
2025.10.04 21:08:39,175	INFO	3	org.l2jmobius.gameserver.GameServer	----------------------------------------------=[ Characters ]
2025.10.04 21:08:39,181	INFO	3	org.l2jmobius.gameserver.data.xml.ClassListData	ClassListData: Loaded 99 class data.
2025.10.04 21:08:39,188	INFO	3	org.l2jmobius.gameserver.data.xml.InitialEquipmentData	InitialEquipmentData: Loaded 10 initial equipment data.
2025.10.04 21:08:39,194	INFO	3	org.l2jmobius.gameserver.data.xml.InitialShortcutData	InitialShortcutData: Loaded 6 initial global shortcuts data.
2025.10.04 21:08:39,195	INFO	3	org.l2jmobius.gameserver.data.xml.InitialShortcutData	InitialShortcutData: Loaded 4 initial shortcuts data.
2025.10.04 21:08:39,195	INFO	3	org.l2jmobius.gameserver.data.xml.InitialShortcutData	InitialShortcutData: Loaded 0 macro presets.
2025.10.04 21:08:39,200	INFO	3	org.l2jmobius.gameserver.data.xml.ExperienceData	ExperienceData: Loaded 91 levels.
2025.10.04 21:08:39,200	INFO	3	org.l2jmobius.gameserver.data.xml.ExperienceData	ExperienceData: Max Player Level is 90.
2025.10.04 21:08:39,200	INFO	3	org.l2jmobius.gameserver.data.xml.ExperienceData	ExperienceData: Max Pet Level is 91.
2025.10.04 21:08:39,205	INFO	3	org.l2jmobius.gameserver.data.xml.KarmaData	KarmaData: Loaded 90 karma modifiers.
2025.10.04 21:08:39,207	INFO	3	org.l2jmobius.gameserver.data.xml.HitConditionBonusData	HitConditionBonusData: Loaded hit condition bonuses.
2025.10.04 21:08:39,436	INFO	3	org.l2jmobius.gameserver.data.xml.PlayerTemplateData	PlayerTemplateData: Loaded 99 character templates.
2025.10.04 21:08:39,437	INFO	3	org.l2jmobius.gameserver.data.xml.PlayerTemplateData	PlayerTemplateData: Loaded 53460 level up gain records.
2025.10.04 21:08:39,440	INFO	3	org.l2jmobius.gameserver.data.sql.CharInfoTable	CharInfoTable: Loaded 5 char names.
2025.10.04 21:08:39,442	INFO	3	org.l2jmobius.gameserver.data.sql.PartyMatchingHistoryTable	PartyMatchingHistoryTable: Loaded 0 party matching history data.
2025.10.04 21:08:39,447	INFO	3	org.l2jmobius.gameserver.data.xml.AdminData	AdminData: Loaded 10 access levels.
2025.10.04 21:08:39,450	INFO	3	org.l2jmobius.gameserver.data.xml.AdminData	AdminData: Loaded 464 access commands.
2025.10.04 21:08:39,741	INFO	3	org.l2jmobius.gameserver.data.xml.PetDataTable	PetDataTable: Loaded 53 pets.
2025.10.04 21:08:39,769	INFO	3	org.l2jmobius.gameserver.data.xml.CubicData	CubicData: Loaded 21 cubics.
2025.10.04 21:08:39,781	INFO	3	org.l2jmobius.gameserver.GameServer	---------------------------------------------------=[ Clans ]
2025.10.04 21:08:39,782	INFO	3	org.l2jmobius.gameserver.data.xml.ClanLevelData	ClanLevelData: Loaded 11 clan level data.
2025.10.04 21:08:39,793	INFO	3	org.l2jmobius.gameserver.communitybbs.Manager.ForumsBBSManager	ForumsBBSManager: Loaded 4 forums. Last forum id used: 4
2025.10.04 21:08:39,794	INFO	3	org.l2jmobius.gameserver.data.sql.ClanTable	ClanTable: Restored 0 clans from the database.
2025.10.04 21:08:39,799	INFO	3	org.l2jmobius.gameserver.data.xml.ResidenceFunctionsData	ResidenceFunctionsData: Loaded 8 functions.
2025.10.04 21:08:39,914	INFO	3	org.l2jmobius.gameserver.data.xml.ClanHallData	ClanHallData: Succesfully loaded 46 clan halls.
2025.10.04 21:08:39,916	INFO	3	org.l2jmobius.gameserver.managers.ClanHallAuctionManager	ClanHallAuctionManager: Clan Hall Auction has started!
2025.10.04 21:08:39,935	INFO	3	org.l2jmobius.gameserver.managers.ClanEntryManager	ClanEntryManager: Loaded 0 clan entries.
2025.10.04 21:08:39,936	INFO	3	org.l2jmobius.gameserver.managers.ClanEntryManager	ClanEntryManager: Loaded 0 players in waiting list.
2025.10.04 21:08:39,937	INFO	3	org.l2jmobius.gameserver.managers.ClanEntryManager	ClanEntryManager: Loaded 0 player applications.
2025.10.04 21:08:39,938	INFO	3	org.l2jmobius.gameserver.GameServer	-------------------------------------------------=[ Geodata ]
2025.10.04 21:08:39,948	INFO	3	org.l2jmobius.gameserver.geoengine.GeoEngine	GeoEngine: Loaded 0 regions.
2025.10.04 21:08:39,948	INFO	3	org.l2jmobius.gameserver.geoengine.GeoEngine	GeoEngine: Pathfinding is disabled.
2025.10.04 21:08:39,948	INFO	3	org.l2jmobius.gameserver.GameServer	----------------------------------------------------=[ NPCs ]
2025.10.04 21:08:40,802	INFO	3	org.l2jmobius.gameserver.data.xml.NpcData	NpcData: Loaded 6397 NPCs.
2025.10.04 21:08:40,822	INFO	3	org.l2jmobius.gameserver.data.xml.NpcData	NpcData: Loaded 20 custom NPCs.
2025.10.04 21:08:41,144	INFO	3	org.l2jmobius.gameserver.data.xml.SpawnData	SpawnData: Loaded 29302 spawns
2025.10.04 21:08:41,148	INFO	3	org.l2jmobius.gameserver.managers.WalkingManager	WalkingManager: Loaded 1 walking routes.
2025.10.04 21:08:41,158	INFO	3	org.l2jmobius.gameserver.data.xml.StaticObjectData	StaticObjectData: Loaded 86 static object templates.
2025.10.04 21:08:41,159	INFO	3	org.l2jmobius.gameserver.managers.ItemAuctionManager	ItemAuctionManager: Disabled.
2025.10.04 21:08:41,165	WARNING	3	org.l2jmobius.gameserver.model.siege.Castle	Exception: loadCastleData(): Column 'dynamicTreasury' not found.
2025.10.04 21:08:41,180	WARNING	3	org.l2jmobius.gameserver.model.siege.Castle	Exception: loadCastleData(): Column 'dynamicTreasury' not found.
2025.10.04 21:08:41,181	WARNING	3	org.l2jmobius.gameserver.model.siege.Castle	Exception: loadCastleData(): Column 'dynamicTreasury' not found.
2025.10.04 21:08:41,198	INFO	3	org.l2jmobius.gameserver.managers.InstanceManager	InstanceManager: Loaded 46 instance names.
2025.10.04 21:08:41,240	INFO	3	org.l2jmobius.gameserver.managers.InstanceManager	InstanceManager: Loaded 15 instance templates.
2025.10.04 21:08:41,242	INFO	3	org.l2jmobius.gameserver.managers.InstanceManager	InstanceManager: Loaded instance reenter times for 0 players.
2025.10.04 21:08:41,247	WARNING	3	org.l2jmobius.gameserver.model.siege.Castle	Exception: loadCastleData(): Column 'dynamicTreasury' not found.
2025.10.04 21:08:41,250	WARNING	3	org.l2jmobius.gameserver.model.siege.Castle	Exception: loadCastleData(): Column 'dynamicTreasury' not found.
2025.10.04 21:08:41,251	INFO	3	org.l2jmobius.gameserver.managers.CastleManager	CastleManager: Loaded 5 castles.
2025.10.04 21:08:41,258	INFO	3	org.l2jmobius.gameserver.data.SchemeBufferTable	SchemeBufferTable: Loaded 0 players schemes and 60 available buffs.
2025.10.04 21:08:41,263	INFO	3	org.l2jmobius.gameserver.managers.GrandBossManager	GrandBossManager: Queen Ant(29001) status is 1
2025.10.04 21:08:41,276	INFO	3	org.l2jmobius.gameserver.managers.GrandBossManager	GrandBossManager: Next spawn date of Queen Ant is Mon Oct 06 21:42:48 GMT+07:00 2025
2025.10.04 21:08:41,276	INFO	3	org.l2jmobius.gameserver.managers.GrandBossManager	GrandBossManager: Core(29006) status is 0
2025.10.04 21:08:41,277	INFO	3	org.l2jmobius.gameserver.managers.GrandBossManager	GrandBossManager: Orfen(29014) status is 1
2025.10.04 21:08:41,277	INFO	3	org.l2jmobius.gameserver.managers.GrandBossManager	GrandBossManager: Next spawn date of Orfen is Mon Oct 06 15:48:46 GMT+07:00 2025
2025.10.04 21:08:41,277	INFO	3	org.l2jmobius.gameserver.managers.GrandBossManager	GrandBossManager: Baium(29020) status is 3
2025.10.04 21:08:41,277	INFO	3	org.l2jmobius.gameserver.managers.GrandBossManager	GrandBossManager: Next spawn date of Baium is Mon Oct 13 01:28:38 GMT+07:00 2025
2025.10.04 21:08:41,277	INFO	3	org.l2jmobius.gameserver.managers.GrandBossManager	GrandBossManager: Zaken(29022) status is 1
2025.10.04 21:08:41,277	INFO	3	org.l2jmobius.gameserver.managers.GrandBossManager	GrandBossManager: Next spawn date of Zaken is Sat Oct 11 20:11:43 GMT+07:00 2025
2025.10.04 21:08:41,277	INFO	3	org.l2jmobius.gameserver.managers.GrandBossManager	GrandBossManager: Antharas(29068) status is 0
2025.10.04 21:08:41,277	INFO	3	org.l2jmobius.gameserver.managers.GrandBossManager	GrandBossManager: Loaded 6 instances.
2025.10.04 21:08:41,278	INFO	3	org.l2jmobius.gameserver.GameServer	------------------------------------------------=[ Instance ]
2025.10.04 21:08:41,278	INFO	3	org.l2jmobius.gameserver.GameServer	------------------------------------------------=[ Olympiad ]
2025.10.04 21:08:41,284	INFO	3	org.l2jmobius.gameserver.model.olympiad.Olympiad	Olympiad System: Loading....
2025.10.04 21:08:41,284	INFO	3	org.l2jmobius.gameserver.model.olympiad.Olympiad	Olympiad System: Currently in Olympiad Period
2025.10.04 21:08:41,285	INFO	3	org.l2jmobius.gameserver.model.olympiad.Olympiad	Olympiad System: 29 days, 14 hours and 51 mins until period ends.
2025.10.04 21:08:41,286	INFO	3	org.l2jmobius.gameserver.model.olympiad.Olympiad	Olympiad System: Next weekly change is in 5 days, 4 hours and 50 mins.
2025.10.04 21:08:41,286	INFO	3	org.l2jmobius.gameserver.model.olympiad.Olympiad	Olympiad System: Loaded 0 Nobles
2025.10.04 21:08:41,291	INFO	3	org.l2jmobius.gameserver.model.olympiad.Olympiad	Olympiad System: Competition Period Starts in 0 days, 0 hours and 0 mins.
2025.10.04 21:08:41,291	INFO	3	org.l2jmobius.gameserver.model.olympiad.Olympiad	Olympiad System: Event starts/started: Sat Oct 04 20:00:41 GMT+07:00 2025
2025.10.04 21:08:41,294	INFO	3	org.l2jmobius.gameserver.model.olympiad.Hero	Hero System: Loaded 0 Heroes.
2025.10.04 21:08:41,294	INFO	3	org.l2jmobius.gameserver.model.olympiad.Hero	Hero System: Loaded 0 all time Heroes.
2025.10.04 21:08:41,294	INFO	3	org.l2jmobius.gameserver.GameServer	---------------------------------------------------=[ Cache ]
2025.10.04 21:08:41,295	INFO	3	org.l2jmobius.gameserver.cache.HtmCache	Cache[HTML]: Running lazy cache.
2025.10.04 21:08:41,297	INFO	3	org.l2jmobius.gameserver.data.sql.CrestTable	CrestTable: Loaded 0 Crests.
2025.10.04 21:08:41,300	INFO	3	org.l2jmobius.gameserver.data.xml.TeleportListData	TeleportListData: Loaded 90 teleports.
2025.10.04 21:08:41,301	INFO	3	org.l2jmobius.gameserver.managers.SharedTeleportManager	SharedTeleportManager: initialized.
2025.10.04 21:08:41,305	INFO	59	org.l2jmobius.gameserver.model.olympiad.Olympiad	Olympiad System: Olympiad Games have started.
2025.10.04 21:08:41,788	INFO	59	org.l2jmobius.gameserver.managers.DBSpawnManager	DBSpawnManager: Loaded 150 instances.
2025.10.04 21:08:41,788	INFO	59	org.l2jmobius.gameserver.managers.DBSpawnManager	DBSpawnManager: Scheduled 7 instances.
2025.10.04 21:08:41,829	INFO	59	org.l2jmobius.gameserver.model.olympiad.OlympiadGameManager	Olympiad System: Loaded 80 stadiums.
2025.10.04 21:08:43,657	INFO	3	org.l2jmobius.gameserver.data.xml.TeleporterData	TeleporterData: Loaded 92 npc teleporters.
2025.10.04 21:08:43,659	INFO	3	org.l2jmobius.gameserver.data.xml.TimedHuntingZoneData	TimedHuntingZoneData: Loaded 1 timed hunting zones.
2025.10.04 21:08:43,725	INFO	3	org.l2jmobius.gameserver.data.xml.TransformData	TransformData: Loaded 44 transform templates.
2025.10.04 21:08:43,729	INFO	3	org.l2jmobius.gameserver.data.BotReportTable	BotReportTable: Loaded 0 bot reports
2025.10.04 21:08:43,733	INFO	3	org.l2jmobius.gameserver.GameServer	-------------------------------------------------=[ Scripts ]
2025.10.04 21:08:43,737	INFO	3	org.l2jmobius.gameserver.managers.AirShipManager	AirShipManager: Loaded 0 private airships
2025.10.04 21:08:43,741	WARNING	58	org.l2jmobius.gameserver.managers.RankManager	Could not load pvp total rank data: org.l2jmobius.gameserver.managers.RankManager@6955ca95 - Unknown column 'deaths' in 'field list'
2025.10.04 21:08:43,747	INFO	3	org.l2jmobius.gameserver.data.xml.ShuttleData	ShuttleData: Loaded 3 shuttles.
2025.10.04 21:08:43,747	INFO	3	org.l2jmobius.gameserver.GameServer	GameServer: Loading server scripts:
2025.10.04 21:08:45,336	INFO	3	handlers.MasterHandler	Loading Handlers...
2025.10.04 21:08:45,398	INFO	3	handlers.MasterHandler	ActionHandler: Loaded 10 handlers.
2025.10.04 21:08:45,398	INFO	3	handlers.MasterHandler	ActionShiftHandler: Loaded 6 handlers.
2025.10.04 21:08:45,398	INFO	3	handlers.MasterHandler	AdminCommandHandler: Loaded 460 handlers.
2025.10.04 21:08:45,398	INFO	3	handlers.MasterHandler	BypassHandler: Loaded 32 handlers.
2025.10.04 21:08:45,398	INFO	3	handlers.MasterHandler	ChatHandler: Loaded 14 handlers.
2025.10.04 21:08:45,398	INFO	3	handlers.MasterHandler	CommunityBoardHandler: Loaded 24 handlers.
2025.10.04 21:08:45,398	INFO	3	handlers.MasterHandler	ItemHandler: Loaded 32 handlers.
2025.10.04 21:08:45,398	INFO	3	handlers.MasterHandler	PunishmentHandler: Loaded 3 handlers.
2025.10.04 21:08:45,398	INFO	3	handlers.MasterHandler	UserCommandHandler: Loaded 16 handlers.
2025.10.04 21:08:45,398	INFO	3	handlers.MasterHandler	VoicedCommandHandler: Loaded 7 handlers.
2025.10.04 21:08:45,398	INFO	3	handlers.MasterHandler	TargetHandler: Loaded 22 handlers.
2025.10.04 21:08:45,398	INFO	3	handlers.MasterHandler	AffectObjectHandler: Loaded 11 handlers.
2025.10.04 21:08:45,398	INFO	3	handlers.MasterHandler	AffectScopeHandler: Loaded 19 handlers.
2025.10.04 21:08:45,398	INFO	3	handlers.MasterHandler	PlayerActionHandler: Loaded 24 handlers.
2025.10.04 21:08:45,398	INFO	3	handlers.MasterHandler	Handlers Loaded...
2025.10.04 21:08:46,852	INFO	3	ai.others.ClassMaster.ClassMaster	ClassMaster: Loaded 0 class change options.
2025.10.04 21:08:46,912	INFO	3	org.l2jmobius.gameserver.model.quest.Quest	Event Chef Monkey Event has passed... Ignored 
2025.10.04 21:08:46,915	INFO	3	org.l2jmobius.gameserver.model.quest.Quest	Event Eve the Fortune Teller has passed... Ignored 
2025.10.04 21:08:46,922	INFO	3	org.l2jmobius.gameserver.model.quest.Quest	Event Happy Hours has passed... Ignored 
2025.10.04 21:08:46,929	INFO	3	org.l2jmobius.gameserver.model.quest.Quest	Event Letter Collector active till Sat Jul 29 00:00:00 GMT+07:00 2034
2025.10.04 21:08:46,933	INFO	3	org.l2jmobius.gameserver.managers.events.LetterCollectorManager	LetterCollectorManager: Loaded 3 words.
2025.10.04 21:08:46,933	INFO	3	org.l2jmobius.gameserver.managers.events.LetterCollectorManager	LetterCollectorManager: Loaded 12 letters.
2025.10.04 21:08:46,936	INFO	3	org.l2jmobius.gameserver.model.quest.Quest	Event Merry Squashmas Event has passed... Ignored 
2025.10.04 21:08:46,939	INFO	3	org.l2jmobius.gameserver.model.quest.Quest	Event Squash Event has passed... Ignored 
2025.10.04 21:08:46,942	INFO	3	org.l2jmobius.gameserver.model.quest.Quest	Event The Power Of Love has passed... Ignored 
2025.10.04 21:08:46,944	INFO	3	org.l2jmobius.gameserver.model.quest.Quest	Event Total Recall has passed... Ignored 
2025.10.04 21:08:46,949	INFO	3	org.l2jmobius.gameserver.model.quest.Quest	Event Watermelon Ninja has passed... Ignored 
2025.10.04 21:08:47,022	INFO	3	org.l2jmobius.gameserver.data.xml.SpawnData	SpawnData: Initializing spawns...
2025.10.04 21:08:49,087	INFO	3	org.l2jmobius.gameserver.data.xml.SpawnData	SpawnData: All spawns has been initialized!
2025.10.04 21:08:49,087	INFO	3	org.l2jmobius.gameserver.GameServer	---------------------------------------------------=[ Siege ]
2025.10.04 21:08:49,096	INFO	3	org.l2jmobius.gameserver.data.xml.SiegeScheduleData	SiegeScheduleData: Loaded 2 siege schedulers.
2025.10.04 21:08:49,096	INFO	3	org.l2jmobius.gameserver.model.siege.Siege	Siege of Giran: Sun Oct 12 16:00:00 GMT+07:00 2025
2025.10.04 21:08:49,130	WARNING	3	org.l2jmobius.gameserver.managers.FortManager	Exception: loadFortData(): Can't find flagpole for Fort Western (117)
2025.10.04 21:08:49,149	INFO	3	org.l2jmobius.gameserver.managers.CastleManorManager	CastleManorManager: Manor system is deactivated.
2025.10.04 21:08:49,156	INFO	3	org.l2jmobius.gameserver.managers.SiegeGuardManager	SiegeGuardManager: Loaded 0 siege guards tickets.
2025.10.04 21:08:49,156	INFO	3	org.l2jmobius.gameserver.managers.QuestManager	QuestManager: Loaded 56 quests.
2025.10.04 21:08:49,156	INFO	3	org.l2jmobius.gameserver.managers.QuestManager	QuestManager: Loaded 117 scripts.
2025.10.04 21:08:49,164	INFO	3	org.l2jmobius.gameserver.taskmanagers.PersistentTaskManager	PersistentTaskManager: Loaded 5 Tasks.
2025.10.04 21:08:49,166	INFO	3	org.l2jmobius.gameserver.managers.DailyResetManager	DailyResetManager: Next schedule at 05/10/2025 06:30:00.
2025.10.04 21:08:49,168	INFO	3	org.l2jmobius.gameserver.managers.MailManager	MailManager: Loaded 0 messages.
2025.10.04 21:08:49,171	INFO	3	org.l2jmobius.gameserver.managers.PunishmentManager	PunishmentManager: Loaded 0 active and 1 expired punishments.
2025.10.04 21:08:49,172	INFO	3	org.l2jmobius.gameserver.GameServer	IdManager: Free ObjectID's remaining: 1879007469
2025.10.04 21:08:49,174	INFO	3	org.l2jmobius.gameserver.data.sql.OfflineTraderTable	OfflineTraderTable: Loading offline traders...
2025.10.04 21:08:49,175	INFO	3	org.l2jmobius.gameserver.data.sql.OfflineTraderTable	OfflineTraderTable: Loaded 0 offline traders.
2025.10.04 21:08:49,177	INFO	98	org.l2jmobius.commons.util.DeadlockWatcher	DeadlockWatcher: Thread started.
2025.10.04 21:08:51,558	INFO	3	org.l2jmobius.gameserver.GameServer	GameServer: Started, using 826 of 4096 MB total memory.
2025.10.04 21:08:51,558	INFO	3	org.l2jmobius.gameserver.GameServer	GameServer: Maximum number of connected players is 2000.
2025.10.04 21:08:51,558	INFO	3	org.l2jmobius.gameserver.GameServer	GameServer: Server loaded in 20 seconds.
2025.10.04 21:08:51,574	INFO	100	org.l2jmobius.gameserver.LoginServerThread	LoginServerThread: Connecting to login on 127.0.0.1:9014
2025.10.04 21:08:51,622	INFO	100	org.l2jmobius.gameserver.LoginServerThread	LoginServerThread: Registered on login as Server 2: Sieghardt
2025.10.04 21:10:20,968	SEVERE	117	org.l2jmobius.gameserver.model.actor.Creature	Failed loading character.
2025.10.04 21:10:20,970	WARNING	117	org.l2jmobius.gameserver.network.PacketLogger	Client: [Account: admin - IP: 127.0.0.1] - Failed running: CharacterSelect ; Cannot invoke "org.l2jmobius.gameserver.model.AccessLevel.getLevel()" because the return value of "org.l2jmobius.gameserver.model.actor.Player.getAccessLevel()" is null
2025.10.04 21:10:20,970	WARNING	117	org.l2jmobius.gameserver.network.PacketLogger	java.lang.NullPointerException: Cannot invoke "org.l2jmobius.gameserver.model.AccessLevel.getLevel()" because the return value of "org.l2jmobius.gameserver.model.actor.Player.getAccessLevel()" is null
	at org.l2jmobius.gameserver.data.sql.CharInfoTable.addName(CharInfoTable.java:78)
	at org.l2jmobius.gameserver.network.clientpackets.CharacterSelect.runImpl(CharacterSelect.java:187)
	at org.l2jmobius.gameserver.network.clientpackets.ClientPacket.run(ClientPacket.java:58)
	at org.l2jmobius.commons.network.PacketExecutor$PacketRunnable.run(PacketExecutor.java:74)
	at java.base/java.util.concurrent.ThreadPoolExecutor.runWorker(ThreadPoolExecutor.java:1090)
	at java.base/java.util.concurrent.ThreadPoolExecutor$Worker.run(ThreadPoolExecutor.java:614)
	at java.base/java.lang.Thread.run(Thread.java:1474)

2025.10.04 21:10:48,512	SEVERE	136	org.l2jmobius.gameserver.model.actor.Creature	Could not insert char data: Unknown column 'kills' in 'field list'
2025.10.04 21:10:48,513	WARNING	136	org.l2jmobius.gameserver.network.PacketLogger	Client: [Account: hehe - IP: 127.0.0.1] - Failed running: CharacterCreate ; Cannot invoke "org.l2jmobius.gameserver.model.actor.Player.getMaxHp()" because "newChar" is null
2025.10.04 21:10:48,513	WARNING	136	org.l2jmobius.gameserver.network.PacketLogger	java.lang.NullPointerException: Cannot invoke "org.l2jmobius.gameserver.model.actor.Player.getMaxHp()" because "newChar" is null
	at org.l2jmobius.gameserver.network.clientpackets.CharacterCreate.runImpl(CharacterCreate.java:238)
	at org.l2jmobius.gameserver.network.clientpackets.ClientPacket.run(ClientPacket.java:58)
	at org.l2jmobius.commons.network.PacketExecutor$PacketRunnable.run(PacketExecutor.java:74)
	at java.base/java.util.concurrent.ThreadPoolExecutor.runWorker(ThreadPoolExecutor.java:1090)
	at java.base/java.util.concurrent.ThreadPoolExecutor$Worker.run(ThreadPoolExecutor.java:614)
	at java.base/java.lang.Thread.run(Thread.java:1474)

2025.10.04 21:10:55,128	SEVERE	138	org.l2jmobius.gameserver.model.actor.Creature	Could not insert char data: Unknown column 'kills' in 'field list'
2025.10.04 21:10:55,129	WARNING	138	org.l2jmobius.gameserver.network.PacketLogger	Client: [Account: hehe - IP: 127.0.0.1] - Failed running: CharacterCreate ; Cannot invoke "org.l2jmobius.gameserver.model.actor.Player.getMaxHp()" because "newChar" is null
2025.10.04 21:10:55,129	WARNING	138	org.l2jmobius.gameserver.network.PacketLogger	java.lang.NullPointerException: Cannot invoke "org.l2jmobius.gameserver.model.actor.Player.getMaxHp()" because "newChar" is null
	at org.l2jmobius.gameserver.network.clientpackets.CharacterCreate.runImpl(CharacterCreate.java:238)
	at org.l2jmobius.gameserver.network.clientpackets.ClientPacket.run(ClientPacket.java:58)
	at org.l2jmobius.commons.network.PacketExecutor$PacketRunnable.run(PacketExecutor.java:74)
	at java.base/java.util.concurrent.ThreadPoolExecutor.runWorker(ThreadPoolExecutor.java:1090)
	at java.base/java.util.concurrent.ThreadPoolExecutor$Worker.run(ThreadPoolExecutor.java:614)
	at java.base/java.lang.Thread.run(Thread.java:1474)

2025.10.04 21:11:06,075	SEVERE	141	org.l2jmobius.gameserver.model.actor.Creature	Could not insert char data: Unknown column 'kills' in 'field list'
2025.10.04 21:11:06,077	WARNING	141	org.l2jmobius.gameserver.network.PacketLogger	Client: [Account: hehe - IP: 127.0.0.1] - Failed running: CharacterCreate ; Cannot invoke "org.l2jmobius.gameserver.model.actor.Player.getMaxHp()" because "newChar" is null
2025.10.04 21:11:06,077	WARNING	141	org.l2jmobius.gameserver.network.PacketLogger	java.lang.NullPointerException: Cannot invoke "org.l2jmobius.gameserver.model.actor.Player.getMaxHp()" because "newChar" is null
	at org.l2jmobius.gameserver.network.clientpackets.CharacterCreate.runImpl(CharacterCreate.java:238)
	at org.l2jmobius.gameserver.network.clientpackets.ClientPacket.run(ClientPacket.java:58)
	at org.l2jmobius.commons.network.PacketExecutor$PacketRunnable.run(PacketExecutor.java:74)
	at java.base/java.util.concurrent.ThreadPoolExecutor.runWorker(ThreadPoolExecutor.java:1090)
	at java.base/java.util.concurrent.ThreadPoolExecutor$Worker.run(ThreadPoolExecutor.java:614)
	at java.base/java.lang.Thread.run(Thread.java:1474)

2025.10.04 21:12:04,767	SEVERE	150	org.l2jmobius.gameserver.model.actor.Creature	Could not insert char data: Unknown column 'kills' in 'field list'
2025.10.04 21:12:04,768	WARNING	150	org.l2jmobius.gameserver.network.PacketLogger	Client: [Account: huhu - IP: 127.0.0.1] - Failed running: CharacterCreate ; Cannot invoke "org.l2jmobius.gameserver.model.actor.Player.getMaxHp()" because "newChar" is null
2025.10.04 21:12:04,769	WARNING	150	org.l2jmobius.gameserver.network.PacketLogger	java.lang.NullPointerException: Cannot invoke "org.l2jmobius.gameserver.model.actor.Player.getMaxHp()" because "newChar" is null
	at org.l2jmobius.gameserver.network.clientpackets.CharacterCreate.runImpl(CharacterCreate.java:238)
	at org.l2jmobius.gameserver.network.clientpackets.ClientPacket.run(ClientPacket.java:58)
	at org.l2jmobius.commons.network.PacketExecutor$PacketRunnable.run(PacketExecutor.java:74)
	at java.base/java.util.concurrent.ThreadPoolExecutor.runWorker(ThreadPoolExecutor.java:1090)
	at java.base/java.util.concurrent.ThreadPoolExecutor$Worker.run(ThreadPoolExecutor.java:614)
	at java.base/java.lang.Thread.run(Thread.java:1474)

2025.10.04 21:14:32,830	WARNING	38	org.l2jmobius.gameserver.Shutdown	Server scheduled restart issued shutdown command. Shutdown in 1 seconds!
2025.10.04 21:14:33,832	WARNING	151	org.l2jmobius.gameserver.Shutdown	GM shutdown countdown is over. shutting down NOW!
2025.10.04 21:14:33,833	INFO	151	org.l2jmobius.gameserver.Shutdown	All players disconnected and saved(0ms).
2025.10.04 21:14:33,833	INFO	151	org.l2jmobius.gameserver.Shutdown	Game Time Task Manager: Thread interruped(1ms).
2025.10.04 21:14:33,833	INFO	151	org.l2jmobius.commons.threads.ThreadPool	ThreadPool: Shutting down.
2025.10.04 21:14:33,834	INFO	151	org.l2jmobius.gameserver.Shutdown	Thread Pool Manager: Manager has been shut down(1ms).
2025.10.04 21:14:33,834	INFO	151	org.l2jmobius.gameserver.Shutdown	Login Server Thread: Thread interruped(0ms).
2025.10.04 21:14:33,834	INFO	151	org.l2jmobius.gameserver.Shutdown	GM shutdown received. Shutting down NOW!
2025.10.04 21:14:34,020	INFO	151	org.l2jmobius.gameserver.Shutdown	RaidBossSpawnManager: All raidboss info saved(185ms).
2025.10.04 21:14:34,021	INFO	151	org.l2jmobius.gameserver.Shutdown	GrandBossManager: All Grand Boss info saved(1ms).
2025.10.04 21:14:34,022	INFO	151	org.l2jmobius.gameserver.Shutdown	Item Auction Manager: All tasks stopped(1ms).
2025.10.04 21:14:34,023	INFO	151	org.l2jmobius.gameserver.Shutdown	Olympiad System: Data saved(1ms).
2025.10.04 21:14:34,024	INFO	151	org.l2jmobius.gameserver.Shutdown	Hero System: Data saved(1ms).
2025.10.04 21:14:34,024	INFO	151	org.l2jmobius.gameserver.Shutdown	Clan System: Data saved(0ms).
2025.10.04 21:14:34,024	INFO	151	org.l2jmobius.gameserver.Shutdown	Cursed Weapons Manager: Data saved(0ms).
2025.10.04 21:14:34,027	INFO	151	org.l2jmobius.gameserver.Shutdown	Castle Manor Manager: Data saved(3ms).
2025.10.04 21:14:34,027	INFO	151	org.l2jmobius.gameserver.Shutdown	Quest Manager: Data saved(0ms).
2025.10.04 21:14:34,035	INFO	151	org.l2jmobius.gameserver.managers.GlobalVariablesManager	GlobalVariablesManager: Stored 2 variables.
2025.10.04 21:14:34,035	INFO	151	org.l2jmobius.gameserver.Shutdown	Global Variables Manager: Variables saved(8ms).
2025.10.04 21:14:34,036	INFO	151	org.l2jmobius.gameserver.Shutdown	Party Matching History Table: Data saved(1ms).
2025.10.04 21:14:34,053	INFO	151	org.l2jmobius.gameserver.Shutdown	SchemeBufferTable data has been saved.
2025.10.04 21:14:34,054	INFO	151	org.l2jmobius.gameserver.Shutdown	Bot Report Table: Successfully saved reports to database!
2025.10.04 21:14:39,064	INFO	151	org.l2jmobius.commons.database.DatabaseFactory	Database: HikariCP pool closed successfully.
2025.10.04 21:14:39,064	INFO	151	org.l2jmobius.gameserver.Shutdown	Database Factory: Database connection has been shut down(10ms).
2025.10.04 21:14:39,064	INFO	151	org.l2jmobius.gameserver.Shutdown	The server has been successfully shut down in 5seconds.
