2025.10.05 02:21:38,063	INFO	3	org.l2jmobius.commons.util.IXmlReader	Network Config: ipconfig.xml does not exist, using automatic configuration...
2025.10.05 02:21:38,486	INFO	3	org.l2jmobius.commons.util.IXmlReader	Network Config: Adding new subnet: 192.168.1.0/24 address: 192.168.1.8
2025.10.05 02:21:38,491	INFO	3	org.l2jmobius.commons.util.IXmlReader	Network Config: Adding new subnet: 192.168.116.0/24 address: 192.168.116.1
2025.10.05 02:21:38,491	INFO	3	org.l2jmobius.commons.util.IXmlReader	Network Config: Adding new subnet: 192.168.152.0/24 address: 192.168.152.1
2025.10.05 02:21:38,492	INFO	3	org.l2jmobius.commons.util.IXmlReader	Network Config: Adding new subnet: 172.26.224.0/20 address: 172.26.224.1
2025.10.05 02:21:38,492	INFO	3	org.l2jmobius.commons.util.IXmlReader	Network Config: Adding new subnet: 26.0.0.0/8 address: 26.81.77.5
2025.10.05 02:21:38,493	INFO	3	org.l2jmobius.commons.util.IXmlReader	Network Config: Adding new subnet: 172.25.32.0/20 address: 172.25.32.1
2025.10.05 02:21:38,493	INFO	3	org.l2jmobius.commons.util.IXmlReader	Network Config: Adding new subnet: 127.0.0.0/8 address: 127.0.0.1
2025.10.05 02:21:38,494	INFO	3	org.l2jmobius.commons.util.IXmlReader	Network Config: Adding new subnet: 0.0.0.0/0 address: 123.20.180.87
2025.10.05 02:21:38,783	INFO	3	org.l2jmobius.Config	Loaded 6 Filter Words.
2025.10.05 02:21:38,784	INFO	3	org.l2jmobius.gameserver.GameServer	------------------------------------------------=[ Database ]
2025.10.05 02:21:39,671	INFO	3	org.l2jmobius.commons.database.DatabaseFactory	Database: HikariCP pool initialized successfully.
2025.10.05 02:21:40,701	INFO	3	org.l2jmobius.commons.database.DatabaseFactory	Database: Initialized with a valid connection.
2025.10.05 02:21:40,722	INFO	3	org.l2jmobius.gameserver.GameServer	----------------------------------------------=[ ThreadPool ]
2025.10.05 02:21:40,726	INFO	3	org.l2jmobius.commons.threads.ThreadPool	ThreadPool: Initialized
2025.10.05 02:21:40,727	INFO	3	org.l2jmobius.commons.threads.ThreadPool	...scheduled pool executor with 6 high priority threads.
2025.10.05 02:21:40,744	INFO	3	org.l2jmobius.commons.threads.ThreadPool	...scheduled pool executor with 24 total threads.
2025.10.05 02:21:40,748	INFO	3	org.l2jmobius.commons.threads.ThreadPool	...instant pool executor with 12 total threads.
2025.10.05 02:21:40,753	INFO	3	org.l2jmobius.gameserver.GameServer	-----------------------------------------------=[ IdManager ]
2025.10.05 02:21:40,894	INFO	3	org.l2jmobius.gameserver.managers.DatabaseIdManager	DatabaseIdManager: Cleaned 0 elements in 0 seconds.
2025.10.05 02:21:40,906	INFO	3	org.l2jmobius.gameserver.managers.DatabaseIdManager	DatabaseIdManager: Updated character online status.
2025.10.05 02:21:40,923	INFO	3	org.l2jmobius.gameserver.managers.DatabaseIdManager	DatabaseIdManager: Cleaned 0 expired timestamps.
2025.10.05 02:21:40,983	INFO	3	org.l2jmobius.gameserver.managers.IdManager	IdManager: 102912 ids available.
2025.10.05 02:21:40,983	INFO	3	org.l2jmobius.gameserver.GameServer	----------------------------------------=[ Scripting Engine ]
2025.10.05 02:21:41,270	INFO	3	org.l2jmobius.gameserver.scripting.ScriptManager	Loaded 821 files to exclude.
2025.10.05 02:21:41,271	INFO	3	org.l2jmobius.gameserver.GameServer	---------------------------------------------------=[ World ]
2025.10.05 02:21:41,521	INFO	3	org.l2jmobius.gameserver.managers.MapRegionManager	MapRegionManager: Loaded 56 map regions.
2025.10.05 02:21:41,539	INFO	3	org.l2jmobius.gameserver.managers.ZoneManager	ZoneManager 19 by 18 Zone Region Grid set up.
2025.10.05 02:21:42,889	INFO	3	org.l2jmobius.gameserver.managers.ZoneManager	ZoneManager: Loaded 34 zone classes and 2738 zones.
2025.10.05 02:21:42,900	INFO	3	org.l2jmobius.gameserver.managers.ZoneManager	ZoneManager: Last static id 200224.
2025.10.05 02:21:43,591	INFO	3	org.l2jmobius.gameserver.data.xml.DoorData	DoorData: Loaded 1259 doors.
2025.10.05 02:21:43,602	INFO	3	FenceData	FenceData: Loaded 1 fences.
2025.10.05 02:21:43,784	INFO	3	org.l2jmobius.gameserver.managers.GlobalVariablesManager	GlobalVariablesManager: Loaded 2 variables.
2025.10.05 02:21:43,785	INFO	3	org.l2jmobius.gameserver.GameServer	----------------------------------------------------=[ Data ]
2025.10.05 02:21:43,793	INFO	3	org.l2jmobius.gameserver.data.xml.ActionData	ActionData: Loaded 248 player actions.
2025.10.05 02:21:43,804	INFO	3	org.l2jmobius.gameserver.data.xml.CategoryData	CategoryData: Loaded 33 categories.
2025.10.05 02:21:43,818	INFO	3	org.l2jmobius.gameserver.data.xml.SecondaryAuthData	SecondaryAuthData: Loaded 328 forbidden passwords.
2025.10.05 02:21:43,846	INFO	3	org.l2jmobius.gameserver.data.xml.SayuneData	SayuneData: Loaded 0 maps.
2025.10.05 02:21:43,874	INFO	3	org.l2jmobius.gameserver.data.xml.ClanRewardData	ClanRewardData: Loaded 4 rewards for members online.
2025.10.05 02:21:43,874	INFO	3	org.l2jmobius.gameserver.data.xml.ClanRewardData	ClanRewardData: Loaded 4 rewards for hunting monsters.
2025.10.05 02:21:43,874	INFO	3	org.l2jmobius.gameserver.data.xml.ClanRewardData	ClanRewardData: Loaded 5 rewards for raid arena.
2025.10.05 02:21:46,296	INFO	3	handlers.DailyMissionMasterHandler	DailyMissionMasterHandler: Loaded 11 handlers.
2025.10.05 02:21:46,347	INFO	3	org.l2jmobius.gameserver.data.xml.DailyMissionData	DailyMissionData: Loaded 96 one day rewards.
2025.10.05 02:21:46,403	INFO	3	org.l2jmobius.gameserver.data.xml.ElementalSpiritData	ElementalSpiritData: Loaded 4 elemental spirit templates.
2025.10.05 02:21:46,403	INFO	3	org.l2jmobius.gameserver.GameServer	--------------------------------------------------=[ Skills ]
2025.10.05 02:21:55,103	INFO	3	handlers.EffectMasterHandler	EffectMasterHandler: Loaded 388 effect handlers.
2025.10.05 02:21:55,146	INFO	3	org.l2jmobius.gameserver.data.xml.EnchantSkillGroupsData	EnchantSkillGroupsData: Loaded 30 enchant routes, max enchant set to 30.
2025.10.05 02:21:59,293	WARNING	3	org.l2jmobius.gameserver.data.xml.SkillData	SkillData: Failed loading effect for Skill Id[18024] Level[1] SubLevel[0] Effect Scope[GENERAL] Effect Name[VampiricAttack]
2025.10.05 02:21:59,428	WARNING	3	org.l2jmobius.gameserver.data.xml.SkillData	SkillData: Failed loading effect for Skill Id[18024] Level[1] SubLevel[0] Effect Scope[GENERAL] Effect Name[MpVampiricAttack]
2025.10.05 02:21:59,431	WARNING	3	org.l2jmobius.gameserver.data.xml.SkillData	SkillData: Failed loading effect for Skill Id[18024] Level[2] SubLevel[0] Effect Scope[GENERAL] Effect Name[VampiricAttack]
2025.10.05 02:21:59,434	WARNING	3	org.l2jmobius.gameserver.data.xml.SkillData	SkillData: Failed loading effect for Skill Id[18024] Level[2] SubLevel[0] Effect Scope[GENERAL] Effect Name[MpVampiricAttack]
2025.10.05 02:21:59,444	WARNING	3	org.l2jmobius.gameserver.data.xml.SkillData	SkillData: Failed loading effect for Skill Id[18024] Level[3] SubLevel[0] Effect Scope[GENERAL] Effect Name[VampiricAttack]
2025.10.05 02:21:59,452	WARNING	3	org.l2jmobius.gameserver.data.xml.SkillData	SkillData: Failed loading effect for Skill Id[18024] Level[3] SubLevel[0] Effect Scope[GENERAL] Effect Name[MpVampiricAttack]
2025.10.05 02:21:59,458	WARNING	3	org.l2jmobius.gameserver.data.xml.SkillData	SkillData: Failed loading effect for Skill Id[18024] Level[4] SubLevel[0] Effect Scope[GENERAL] Effect Name[VampiricAttack]
2025.10.05 02:21:59,459	WARNING	3	org.l2jmobius.gameserver.data.xml.SkillData	SkillData: Failed loading effect for Skill Id[18024] Level[4] SubLevel[0] Effect Scope[GENERAL] Effect Name[MpVampiricAttack]
2025.10.05 02:21:59,463	WARNING	3	org.l2jmobius.gameserver.data.xml.SkillData	SkillData: Failed loading effect for Skill Id[18024] Level[5] SubLevel[0] Effect Scope[GENERAL] Effect Name[VampiricAttack]
2025.10.05 02:21:59,464	WARNING	3	org.l2jmobius.gameserver.data.xml.SkillData	SkillData: Failed loading effect for Skill Id[18024] Level[5] SubLevel[0] Effect Scope[GENERAL] Effect Name[MpVampiricAttack]
2025.10.05 02:21:59,465	WARNING	3	org.l2jmobius.gameserver.data.xml.SkillData	SkillData: Failed loading effect for Skill Id[18024] Level[6] SubLevel[0] Effect Scope[GENERAL] Effect Name[VampiricAttack]
2025.10.05 02:21:59,465	WARNING	3	org.l2jmobius.gameserver.data.xml.SkillData	SkillData: Failed loading effect for Skill Id[18024] Level[6] SubLevel[0] Effect Scope[GENERAL] Effect Name[MpVampiricAttack]
2025.10.05 02:21:59,466	WARNING	3	org.l2jmobius.gameserver.data.xml.SkillData	SkillData: Failed loading effect for Skill Id[18024] Level[7] SubLevel[0] Effect Scope[GENERAL] Effect Name[VampiricAttack]
2025.10.05 02:21:59,477	WARNING	3	org.l2jmobius.gameserver.data.xml.SkillData	SkillData: Failed loading effect for Skill Id[18024] Level[7] SubLevel[0] Effect Scope[GENERAL] Effect Name[MpVampiricAttack]
2025.10.05 02:21:59,478	WARNING	3	org.l2jmobius.gameserver.data.xml.SkillData	SkillData: Failed loading effect for Skill Id[18024] Level[8] SubLevel[0] Effect Scope[GENERAL] Effect Name[VampiricAttack]
2025.10.05 02:21:59,478	WARNING	3	org.l2jmobius.gameserver.data.xml.SkillData	SkillData: Failed loading effect for Skill Id[18024] Level[8] SubLevel[0] Effect Scope[GENERAL] Effect Name[MpVampiricAttack]
2025.10.05 02:21:59,478	WARNING	3	org.l2jmobius.gameserver.data.xml.SkillData	SkillData: Failed loading effect for Skill Id[18024] Level[9] SubLevel[0] Effect Scope[GENERAL] Effect Name[VampiricAttack]
2025.10.05 02:21:59,556	WARNING	3	org.l2jmobius.gameserver.data.xml.SkillData	SkillData: Failed loading effect for Skill Id[18024] Level[9] SubLevel[0] Effect Scope[GENERAL] Effect Name[MpVampiricAttack]
2025.10.05 02:21:59,567	WARNING	3	org.l2jmobius.gameserver.data.xml.SkillData	SkillData: Failed loading effect for Skill Id[18024] Level[10] SubLevel[0] Effect Scope[GENERAL] Effect Name[VampiricAttack]
2025.10.05 02:21:59,568	WARNING	3	org.l2jmobius.gameserver.data.xml.SkillData	SkillData: Failed loading effect for Skill Id[18024] Level[10] SubLevel[0] Effect Scope[GENERAL] Effect Name[MpVampiricAttack]
2025.10.05 02:21:59,569	WARNING	3	org.l2jmobius.gameserver.data.xml.SkillData	SkillData: Failed loading effect for Skill Id[18024] Level[11] SubLevel[0] Effect Scope[GENERAL] Effect Name[VampiricAttack]
2025.10.05 02:21:59,608	WARNING	3	org.l2jmobius.gameserver.data.xml.SkillData	SkillData: Failed loading effect for Skill Id[18024] Level[11] SubLevel[0] Effect Scope[GENERAL] Effect Name[MpVampiricAttack]
2025.10.05 02:21:59,617	WARNING	3	org.l2jmobius.gameserver.data.xml.SkillData	SkillData: Failed loading effect for Skill Id[18024] Level[25] SubLevel[0] Effect Scope[GENERAL] Effect Name[VampiricAttack]
2025.10.05 02:21:59,624	WARNING	3	org.l2jmobius.gameserver.data.xml.SkillData	SkillData: Failed loading effect for Skill Id[18024] Level[25] SubLevel[0] Effect Scope[GENERAL] Effect Name[MpVampiricAttack]
2025.10.05 02:21:59,639	WARNING	3	org.l2jmobius.gameserver.data.xml.SkillData	SkillData: Failed loading effect for Skill Id[18024] Level[26] SubLevel[0] Effect Scope[GENERAL] Effect Name[VampiricAttack]
2025.10.05 02:21:59,645	WARNING	3	org.l2jmobius.gameserver.data.xml.SkillData	SkillData: Failed loading effect for Skill Id[18024] Level[26] SubLevel[0] Effect Scope[GENERAL] Effect Name[MpVampiricAttack]
2025.10.05 02:22:00,417	INFO	3	org.l2jmobius.gameserver.data.xml.SkillData	SkillData: Loaded 39398 Skills.
2025.10.05 02:22:01,303	INFO	3	org.l2jmobius.gameserver.data.xml.SkillTreeData	SkillTreeData: Loaded 17070 Class skills for 99 class skill trees.
2025.10.05 02:22:01,303	INFO	3	org.l2jmobius.gameserver.data.xml.SkillTreeData	SkillTreeData: Loaded 0 sub-class skills.
2025.10.05 02:22:01,303	INFO	3	org.l2jmobius.gameserver.data.xml.SkillTreeData	SkillTreeData: Loaded 0 dual-class skills.
2025.10.05 02:22:01,304	INFO	3	org.l2jmobius.gameserver.data.xml.SkillTreeData	SkillTreeData: Loaded 0 transfer skills for 0 transfer skill trees.
2025.10.05 02:22:01,304	INFO	3	org.l2jmobius.gameserver.data.xml.SkillTreeData	SkillTreeData: Loaded 0 race skills for 0 race skill trees.
2025.10.05 02:22:01,304	INFO	3	org.l2jmobius.gameserver.data.xml.SkillTreeData	SkillTreeData: Loaded 18 fishing skills, 8 Dwarven only fishing skills.
2025.10.05 02:22:01,304	INFO	3	org.l2jmobius.gameserver.data.xml.SkillTreeData	SkillTreeData: Loaded 55 certification skills.
2025.10.05 02:22:01,308	INFO	3	org.l2jmobius.gameserver.data.xml.SkillTreeData	SkillTreeData: Loaded 50 clan skills, 50 for clan and 0 residential.
2025.10.05 02:22:01,308	INFO	3	org.l2jmobius.gameserver.data.xml.SkillTreeData	SkillTreeData: Loaded 18 sub-pledge skills.
2025.10.05 02:22:01,309	INFO	3	org.l2jmobius.gameserver.data.xml.SkillTreeData	SkillTreeData: Loaded 0 transform skills.
2025.10.05 02:22:01,309	INFO	3	org.l2jmobius.gameserver.data.xml.SkillTreeData	SkillTreeData: Loaded 1 noble skills.
2025.10.05 02:22:01,309	INFO	3	org.l2jmobius.gameserver.data.xml.SkillTreeData	SkillTreeData: Loaded 1 hero skills.
2025.10.05 02:22:01,309	INFO	3	org.l2jmobius.gameserver.data.xml.SkillTreeData	SkillTreeData: Loaded 34 game master skills.
2025.10.05 02:22:01,309	INFO	3	org.l2jmobius.gameserver.data.xml.SkillTreeData	SkillTreeData: Loaded 1 game master aura skills.
2025.10.05 02:22:01,310	INFO	3	org.l2jmobius.gameserver.data.xml.SkillTreeData	SkillTreeData: Loaded 0 ability skills.
2025.10.05 02:22:01,310	INFO	3	org.l2jmobius.gameserver.data.xml.SkillTreeData	SkillTreeData: Loaded 0 alchemy skills.
2025.10.05 02:22:01,310	INFO	3	org.l2jmobius.gameserver.data.xml.SkillTreeData	SkillTreeData: Loaded 0 class awaken save skills.
2025.10.05 02:22:01,310	INFO	3	org.l2jmobius.gameserver.data.xml.SkillTreeData	SkillTreeData: Loaded 0 Revelation skills.
2025.10.05 02:22:01,310	INFO	3	org.l2jmobius.gameserver.data.xml.SkillTreeData	SkillTreeData: Loaded 10 common skills.
2025.10.05 02:22:01,334	INFO	3	org.l2jmobius.gameserver.data.xml.PetSkillData	PetSkillData: Loaded 881 skills.
2025.10.05 02:22:01,338	INFO	3	org.l2jmobius.gameserver.GameServer	---------------------------------------------------=[ Items ]
2025.10.05 02:22:02,718	INFO	3	org.l2jmobius.gameserver.data.xml.ItemData	ItemData: Highest item id used: 99162
2025.10.05 02:22:02,729	INFO	3	org.l2jmobius.gameserver.data.xml.ItemData	ItemData: Loaded 10011 etc items.
2025.10.05 02:22:02,736	INFO	3	org.l2jmobius.gameserver.data.xml.ItemData	ItemData: Loaded 2621 armor items.
2025.10.05 02:22:02,736	INFO	3	org.l2jmobius.gameserver.data.xml.ItemData	ItemData: Loaded 1745 weapon items.
2025.10.05 02:22:02,736	INFO	3	org.l2jmobius.gameserver.data.xml.ItemData	ItemData: Loaded 14377 items in total.
2025.10.05 02:22:02,797	INFO	3	org.l2jmobius.gameserver.data.xml.EnchantItemGroupsData	EnchantItemGroupsData: Loaded 7 item group templates.
2025.10.05 02:22:02,803	INFO	3	org.l2jmobius.gameserver.data.xml.EnchantItemGroupsData	EnchantItemGroupsData: Loaded 1 scroll group templates.
2025.10.05 02:22:02,823	INFO	3	org.l2jmobius.gameserver.data.xml.EnchantItemGroupsData	EnchantItemGroupsData: Max weapon enchant is set to 30.
2025.10.05 02:22:02,823	INFO	3	org.l2jmobius.gameserver.data.xml.EnchantItemGroupsData	EnchantItemGroupsData: Max armor enchant is set to 30.
2025.10.05 02:22:02,827	INFO	3	org.l2jmobius.gameserver.data.xml.EnchantItemGroupsData	EnchantItemGroupsData: Max accessory enchant is set to 30.
2025.10.05 02:22:02,868	INFO	3	org.l2jmobius.gameserver.data.xml.EnchantItemData	EnchantItemData: Loaded 54 enchant scrolls.
2025.10.05 02:22:02,875	INFO	3	org.l2jmobius.gameserver.data.xml.EnchantItemData	EnchantItemData: Loaded 0 support items.
2025.10.05 02:22:04,492	INFO	3	org.l2jmobius.gameserver.data.xml.OptionData	OptionData: Loaded 10861 options.
2025.10.05 02:22:04,518	INFO	3	org.l2jmobius.gameserver.data.xml.EnchantItemOptionsData	EnchantItemOptionsData: Loaded 22 items and 242 options.
2025.10.05 02:22:04,548	INFO	3	org.l2jmobius.commons.util.IXmlReader	ElementalAttributeData: Loaded 0 elemental attribute items.
2025.10.05 02:22:04,563	INFO	3	org.l2jmobius.gameserver.data.xml.ItemCrystallizationData	ItemCrystallizationData: Loaded 12 crystallization templates.
2025.10.05 02:22:04,574	INFO	3	org.l2jmobius.gameserver.data.xml.ItemCrystallizationData	ItemCrystallizationData: Loaded 65 weapon enchant failure rewards.
2025.10.05 02:22:04,575	INFO	3	org.l2jmobius.gameserver.data.xml.ItemCrystallizationData	ItemCrystallizationData: Loaded 35 armor enchant failure rewards.
2025.10.05 02:22:04,611	INFO	3	VariationData	VariationData: Loaded 21 variations.
2025.10.05 02:22:04,614	INFO	3	VariationData	VariationData: Loaded 926 fees.
2025.10.05 02:22:04,657	INFO	3	org.l2jmobius.gameserver.data.xml.EnsoulData	EnsoulData: Loaded 5 fees.
2025.10.05 02:22:04,658	INFO	3	org.l2jmobius.gameserver.data.xml.EnsoulData	EnsoulData: Loaded 660 options.
2025.10.05 02:22:04,658	INFO	3	org.l2jmobius.gameserver.data.xml.EnsoulData	EnsoulData: Loaded 340 stones.
2025.10.05 02:22:04,675	INFO	3	org.l2jmobius.gameserver.data.xml.EnchantItemHPBonusData	EnchantItemHPBonusData: Loaded 11 enchant HP bonuses.
2025.10.05 02:22:05,730	INFO	3	org.l2jmobius.gameserver.data.xml.BuyListData	BuyListData: Loaded 402 buyLists.
2025.10.05 02:22:06,189	INFO	3	org.l2jmobius.gameserver.data.xml.MultisellData	MultisellData: Loaded 175 multisell lists.
2025.10.05 02:22:06,245	INFO	3	org.l2jmobius.gameserver.data.xml.CombinationItemsData	CombinationItemsData: Loaded 652 combinations.
2025.10.05 02:22:06,265	INFO	3	org.l2jmobius.gameserver.data.xml.EquipmentUpgradeData	EquipmentUpgradeData: Loaded 74 upgrade equipment data.
2025.10.05 02:22:06,276	INFO	3	org.l2jmobius.gameserver.data.xml.AgathionData	AgathionData: Loaded 140 agathion data.
2025.10.05 02:22:06,284	INFO	3	org.l2jmobius.gameserver.data.xml.RaidTeleportListData	RaidTeleportListData: Loaded 98 teleports.
2025.10.05 02:22:06,367	INFO	3	org.l2jmobius.gameserver.data.xml.RecipeData	RecipeData: Loaded 592 recipes.
2025.10.05 02:22:06,432	INFO	3	org.l2jmobius.gameserver.data.xml.ArmorSetData	ArmorSetData: Loaded 51 armor sets.
2025.10.05 02:22:06,451	INFO	3	org.l2jmobius.gameserver.data.xml.FishingData	FishingData: Loaded 2 bait and 2 rod data.
2025.10.05 02:22:06,506	INFO	3	org.l2jmobius.gameserver.data.xml.HennaData	HennaData: Loaded 372 henna data.
2025.10.05 02:22:06,513	INFO	3	org.l2jmobius.gameserver.data.xml.PrimeShopData	PrimeShopData: System is disabled.
2025.10.05 02:22:06,522	INFO	3	org.l2jmobius.gameserver.data.xml.LimitShopData	LimitShopData: Loaded 34 items.
2025.10.05 02:22:06,529	INFO	3	org.l2jmobius.gameserver.data.xml.RaidDropAnnounceData	RaidDropAnnounceData: Loaded 1 raid drop announce data.
2025.10.05 02:22:06,571	INFO	3	org.l2jmobius.gameserver.data.xml.AppearanceItemData	AppearanceItemData: Loaded 2 stones.
2025.10.05 02:22:06,607	INFO	3	org.l2jmobius.gameserver.model.costumes.Costumes	Costumes: Loaded 159 costumes.
2025.10.05 02:22:06,608	INFO	3	org.l2jmobius.gameserver.model.costumes.Costumes	Costumes: Loaded 5 costumes grade.
2025.10.05 02:22:06,608	INFO	3	org.l2jmobius.gameserver.model.costumes.Costumes	Costumes: Loaded 12 collections.
2025.10.05 02:22:06,608	INFO	3	org.l2jmobius.gameserver.model.costumes.Costumes	Costumes: Loaded 12 collections skills.
2025.10.05 02:22:06,614	INFO	3	org.l2jmobius.commons.util.IXmlReader	LuckyGameData: Loaded 2 lucky game data.
2025.10.05 02:22:06,624	INFO	3	org.l2jmobius.gameserver.data.xml.MableGameData	MableGameData: Loaded (40 cells)
2025.10.05 02:22:06,650	INFO	3	org.l2jmobius.gameserver.data.xml.AttendanceRewardData	AttendanceRewardData: Disabled.
2025.10.05 02:22:06,706	INFO	3	org.l2jmobius.commons.util.IXmlReader	RandomCraftData: Loaded 4260 extraction data.
2025.10.05 02:22:06,722	INFO	3	org.l2jmobius.commons.util.IXmlReader	RandomCraftData: Loaded 78 rewards.
2025.10.05 02:22:06,737	INFO	3	org.l2jmobius.gameserver.data.xml.VipData	VipData: Loaded 11 vips.
2025.10.05 02:22:06,746	INFO	3	org.l2jmobius.gameserver.GameServer	----------------------------------------------=[ Characters ]
2025.10.05 02:22:06,764	INFO	3	org.l2jmobius.gameserver.data.xml.ClassListData	ClassListData: Loaded 99 class data.
2025.10.05 02:22:06,773	INFO	3	org.l2jmobius.gameserver.data.xml.InitialEquipmentData	InitialEquipmentData: Loaded 10 initial equipment data.
2025.10.05 02:22:06,782	INFO	3	org.l2jmobius.gameserver.data.xml.InitialShortcutData	InitialShortcutData: Loaded 6 initial global shortcuts data.
2025.10.05 02:22:06,782	INFO	3	org.l2jmobius.gameserver.data.xml.InitialShortcutData	InitialShortcutData: Loaded 4 initial shortcuts data.
2025.10.05 02:22:06,782	INFO	3	org.l2jmobius.gameserver.data.xml.InitialShortcutData	InitialShortcutData: Loaded 0 macro presets.
2025.10.05 02:22:06,792	INFO	3	org.l2jmobius.gameserver.data.xml.ExperienceData	ExperienceData: Loaded 91 levels.
2025.10.05 02:22:06,792	INFO	3	org.l2jmobius.gameserver.data.xml.ExperienceData	ExperienceData: Max Player Level is 90.
2025.10.05 02:22:06,792	INFO	3	org.l2jmobius.gameserver.data.xml.ExperienceData	ExperienceData: Max Pet Level is 91.
2025.10.05 02:22:06,824	INFO	3	org.l2jmobius.gameserver.data.xml.KarmaData	KarmaData: Loaded 90 karma modifiers.
2025.10.05 02:22:06,829	INFO	3	org.l2jmobius.gameserver.data.xml.HitConditionBonusData	HitConditionBonusData: Loaded hit condition bonuses.
2025.10.05 02:22:07,465	INFO	3	org.l2jmobius.gameserver.data.xml.PlayerTemplateData	PlayerTemplateData: Loaded 99 character templates.
2025.10.05 02:22:07,465	INFO	3	org.l2jmobius.gameserver.data.xml.PlayerTemplateData	PlayerTemplateData: Loaded 53460 level up gain records.
2025.10.05 02:22:07,589	INFO	3	org.l2jmobius.gameserver.data.sql.CharInfoTable	CharInfoTable: Loaded 1 char names.
2025.10.05 02:22:07,603	INFO	3	org.l2jmobius.gameserver.data.sql.PartyMatchingHistoryTable	PartyMatchingHistoryTable: Loaded 0 party matching history data.
2025.10.05 02:22:07,618	INFO	3	org.l2jmobius.gameserver.data.xml.AdminData	AdminData: Loaded 10 access levels.
2025.10.05 02:22:07,625	INFO	3	org.l2jmobius.gameserver.data.xml.AdminData	AdminData: Loaded 464 access commands.
2025.10.05 02:22:08,646	INFO	3	org.l2jmobius.gameserver.data.xml.PetDataTable	PetDataTable: Loaded 53 pets.
2025.10.05 02:22:08,770	INFO	3	org.l2jmobius.gameserver.data.xml.CubicData	CubicData: Loaded 21 cubics.
2025.10.05 02:22:08,792	INFO	3	org.l2jmobius.gameserver.GameServer	---------------------------------------------------=[ Clans ]
2025.10.05 02:22:08,795	INFO	3	org.l2jmobius.gameserver.data.xml.ClanLevelData	ClanLevelData: Loaded 11 clan level data.
2025.10.05 02:22:08,824	INFO	3	org.l2jmobius.gameserver.communitybbs.Manager.ForumsBBSManager	ForumsBBSManager: Loaded 5 forums. Last forum id used: 5
2025.10.05 02:22:08,850	INFO	3	org.l2jmobius.gameserver.data.sql.ClanTable	ClanTable: Restored 1 clans from the database.
2025.10.05 02:22:08,859	INFO	3	org.l2jmobius.gameserver.data.xml.ResidenceFunctionsData	ResidenceFunctionsData: Loaded 8 functions.
2025.10.05 02:22:09,208	INFO	3	org.l2jmobius.gameserver.data.xml.ClanHallData	ClanHallData: Succesfully loaded 46 clan halls.
2025.10.05 02:22:09,213	INFO	3	org.l2jmobius.gameserver.managers.ClanHallAuctionManager	ClanHallAuctionManager: Clan Hall Auction has started!
2025.10.05 02:22:09,262	INFO	3	org.l2jmobius.gameserver.managers.ClanEntryManager	ClanEntryManager: Loaded 0 clan entries.
2025.10.05 02:22:09,264	INFO	3	org.l2jmobius.gameserver.managers.ClanEntryManager	ClanEntryManager: Loaded 0 players in waiting list.
2025.10.05 02:22:09,266	INFO	3	org.l2jmobius.gameserver.managers.ClanEntryManager	ClanEntryManager: Loaded 0 player applications.
2025.10.05 02:22:09,267	INFO	3	org.l2jmobius.gameserver.GameServer	-------------------------------------------------=[ Geodata ]
2025.10.05 02:22:09,284	INFO	3	org.l2jmobius.gameserver.geoengine.GeoEngine	GeoEngine: Loaded 0 regions.
2025.10.05 02:22:09,284	INFO	3	org.l2jmobius.gameserver.geoengine.GeoEngine	GeoEngine: Pathfinding is disabled.
2025.10.05 02:22:09,284	INFO	3	org.l2jmobius.gameserver.GameServer	----------------------------------------------------=[ NPCs ]
2025.10.05 02:22:10,660	INFO	3	org.l2jmobius.gameserver.data.xml.NpcData	NpcData: Loaded 6397 NPCs.
2025.10.05 02:22:10,698	INFO	3	org.l2jmobius.gameserver.data.xml.NpcData	NpcData: Loaded 20 custom NPCs.
2025.10.05 02:22:11,248	INFO	3	org.l2jmobius.gameserver.data.xml.SpawnData	SpawnData: Loaded 29302 spawns
2025.10.05 02:22:11,254	INFO	3	org.l2jmobius.gameserver.managers.WalkingManager	WalkingManager: Loaded 1 walking routes.
2025.10.05 02:22:11,267	INFO	3	org.l2jmobius.gameserver.data.xml.StaticObjectData	StaticObjectData: Loaded 86 static object templates.
2025.10.05 02:22:11,270	INFO	3	org.l2jmobius.gameserver.managers.ItemAuctionManager	ItemAuctionManager: Disabled.
2025.10.05 02:22:11,316	INFO	3	org.l2jmobius.gameserver.managers.InstanceManager	InstanceManager: Loaded 46 instance names.
2025.10.05 02:22:11,389	INFO	3	org.l2jmobius.gameserver.managers.InstanceManager	InstanceManager: Loaded 15 instance templates.
2025.10.05 02:22:11,400	INFO	3	org.l2jmobius.gameserver.managers.InstanceManager	InstanceManager: Loaded instance reenter times for 1 players.
2025.10.05 02:22:11,422	INFO	3	org.l2jmobius.gameserver.managers.CastleManager	CastleManager: Loaded 2 castles.
2025.10.05 02:22:11,433	INFO	3	org.l2jmobius.gameserver.data.SchemeBufferTable	SchemeBufferTable: Loaded 0 players schemes and 60 available buffs.
2025.10.05 02:22:11,441	INFO	3	org.l2jmobius.gameserver.managers.GrandBossManager	GrandBossManager: Queen Ant(29001) status is 0
2025.10.05 02:22:11,442	INFO	3	org.l2jmobius.gameserver.managers.GrandBossManager	GrandBossManager: Core(29006) status is 0
2025.10.05 02:22:11,442	INFO	3	org.l2jmobius.gameserver.managers.GrandBossManager	GrandBossManager: Orfen(29014) status is 0
2025.10.05 02:22:11,442	INFO	3	org.l2jmobius.gameserver.managers.GrandBossManager	GrandBossManager: Baium(29020) status is 0
2025.10.05 02:22:11,442	INFO	3	org.l2jmobius.gameserver.managers.GrandBossManager	GrandBossManager: Zaken(29022) status is 0
2025.10.05 02:22:11,442	INFO	3	org.l2jmobius.gameserver.managers.GrandBossManager	GrandBossManager: Antharas(29068) status is 0
2025.10.05 02:22:11,442	INFO	3	org.l2jmobius.gameserver.managers.GrandBossManager	GrandBossManager: Loaded 6 instances.
2025.10.05 02:22:11,443	INFO	3	org.l2jmobius.gameserver.GameServer	------------------------------------------------=[ Instance ]
2025.10.05 02:22:11,443	INFO	3	org.l2jmobius.gameserver.GameServer	------------------------------------------------=[ Olympiad ]
2025.10.05 02:22:11,463	INFO	3	org.l2jmobius.gameserver.model.olympiad.Olympiad	Olympiad System: Loading....
2025.10.05 02:22:11,463	INFO	3	org.l2jmobius.gameserver.model.olympiad.Olympiad	Olympiad System: Currently in Olympiad Period
2025.10.05 02:22:11,465	INFO	3	org.l2jmobius.gameserver.model.olympiad.Olympiad	Olympiad System: 29 days, 9 hours and 37 mins until period ends.
2025.10.05 02:22:11,465	INFO	3	org.l2jmobius.gameserver.model.olympiad.Olympiad	Olympiad System: Next weekly change is in 6 days, 18 hours and 45 mins.
2025.10.05 02:22:11,465	INFO	3	org.l2jmobius.gameserver.model.olympiad.Olympiad	Olympiad System: Loaded 0 Nobles
2025.10.05 02:22:11,470	INFO	3	org.l2jmobius.gameserver.model.olympiad.Olympiad	Olympiad System: Competition Period Starts in 5 days, 17 hours and 38 mins.
2025.10.05 02:22:11,485	INFO	3	org.l2jmobius.gameserver.model.olympiad.Olympiad	Olympiad System: Event starts/started: Fri Oct 10 20:00:11 GMT+07:00 2025
2025.10.05 02:22:11,497	INFO	3	org.l2jmobius.gameserver.model.olympiad.Hero	Hero System: Loaded 0 Heroes.
2025.10.05 02:22:11,497	INFO	3	org.l2jmobius.gameserver.model.olympiad.Hero	Hero System: Loaded 0 all time Heroes.
2025.10.05 02:22:11,497	INFO	3	org.l2jmobius.gameserver.GameServer	---------------------------------------------------=[ Cache ]
2025.10.05 02:22:11,498	INFO	3	org.l2jmobius.gameserver.cache.HtmCache	Cache[HTML]: Running lazy cache.
2025.10.05 02:22:11,501	INFO	3	org.l2jmobius.gameserver.data.sql.CrestTable	CrestTable: Loaded 0 Crests.
2025.10.05 02:22:11,504	INFO	3	org.l2jmobius.gameserver.data.xml.TeleportListData	TeleportListData: Loaded 90 teleports.
2025.10.05 02:22:11,505	INFO	3	org.l2jmobius.gameserver.managers.SharedTeleportManager	SharedTeleportManager: initialized.
2025.10.05 02:22:14,739	INFO	3	org.l2jmobius.gameserver.data.xml.TeleporterData	TeleporterData: Loaded 92 npc teleporters.
2025.10.05 02:22:14,747	INFO	3	org.l2jmobius.gameserver.data.xml.TimedHuntingZoneData	TimedHuntingZoneData: Loaded 1 timed hunting zones.
2025.10.05 02:22:14,855	INFO	3	org.l2jmobius.gameserver.data.xml.TransformData	TransformData: Loaded 44 transform templates.
2025.10.05 02:22:14,863	INFO	3	org.l2jmobius.gameserver.data.BotReportTable	BotReportTable: Loaded 0 bot reports
2025.10.05 02:22:14,868	INFO	3	org.l2jmobius.gameserver.GameServer	-------------------------------------------------=[ Scripts ]
2025.10.05 02:22:14,881	INFO	3	org.l2jmobius.gameserver.managers.AirShipManager	AirShipManager: Loaded 0 private airships
2025.10.05 02:22:14,891	INFO	3	org.l2jmobius.gameserver.data.xml.ShuttleData	ShuttleData: Loaded 3 shuttles.
2025.10.05 02:22:14,891	INFO	3	org.l2jmobius.gameserver.GameServer	GameServer: Loading server scripts:
2025.10.05 02:22:18,304	INFO	3	handlers.MasterHandler	Loading Handlers...
2025.10.05 02:22:18,577	INFO	3	handlers.MasterHandler	ActionHandler: Loaded 10 handlers.
2025.10.05 02:22:18,579	INFO	3	handlers.MasterHandler	ActionShiftHandler: Loaded 6 handlers.
2025.10.05 02:22:18,579	INFO	3	handlers.MasterHandler	AdminCommandHandler: Loaded 460 handlers.
2025.10.05 02:22:18,579	INFO	3	handlers.MasterHandler	BypassHandler: Loaded 32 handlers.
2025.10.05 02:22:18,579	INFO	3	handlers.MasterHandler	ChatHandler: Loaded 14 handlers.
2025.10.05 02:22:18,579	INFO	3	handlers.MasterHandler	CommunityBoardHandler: Loaded 24 handlers.
2025.10.05 02:22:18,579	INFO	3	handlers.MasterHandler	ItemHandler: Loaded 32 handlers.
2025.10.05 02:22:18,579	INFO	3	handlers.MasterHandler	PunishmentHandler: Loaded 3 handlers.
2025.10.05 02:22:18,579	INFO	3	handlers.MasterHandler	UserCommandHandler: Loaded 16 handlers.
2025.10.05 02:22:18,579	INFO	3	handlers.MasterHandler	VoicedCommandHandler: Loaded 7 handlers.
2025.10.05 02:22:18,580	INFO	3	handlers.MasterHandler	TargetHandler: Loaded 22 handlers.
2025.10.05 02:22:18,580	INFO	3	handlers.MasterHandler	AffectObjectHandler: Loaded 11 handlers.
2025.10.05 02:22:18,580	INFO	3	handlers.MasterHandler	AffectScopeHandler: Loaded 19 handlers.
2025.10.05 02:22:18,580	INFO	3	handlers.MasterHandler	PlayerActionHandler: Loaded 24 handlers.
2025.10.05 02:22:18,580	INFO	3	handlers.MasterHandler	Handlers Loaded...
2025.10.05 02:22:21,915	INFO	3	org.l2jmobius.gameserver.managers.GrandBossManager	GrandBossManager: Updated Zaken(29022) status to 0.
2025.10.05 02:22:21,958	INFO	3	ai.others.ClassMaster.ClassMaster	ClassMaster: Loaded 0 class change options.
2025.10.05 02:22:22,065	INFO	3	org.l2jmobius.gameserver.model.quest.Quest	Event Chef Monkey Event has passed... Ignored 
2025.10.05 02:22:22,073	INFO	3	org.l2jmobius.gameserver.model.quest.Quest	Event Eve the Fortune Teller has passed... Ignored 
2025.10.05 02:22:22,104	INFO	3	org.l2jmobius.gameserver.model.quest.Quest	Event Happy Hours has passed... Ignored 
2025.10.05 02:22:22,115	INFO	3	org.l2jmobius.gameserver.model.quest.Quest	Event Letter Collector active till Sat Jul 29 00:00:00 GMT+07:00 2034
2025.10.05 02:22:22,123	INFO	3	org.l2jmobius.gameserver.managers.events.LetterCollectorManager	LetterCollectorManager: Loaded 3 words.
2025.10.05 02:22:22,123	INFO	3	org.l2jmobius.gameserver.managers.events.LetterCollectorManager	LetterCollectorManager: Loaded 12 letters.
2025.10.05 02:22:22,128	INFO	3	org.l2jmobius.gameserver.model.quest.Quest	Event Merry Squashmas Event has passed... Ignored 
2025.10.05 02:22:22,132	INFO	3	org.l2jmobius.gameserver.model.quest.Quest	Event Squash Event has passed... Ignored 
2025.10.05 02:22:22,137	INFO	3	org.l2jmobius.gameserver.model.quest.Quest	Event The Power Of Love has passed... Ignored 
2025.10.05 02:22:22,141	INFO	3	org.l2jmobius.gameserver.model.quest.Quest	Event Total Recall has passed... Ignored 
2025.10.05 02:22:22,178	INFO	3	org.l2jmobius.gameserver.model.quest.Quest	Event Watermelon Ninja has passed... Ignored 
2025.10.05 02:22:22,285	INFO	3	org.l2jmobius.gameserver.data.xml.SpawnData	SpawnData: Initializing spawns...
2025.10.05 02:22:23,205	INFO	3	org.l2jmobius.gameserver.managers.DBSpawnManager	DBSpawnManager: Loaded 157 instances.
2025.10.05 02:22:23,206	INFO	3	org.l2jmobius.gameserver.managers.DBSpawnManager	DBSpawnManager: Scheduled 0 instances.
2025.10.05 02:22:26,309	INFO	3	org.l2jmobius.gameserver.data.xml.SpawnData	SpawnData: All spawns has been initialized!
2025.10.05 02:22:26,311	INFO	3	org.l2jmobius.gameserver.GameServer	---------------------------------------------------=[ Siege ]
2025.10.05 02:22:26,327	INFO	3	org.l2jmobius.gameserver.data.xml.SiegeScheduleData	SiegeScheduleData: Loaded 2 siege schedulers.
2025.10.05 02:22:26,327	INFO	3	org.l2jmobius.gameserver.model.siege.Siege	Siege of Giran: Sun Oct 12 20:00:00 GMT+07:00 2025
2025.10.05 02:22:26,355	INFO	3	org.l2jmobius.gameserver.model.siege.Siege	Siege of Goddard: Sun Oct 12 20:00:00 GMT+07:00 2025
2025.10.05 02:22:26,391	INFO	3	org.l2jmobius.gameserver.managers.FortManager	FortManager: Loaded 1 fortress.
2025.10.05 02:22:26,430	INFO	3	org.l2jmobius.gameserver.managers.CastleManorManager	CastleManorManager: Manor system is deactivated.
2025.10.05 02:22:26,442	INFO	3	org.l2jmobius.gameserver.managers.SiegeGuardManager	SiegeGuardManager: Loaded 0 siege guards tickets.
2025.10.05 02:22:26,442	INFO	3	org.l2jmobius.gameserver.managers.QuestManager	QuestManager: Loaded 56 quests.
2025.10.05 02:22:26,442	INFO	3	org.l2jmobius.gameserver.managers.QuestManager	QuestManager: Loaded 117 scripts.
2025.10.05 02:22:26,481	INFO	3	org.l2jmobius.gameserver.taskmanagers.PersistentTaskManager	PersistentTaskManager: Loaded 5 Tasks.
2025.10.05 02:22:26,483	INFO	3	org.l2jmobius.gameserver.managers.DailyResetManager	DailyResetManager: Next schedule at 05/10/2025 06:30:00.
2025.10.05 02:22:26,498	INFO	3	org.l2jmobius.gameserver.managers.MailManager	MailManager: Loaded 0 messages.
2025.10.05 02:22:26,507	INFO	3	org.l2jmobius.gameserver.managers.PunishmentManager	PunishmentManager: Loaded 0 active and 0 expired punishments.
2025.10.05 02:22:26,508	INFO	3	org.l2jmobius.gameserver.GameServer	IdManager: Free ObjectID's remaining: 1879007651
2025.10.05 02:22:26,510	INFO	3	org.l2jmobius.gameserver.data.sql.OfflineTraderTable	OfflineTraderTable: Loading offline traders...
2025.10.05 02:22:26,511	INFO	3	org.l2jmobius.gameserver.data.sql.OfflineTraderTable	OfflineTraderTable: Loaded 0 offline traders.
2025.10.05 02:22:26,519	INFO	99	org.l2jmobius.commons.util.DeadlockWatcher	DeadlockWatcher: Thread started.
2025.10.05 02:22:28,790	INFO	3	org.l2jmobius.gameserver.GameServer	GameServer: Started, using 822 of 4096 MB total memory.
2025.10.05 02:22:28,790	INFO	3	org.l2jmobius.gameserver.GameServer	GameServer: Maximum number of connected players is 2000.
2025.10.05 02:22:28,791	INFO	3	org.l2jmobius.gameserver.GameServer	GameServer: Server loaded in 52 seconds.
2025.10.05 02:22:28,824	INFO	101	org.l2jmobius.gameserver.LoginServerThread	LoginServerThread: Connecting to login on 127.0.0.1:9014
2025.10.05 02:22:28,880	INFO	101	org.l2jmobius.gameserver.LoginServerThread	LoginServerThread: Registered on login as Server 2: Sieghardt
2025.10.05 02:22:37,462	WARNING	118	org.l2jmobius.gameserver.model.actor.Creature	Master access level set for character helo! Just a warning to be careful ;)
2025.10.05 02:22:59,266	WARNING	144	org.l2jmobius.gameserver.network.PacketLogger	RequestExTryToPutEnchantTargetItem: Player:helo[268476263] has used undefined scroll with id 94215
2025.10.05 02:25:12,230	WARNING	136	org.l2jmobius.gameserver.network.PacketLogger	RequestExTryToPutEnchantTargetItem: Player:helo[268476263] has used undefined scroll with id 94215
2025.10.05 02:27:35,317	WARNING	137	org.l2jmobius.gameserver.network.PacketLogger	RequestExTryToPutEnchantTargetItem: Player:helo[268476263] has used undefined scroll with id 92402
2025.10.05 02:52:26,495	INFO	59	org.l2jmobius.gameserver.managers.GlobalVariablesManager	GlobalVariablesManager: Stored 2 variables.
2025.10.05 02:52:26,495	WARNING	59	org.l2jmobius.gameserver.data.xml.MableGameData	MableGameData: Saved player states.
2025.10.05 03:22:26,489	INFO	66	org.l2jmobius.gameserver.managers.GlobalVariablesManager	GlobalVariablesManager: Stored 2 variables.
2025.10.05 03:22:26,490	WARNING	66	org.l2jmobius.gameserver.data.xml.MableGameData	MableGameData: Saved player states.
2025.10.05 03:52:26,495	INFO	68	org.l2jmobius.gameserver.managers.GlobalVariablesManager	GlobalVariablesManager: Stored 2 variables.
2025.10.05 03:52:26,495	WARNING	68	org.l2jmobius.gameserver.data.xml.MableGameData	MableGameData: Saved player states.
2025.10.05 04:22:26,489	INFO	65	org.l2jmobius.gameserver.managers.GlobalVariablesManager	GlobalVariablesManager: Stored 2 variables.
2025.10.05 04:22:26,490	WARNING	65	org.l2jmobius.gameserver.data.xml.MableGameData	MableGameData: Saved player states.
2025.10.05 04:52:26,492	INFO	58	org.l2jmobius.gameserver.managers.GlobalVariablesManager	GlobalVariablesManager: Stored 2 variables.
2025.10.05 04:52:26,492	WARNING	58	org.l2jmobius.gameserver.data.xml.MableGameData	MableGameData: Saved player states.
2025.10.05 05:22:26,492	INFO	57	org.l2jmobius.gameserver.managers.GlobalVariablesManager	GlobalVariablesManager: Stored 2 variables.
2025.10.05 05:22:26,493	WARNING	57	org.l2jmobius.gameserver.data.xml.MableGameData	MableGameData: Saved player states.
2025.10.05 05:52:26,491	INFO	66	org.l2jmobius.gameserver.managers.GlobalVariablesManager	GlobalVariablesManager: Stored 2 variables.
2025.10.05 05:52:26,491	WARNING	66	org.l2jmobius.gameserver.data.xml.MableGameData	MableGameData: Saved player states.
2025.10.05 06:22:26,490	INFO	59	org.l2jmobius.gameserver.managers.GlobalVariablesManager	GlobalVariablesManager: Stored 2 variables.
2025.10.05 06:22:26,490	WARNING	59	org.l2jmobius.gameserver.data.xml.MableGameData	MableGameData: Saved player states.
2025.10.05 06:30:00,002	INFO	62	org.l2jmobius.gameserver.managers.DailyResetManager	Starting reset of daily tasks...
2025.10.05 06:30:00,074	INFO	62	org.l2jmobius.gameserver.managers.DailyResetManager	Daily clan bonuses have been reset.
2025.10.05 06:30:00,075	INFO	62	org.l2jmobius.gameserver.managers.DailyResetManager	Daily skill reuse cleaned.
2025.10.05 06:30:00,077	INFO	62	org.l2jmobius.gameserver.managers.DailyResetManager	Daily item reuse cleaned.
2025.10.05 06:30:00,077	INFO	62	org.l2jmobius.gameserver.managers.DailyResetManager	PrimeShopData have been reset.
2025.10.05 06:30:00,111	INFO	62	org.l2jmobius.gameserver.managers.DailyResetManager	Daily LimitShopData have been reset.
2025.10.05 06:30:00,115	INFO	62	org.l2jmobius.gameserver.managers.DailyResetManager	Daily world chat points have been reset.
2025.10.05 06:30:00,129	INFO	62	org.l2jmobius.gameserver.managers.DailyResetManager	Special Hunting Zones have been reset.
2025.10.05 06:30:00,152	INFO	62	org.l2jmobius.gameserver.managers.DailyResetManager	Attendance Rewards have been reset.
2025.10.05 06:30:00,176	INFO	62	org.l2jmobius.gameserver.managers.DailyResetManager	Daily tasks reset completed.
2025.10.05 06:30:00,497	INFO	59	org.l2jmobius.gameserver.taskmanagers.tasks.TaskBirthday	BirthdayManager: 0 gifts sent. [05/10/2025] - [05/10/2025]
2025.10.05 06:30:00,516	INFO	70	org.l2jmobius.gameserver.taskmanagers.tasks.TaskRecom	Recommendations System reseted.
2025.10.05 06:52:26,491	INFO	69	org.l2jmobius.gameserver.managers.GlobalVariablesManager	GlobalVariablesManager: Stored 2 variables.
2025.10.05 06:52:26,492	WARNING	69	org.l2jmobius.gameserver.data.xml.MableGameData	MableGameData: Saved player states.
2025.10.05 07:22:26,491	INFO	53	org.l2jmobius.gameserver.managers.GlobalVariablesManager	GlobalVariablesManager: Stored 2 variables.
2025.10.05 07:22:26,492	WARNING	53	org.l2jmobius.gameserver.data.xml.MableGameData	MableGameData: Saved player states.
2025.10.05 07:52:26,491	INFO	61	org.l2jmobius.gameserver.managers.GlobalVariablesManager	GlobalVariablesManager: Stored 2 variables.
2025.10.05 07:52:26,492	WARNING	61	org.l2jmobius.gameserver.data.xml.MableGameData	MableGameData: Saved player states.
2025.10.05 08:22:26,490	INFO	49	org.l2jmobius.gameserver.managers.GlobalVariablesManager	GlobalVariablesManager: Stored 2 variables.
2025.10.05 08:22:26,490	WARNING	49	org.l2jmobius.gameserver.data.xml.MableGameData	MableGameData: Saved player states.
2025.10.05 08:52:26,491	INFO	58	org.l2jmobius.gameserver.managers.GlobalVariablesManager	GlobalVariablesManager: Stored 2 variables.
2025.10.05 08:52:26,491	WARNING	58	org.l2jmobius.gameserver.data.xml.MableGameData	MableGameData: Saved player states.
2025.10.05 09:22:26,492	INFO	54	org.l2jmobius.gameserver.managers.GlobalVariablesManager	GlobalVariablesManager: Stored 2 variables.
2025.10.05 09:22:26,492	WARNING	54	org.l2jmobius.gameserver.data.xml.MableGameData	MableGameData: Saved player states.
2025.10.05 09:52:26,492	INFO	69	org.l2jmobius.gameserver.managers.GlobalVariablesManager	GlobalVariablesManager: Stored 2 variables.
2025.10.05 09:52:26,493	WARNING	69	org.l2jmobius.gameserver.data.xml.MableGameData	MableGameData: Saved player states.
2025.10.05 10:06:51,417	WARNING	148	org.l2jmobius.gameserver.network.PacketLogger	RequestExTryToPutEnchantTargetItem: Player:helo[268476263] has used undefined scroll with id 94215
2025.10.05 10:11:53,476	WARNING	135	org.l2jmobius.gameserver.network.PacketLogger	RequestExTryToPutEnchantTargetItem: Player:helo[268476263] has used undefined scroll with id 94215
2025.10.05 10:22:26,501	INFO	58	org.l2jmobius.gameserver.managers.GlobalVariablesManager	GlobalVariablesManager: Stored 2 variables.
2025.10.05 10:22:26,502	WARNING	58	org.l2jmobius.gameserver.data.xml.MableGameData	MableGameData: Saved player states.
2025.10.05 10:52:26,492	INFO	55	org.l2jmobius.gameserver.managers.GlobalVariablesManager	GlobalVariablesManager: Stored 2 variables.
2025.10.05 10:52:26,492	WARNING	55	org.l2jmobius.gameserver.data.xml.MableGameData	MableGameData: Saved player states.
2025.10.05 10:54:00,020	INFO	63	org.l2jmobius.gameserver.model.siege.FortSiege	FortSiege: Opened Orc Fortress doors.
2025.10.05 10:54:00,061	INFO	63	org.l2jmobius.gameserver.model.siege.FortSiege	FortSiege: Siege of OrcFortess fort started.
2025.10.05 11:22:26,496	INFO	49	org.l2jmobius.gameserver.managers.GlobalVariablesManager	GlobalVariablesManager: Stored 2 variables.
2025.10.05 11:22:26,496	WARNING	49	org.l2jmobius.gameserver.data.xml.MableGameData	MableGameData: Saved player states.
2025.10.05 11:24:00,113	INFO	68	org.l2jmobius.gameserver.model.siege.FortSiege	FortSiege: Closed Orc Fortress doors.
2025.10.05 11:24:00,152	INFO	68	org.l2jmobius.gameserver.model.siege.FortSiege	FortSiege: Siege of OrcFortess fort finished.
2025.10.05 11:52:26,492	INFO	61	org.l2jmobius.gameserver.managers.GlobalVariablesManager	GlobalVariablesManager: Stored 2 variables.
2025.10.05 11:52:26,493	WARNING	61	org.l2jmobius.gameserver.data.xml.MableGameData	MableGameData: Saved player states.
2025.10.05 12:22:26,495	INFO	70	org.l2jmobius.gameserver.managers.GlobalVariablesManager	GlobalVariablesManager: Stored 2 variables.
2025.10.05 12:22:26,496	WARNING	70	org.l2jmobius.gameserver.data.xml.MableGameData	MableGameData: Saved player states.
2025.10.05 12:52:26,492	INFO	62	org.l2jmobius.gameserver.managers.GlobalVariablesManager	GlobalVariablesManager: Stored 2 variables.
2025.10.05 12:52:26,493	WARNING	62	org.l2jmobius.gameserver.data.xml.MableGameData	MableGameData: Saved player states.
2025.10.05 13:22:26,491	INFO	59	org.l2jmobius.gameserver.managers.GlobalVariablesManager	GlobalVariablesManager: Stored 2 variables.
2025.10.05 13:22:26,492	WARNING	59	org.l2jmobius.gameserver.data.xml.MableGameData	MableGameData: Saved player states.
2025.10.05 13:52:26,493	INFO	51	org.l2jmobius.gameserver.managers.GlobalVariablesManager	GlobalVariablesManager: Stored 2 variables.
2025.10.05 13:52:26,493	WARNING	51	org.l2jmobius.gameserver.data.xml.MableGameData	MableGameData: Saved player states.
2025.10.05 14:22:26,494	INFO	72	org.l2jmobius.gameserver.managers.GlobalVariablesManager	GlobalVariablesManager: Stored 2 variables.
2025.10.05 14:22:26,494	WARNING	72	org.l2jmobius.gameserver.data.xml.MableGameData	MableGameData: Saved player states.
2025.10.05 14:37:22,184	WARNING	148	org.l2jmobius.gameserver.network.PacketLogger	RequestExTryToPutEnchantTargetItem: Player:helo[268476263] has used undefined scroll with id 94215
2025.10.05 14:37:57,819	WARNING	107	org.l2jmobius.gameserver.network.PacketLogger	RequestExTryToPutEnchantTargetItem: Player:helo[268476263] has used undefined scroll with id 94215
2025.10.05 14:38:15,582	WARNING	142	org.l2jmobius.gameserver.network.PacketLogger	RequestExTryToPutEnchantTargetItem: Player:helo[268476263] has used undefined scroll with id 94215
2025.10.05 14:42:40,734	WARNING	39	org.l2jmobius.gameserver.Shutdown	Server scheduled restart issued shutdown command. Shutdown in 1 seconds!
2025.10.05 14:42:41,747	WARNING	1707	org.l2jmobius.gameserver.Shutdown	GM shutdown countdown is over. shutting down NOW!
2025.10.05 14:42:41,755	INFO	1707	org.l2jmobius.gameserver.Shutdown	All players disconnected and saved(0ms).
2025.10.05 14:42:41,755	INFO	1707	org.l2jmobius.gameserver.Shutdown	Game Time Task Manager: Thread interruped(1ms).
2025.10.05 14:42:41,756	INFO	1707	org.l2jmobius.commons.threads.ThreadPool	ThreadPool: Shutting down.
2025.10.05 14:42:41,756	INFO	1707	org.l2jmobius.gameserver.Shutdown	Thread Pool Manager: Manager has been shut down(1ms).
2025.10.05 14:42:41,772	INFO	1707	org.l2jmobius.gameserver.Shutdown	Login Server Thread: Thread interruped(0ms).
2025.10.05 14:42:41,773	INFO	1707	org.l2jmobius.gameserver.Shutdown	GM shutdown received. Shutting down NOW!
2025.10.05 14:42:41,831	INFO	1707	org.l2jmobius.gameserver.Shutdown	RaidBossSpawnManager: All raidboss info saved(58ms).
2025.10.05 14:42:41,840	INFO	1707	org.l2jmobius.gameserver.Shutdown	GrandBossManager: All Grand Boss info saved(9ms).
2025.10.05 14:42:41,841	INFO	1707	org.l2jmobius.gameserver.Shutdown	Item Auction Manager: All tasks stopped(1ms).
2025.10.05 14:42:41,851	INFO	1707	org.l2jmobius.gameserver.Shutdown	Olympiad System: Data saved(10ms).
2025.10.05 14:42:41,853	INFO	1707	org.l2jmobius.gameserver.Shutdown	Hero System: Data saved(2ms).
2025.10.05 14:42:41,858	INFO	1707	org.l2jmobius.gameserver.Shutdown	Clan System: Data saved(5ms).
2025.10.05 14:42:41,859	INFO	1707	org.l2jmobius.gameserver.Shutdown	Cursed Weapons Manager: Data saved(1ms).
2025.10.05 14:42:41,880	INFO	1707	org.l2jmobius.gameserver.Shutdown	Castle Manor Manager: Data saved(21ms).
2025.10.05 14:42:41,881	INFO	1707	org.l2jmobius.gameserver.Shutdown	Quest Manager: Data saved(0ms).
2025.10.05 14:42:41,907	INFO	1707	org.l2jmobius.gameserver.managers.GlobalVariablesManager	GlobalVariablesManager: Stored 2 variables.
2025.10.05 14:42:41,907	INFO	1707	org.l2jmobius.gameserver.Shutdown	Global Variables Manager: Variables saved(27ms).
2025.10.05 14:42:41,912	INFO	1707	org.l2jmobius.gameserver.Shutdown	Party Matching History Table: Data saved(5ms).
2025.10.05 14:42:41,958	INFO	1707	org.l2jmobius.gameserver.Shutdown	SchemeBufferTable data has been saved.
2025.10.05 14:42:41,964	INFO	1707	org.l2jmobius.gameserver.Shutdown	Bot Report Table: Successfully saved reports to database!
2025.10.05 14:42:46,969	INFO	1707	org.l2jmobius.commons.database.DatabaseFactory	Database: HikariCP pool closed successfully.
2025.10.05 14:42:46,969	INFO	1707	org.l2jmobius.gameserver.Shutdown	Database Factory: Database connection has been shut down(4ms).
2025.10.05 14:42:46,969	INFO	1707	org.l2jmobius.gameserver.Shutdown	The server has been successfully shut down in 5seconds.
