2025.10.05 01:44:38,345	INFO	3	org.l2jmobius.commons.util.IXmlReader	Network Config: ipconfig.xml does not exist, using automatic configuration...
2025.10.05 01:44:38,669	INFO	3	org.l2jmobius.commons.util.IXmlReader	Network Config: Adding new subnet: 192.168.1.0/24 address: 192.168.1.8
2025.10.05 01:44:38,669	INFO	3	org.l2jmobius.commons.util.IXmlReader	Network Config: Adding new subnet: 192.168.116.0/24 address: 192.168.116.1
2025.10.05 01:44:38,670	INFO	3	org.l2jmobius.commons.util.IXmlReader	Network Config: Adding new subnet: 192.168.152.0/24 address: 192.168.152.1
2025.10.05 01:44:38,670	INFO	3	org.l2jmobius.commons.util.IXmlReader	Network Config: Adding new subnet: 172.26.224.0/20 address: 172.26.224.1
2025.10.05 01:44:38,670	INFO	3	org.l2jmobius.commons.util.IXmlReader	Network Config: Adding new subnet: 26.0.0.0/8 address: 26.81.77.5
2025.10.05 01:44:38,673	INFO	3	org.l2jmobius.commons.util.IXmlReader	Network Config: Adding new subnet: 172.25.32.0/20 address: 172.25.32.1
2025.10.05 01:44:38,673	INFO	3	org.l2jmobius.commons.util.IXmlReader	Network Config: Adding new subnet: 127.0.0.0/8 address: 127.0.0.1
2025.10.05 01:44:38,674	INFO	3	org.l2jmobius.commons.util.IXmlReader	Network Config: Adding new subnet: 0.0.0.0/0 address: 123.20.180.87
2025.10.05 01:44:38,844	INFO	3	org.l2jmobius.Config	Loaded 6 Filter Words.
2025.10.05 01:44:38,849	INFO	3	org.l2jmobius.gameserver.GameServer	------------------------------------------------=[ Database ]
2025.10.05 01:44:39,319	INFO	3	org.l2jmobius.commons.database.DatabaseFactory	Database: HikariCP pool initialized successfully.
2025.10.05 01:44:39,694	INFO	3	org.l2jmobius.commons.database.DatabaseFactory	Database: Initialized with a valid connection.
2025.10.05 01:44:39,710	INFO	3	org.l2jmobius.gameserver.GameServer	----------------------------------------------=[ ThreadPool ]
2025.10.05 01:44:39,711	INFO	3	org.l2jmobius.commons.threads.ThreadPool	ThreadPool: Initialized
2025.10.05 01:44:39,711	INFO	3	org.l2jmobius.commons.threads.ThreadPool	...scheduled pool executor with 6 high priority threads.
2025.10.05 01:44:39,715	INFO	3	org.l2jmobius.commons.threads.ThreadPool	...scheduled pool executor with 24 total threads.
2025.10.05 01:44:39,716	INFO	3	org.l2jmobius.commons.threads.ThreadPool	...instant pool executor with 12 total threads.
2025.10.05 01:44:39,717	INFO	3	org.l2jmobius.gameserver.GameServer	-----------------------------------------------=[ IdManager ]
2025.10.05 01:44:39,798	INFO	3	org.l2jmobius.gameserver.managers.DatabaseIdManager	DatabaseIdManager: Cleaned 0 elements in 0 seconds.
2025.10.05 01:44:39,805	INFO	3	org.l2jmobius.gameserver.managers.DatabaseIdManager	DatabaseIdManager: Updated character online status.
2025.10.05 01:44:39,816	INFO	3	org.l2jmobius.gameserver.managers.DatabaseIdManager	DatabaseIdManager: Cleaned 0 expired timestamps.
2025.10.05 01:44:39,850	INFO	3	org.l2jmobius.gameserver.managers.IdManager	IdManager: 102912 ids available.
2025.10.05 01:44:39,851	INFO	3	org.l2jmobius.gameserver.GameServer	----------------------------------------=[ Scripting Engine ]
2025.10.05 01:44:40,120	INFO	3	org.l2jmobius.gameserver.scripting.ScriptManager	Loaded 821 files to exclude.
2025.10.05 01:44:40,120	INFO	3	org.l2jmobius.gameserver.GameServer	---------------------------------------------------=[ World ]
2025.10.05 01:44:40,447	INFO	3	org.l2jmobius.gameserver.managers.MapRegionManager	MapRegionManager: Loaded 56 map regions.
2025.10.05 01:44:40,455	INFO	3	org.l2jmobius.gameserver.managers.ZoneManager	ZoneManager 19 by 18 Zone Region Grid set up.
2025.10.05 01:44:41,922	INFO	3	org.l2jmobius.gameserver.managers.ZoneManager	ZoneManager: Loaded 34 zone classes and 2738 zones.
2025.10.05 01:44:42,007	INFO	3	org.l2jmobius.gameserver.managers.ZoneManager	ZoneManager: Last static id 200224.
2025.10.05 01:44:42,415	INFO	3	org.l2jmobius.gameserver.data.xml.DoorData	DoorData: Loaded 1259 doors.
2025.10.05 01:44:42,443	INFO	3	FenceData	FenceData: Loaded 1 fences.
2025.10.05 01:44:42,478	INFO	3	org.l2jmobius.gameserver.managers.GlobalVariablesManager	GlobalVariablesManager: Loaded 2 variables.
2025.10.05 01:44:42,478	INFO	3	org.l2jmobius.gameserver.GameServer	----------------------------------------------------=[ Data ]
2025.10.05 01:44:42,489	INFO	3	org.l2jmobius.gameserver.data.xml.ActionData	ActionData: Loaded 248 player actions.
2025.10.05 01:44:42,500	INFO	3	org.l2jmobius.gameserver.data.xml.CategoryData	CategoryData: Loaded 33 categories.
2025.10.05 01:44:42,517	INFO	3	org.l2jmobius.gameserver.data.xml.SecondaryAuthData	SecondaryAuthData: Loaded 328 forbidden passwords.
2025.10.05 01:44:42,523	INFO	3	org.l2jmobius.gameserver.data.xml.SayuneData	SayuneData: Loaded 0 maps.
2025.10.05 01:44:42,549	INFO	3	org.l2jmobius.gameserver.data.xml.ClanRewardData	ClanRewardData: Loaded 4 rewards for members online.
2025.10.05 01:44:42,549	INFO	3	org.l2jmobius.gameserver.data.xml.ClanRewardData	ClanRewardData: Loaded 4 rewards for hunting monsters.
2025.10.05 01:44:42,549	INFO	3	org.l2jmobius.gameserver.data.xml.ClanRewardData	ClanRewardData: Loaded 5 rewards for raid arena.
2025.10.05 01:44:44,021	INFO	3	handlers.DailyMissionMasterHandler	DailyMissionMasterHandler: Loaded 11 handlers.
2025.10.05 01:44:44,060	INFO	3	org.l2jmobius.gameserver.data.xml.DailyMissionData	DailyMissionData: Loaded 96 one day rewards.
2025.10.05 01:44:44,077	INFO	3	org.l2jmobius.gameserver.data.xml.ElementalSpiritData	ElementalSpiritData: Loaded 4 elemental spirit templates.
2025.10.05 01:44:44,077	INFO	3	org.l2jmobius.gameserver.GameServer	--------------------------------------------------=[ Skills ]
2025.10.05 01:44:47,207	INFO	3	handlers.EffectMasterHandler	EffectMasterHandler: Loaded 388 effect handlers.
2025.10.05 01:44:47,232	INFO	3	org.l2jmobius.gameserver.data.xml.EnchantSkillGroupsData	EnchantSkillGroupsData: Loaded 30 enchant routes, max enchant set to 30.
2025.10.05 01:44:48,726	WARNING	3	org.l2jmobius.gameserver.data.xml.SkillData	SkillData: Failed loading effect for Skill Id[18024] Level[1] SubLevel[0] Effect Scope[GENERAL] Effect Name[VampiricAttack]
2025.10.05 01:44:48,754	WARNING	3	org.l2jmobius.gameserver.data.xml.SkillData	SkillData: Failed loading effect for Skill Id[18024] Level[1] SubLevel[0] Effect Scope[GENERAL] Effect Name[MpVampiricAttack]
2025.10.05 01:44:48,756	WARNING	3	org.l2jmobius.gameserver.data.xml.SkillData	SkillData: Failed loading effect for Skill Id[18024] Level[2] SubLevel[0] Effect Scope[GENERAL] Effect Name[VampiricAttack]
2025.10.05 01:44:48,757	WARNING	3	org.l2jmobius.gameserver.data.xml.SkillData	SkillData: Failed loading effect for Skill Id[18024] Level[2] SubLevel[0] Effect Scope[GENERAL] Effect Name[MpVampiricAttack]
2025.10.05 01:44:48,759	WARNING	3	org.l2jmobius.gameserver.data.xml.SkillData	SkillData: Failed loading effect for Skill Id[18024] Level[3] SubLevel[0] Effect Scope[GENERAL] Effect Name[VampiricAttack]
2025.10.05 01:44:48,759	WARNING	3	org.l2jmobius.gameserver.data.xml.SkillData	SkillData: Failed loading effect for Skill Id[18024] Level[3] SubLevel[0] Effect Scope[GENERAL] Effect Name[MpVampiricAttack]
2025.10.05 01:44:48,761	WARNING	3	org.l2jmobius.gameserver.data.xml.SkillData	SkillData: Failed loading effect for Skill Id[18024] Level[4] SubLevel[0] Effect Scope[GENERAL] Effect Name[VampiricAttack]
2025.10.05 01:44:48,762	WARNING	3	org.l2jmobius.gameserver.data.xml.SkillData	SkillData: Failed loading effect for Skill Id[18024] Level[4] SubLevel[0] Effect Scope[GENERAL] Effect Name[MpVampiricAttack]
2025.10.05 01:44:48,763	WARNING	3	org.l2jmobius.gameserver.data.xml.SkillData	SkillData: Failed loading effect for Skill Id[18024] Level[5] SubLevel[0] Effect Scope[GENERAL] Effect Name[VampiricAttack]
2025.10.05 01:44:48,763	WARNING	3	org.l2jmobius.gameserver.data.xml.SkillData	SkillData: Failed loading effect for Skill Id[18024] Level[5] SubLevel[0] Effect Scope[GENERAL] Effect Name[MpVampiricAttack]
2025.10.05 01:44:48,764	WARNING	3	org.l2jmobius.gameserver.data.xml.SkillData	SkillData: Failed loading effect for Skill Id[18024] Level[6] SubLevel[0] Effect Scope[GENERAL] Effect Name[VampiricAttack]
2025.10.05 01:44:48,765	WARNING	3	org.l2jmobius.gameserver.data.xml.SkillData	SkillData: Failed loading effect for Skill Id[18024] Level[6] SubLevel[0] Effect Scope[GENERAL] Effect Name[MpVampiricAttack]
2025.10.05 01:44:48,765	WARNING	3	org.l2jmobius.gameserver.data.xml.SkillData	SkillData: Failed loading effect for Skill Id[18024] Level[7] SubLevel[0] Effect Scope[GENERAL] Effect Name[VampiricAttack]
2025.10.05 01:44:48,766	WARNING	3	org.l2jmobius.gameserver.data.xml.SkillData	SkillData: Failed loading effect for Skill Id[18024] Level[7] SubLevel[0] Effect Scope[GENERAL] Effect Name[MpVampiricAttack]
2025.10.05 01:44:48,767	WARNING	3	org.l2jmobius.gameserver.data.xml.SkillData	SkillData: Failed loading effect for Skill Id[18024] Level[8] SubLevel[0] Effect Scope[GENERAL] Effect Name[VampiricAttack]
2025.10.05 01:44:48,767	WARNING	3	org.l2jmobius.gameserver.data.xml.SkillData	SkillData: Failed loading effect for Skill Id[18024] Level[8] SubLevel[0] Effect Scope[GENERAL] Effect Name[MpVampiricAttack]
2025.10.05 01:44:48,767	WARNING	3	org.l2jmobius.gameserver.data.xml.SkillData	SkillData: Failed loading effect for Skill Id[18024] Level[9] SubLevel[0] Effect Scope[GENERAL] Effect Name[VampiricAttack]
2025.10.05 01:44:48,768	WARNING	3	org.l2jmobius.gameserver.data.xml.SkillData	SkillData: Failed loading effect for Skill Id[18024] Level[9] SubLevel[0] Effect Scope[GENERAL] Effect Name[MpVampiricAttack]
2025.10.05 01:44:48,768	WARNING	3	org.l2jmobius.gameserver.data.xml.SkillData	SkillData: Failed loading effect for Skill Id[18024] Level[10] SubLevel[0] Effect Scope[GENERAL] Effect Name[VampiricAttack]
2025.10.05 01:44:48,769	WARNING	3	org.l2jmobius.gameserver.data.xml.SkillData	SkillData: Failed loading effect for Skill Id[18024] Level[10] SubLevel[0] Effect Scope[GENERAL] Effect Name[MpVampiricAttack]
2025.10.05 01:44:48,769	WARNING	3	org.l2jmobius.gameserver.data.xml.SkillData	SkillData: Failed loading effect for Skill Id[18024] Level[11] SubLevel[0] Effect Scope[GENERAL] Effect Name[VampiricAttack]
2025.10.05 01:44:48,769	WARNING	3	org.l2jmobius.gameserver.data.xml.SkillData	SkillData: Failed loading effect for Skill Id[18024] Level[11] SubLevel[0] Effect Scope[GENERAL] Effect Name[MpVampiricAttack]
2025.10.05 01:44:48,770	WARNING	3	org.l2jmobius.gameserver.data.xml.SkillData	SkillData: Failed loading effect for Skill Id[18024] Level[25] SubLevel[0] Effect Scope[GENERAL] Effect Name[VampiricAttack]
2025.10.05 01:44:48,771	WARNING	3	org.l2jmobius.gameserver.data.xml.SkillData	SkillData: Failed loading effect for Skill Id[18024] Level[25] SubLevel[0] Effect Scope[GENERAL] Effect Name[MpVampiricAttack]
2025.10.05 01:44:48,771	WARNING	3	org.l2jmobius.gameserver.data.xml.SkillData	SkillData: Failed loading effect for Skill Id[18024] Level[26] SubLevel[0] Effect Scope[GENERAL] Effect Name[VampiricAttack]
2025.10.05 01:44:48,772	WARNING	3	org.l2jmobius.gameserver.data.xml.SkillData	SkillData: Failed loading effect for Skill Id[18024] Level[26] SubLevel[0] Effect Scope[GENERAL] Effect Name[MpVampiricAttack]
2025.10.05 01:44:49,115	INFO	3	org.l2jmobius.gameserver.data.xml.SkillData	SkillData: Loaded 39398 Skills.
2025.10.05 01:44:49,595	INFO	3	org.l2jmobius.gameserver.data.xml.SkillTreeData	SkillTreeData: Loaded 17070 Class skills for 99 class skill trees.
2025.10.05 01:44:49,595	INFO	3	org.l2jmobius.gameserver.data.xml.SkillTreeData	SkillTreeData: Loaded 0 sub-class skills.
2025.10.05 01:44:49,595	INFO	3	org.l2jmobius.gameserver.data.xml.SkillTreeData	SkillTreeData: Loaded 0 dual-class skills.
2025.10.05 01:44:49,595	INFO	3	org.l2jmobius.gameserver.data.xml.SkillTreeData	SkillTreeData: Loaded 0 transfer skills for 0 transfer skill trees.
2025.10.05 01:44:49,595	INFO	3	org.l2jmobius.gameserver.data.xml.SkillTreeData	SkillTreeData: Loaded 0 race skills for 0 race skill trees.
2025.10.05 01:44:49,595	INFO	3	org.l2jmobius.gameserver.data.xml.SkillTreeData	SkillTreeData: Loaded 18 fishing skills, 8 Dwarven only fishing skills.
2025.10.05 01:44:49,595	INFO	3	org.l2jmobius.gameserver.data.xml.SkillTreeData	SkillTreeData: Loaded 55 certification skills.
2025.10.05 01:44:49,598	INFO	3	org.l2jmobius.gameserver.data.xml.SkillTreeData	SkillTreeData: Loaded 50 clan skills, 50 for clan and 0 residential.
2025.10.05 01:44:49,599	INFO	3	org.l2jmobius.gameserver.data.xml.SkillTreeData	SkillTreeData: Loaded 18 sub-pledge skills.
2025.10.05 01:44:49,599	INFO	3	org.l2jmobius.gameserver.data.xml.SkillTreeData	SkillTreeData: Loaded 0 transform skills.
2025.10.05 01:44:49,599	INFO	3	org.l2jmobius.gameserver.data.xml.SkillTreeData	SkillTreeData: Loaded 1 noble skills.
2025.10.05 01:44:49,599	INFO	3	org.l2jmobius.gameserver.data.xml.SkillTreeData	SkillTreeData: Loaded 1 hero skills.
2025.10.05 01:44:49,599	INFO	3	org.l2jmobius.gameserver.data.xml.SkillTreeData	SkillTreeData: Loaded 34 game master skills.
2025.10.05 01:44:49,599	INFO	3	org.l2jmobius.gameserver.data.xml.SkillTreeData	SkillTreeData: Loaded 1 game master aura skills.
2025.10.05 01:44:49,599	INFO	3	org.l2jmobius.gameserver.data.xml.SkillTreeData	SkillTreeData: Loaded 0 ability skills.
2025.10.05 01:44:49,599	INFO	3	org.l2jmobius.gameserver.data.xml.SkillTreeData	SkillTreeData: Loaded 0 alchemy skills.
2025.10.05 01:44:49,599	INFO	3	org.l2jmobius.gameserver.data.xml.SkillTreeData	SkillTreeData: Loaded 0 class awaken save skills.
2025.10.05 01:44:49,599	INFO	3	org.l2jmobius.gameserver.data.xml.SkillTreeData	SkillTreeData: Loaded 0 Revelation skills.
2025.10.05 01:44:49,599	INFO	3	org.l2jmobius.gameserver.data.xml.SkillTreeData	SkillTreeData: Loaded 10 common skills.
2025.10.05 01:44:49,612	INFO	3	org.l2jmobius.gameserver.data.xml.PetSkillData	PetSkillData: Loaded 881 skills.
2025.10.05 01:44:49,612	INFO	3	org.l2jmobius.gameserver.GameServer	---------------------------------------------------=[ Items ]
2025.10.05 01:44:50,249	INFO	3	org.l2jmobius.gameserver.data.xml.ItemData	ItemData: Highest item id used: 99162
2025.10.05 01:44:50,258	INFO	3	org.l2jmobius.gameserver.data.xml.ItemData	ItemData: Loaded 10011 etc items.
2025.10.05 01:44:50,258	INFO	3	org.l2jmobius.gameserver.data.xml.ItemData	ItemData: Loaded 2621 armor items.
2025.10.05 01:44:50,258	INFO	3	org.l2jmobius.gameserver.data.xml.ItemData	ItemData: Loaded 1745 weapon items.
2025.10.05 01:44:50,258	INFO	3	org.l2jmobius.gameserver.data.xml.ItemData	ItemData: Loaded 14377 items in total.
2025.10.05 01:44:50,278	INFO	3	org.l2jmobius.gameserver.data.xml.EnchantItemGroupsData	EnchantItemGroupsData: Loaded 7 item group templates.
2025.10.05 01:44:50,278	INFO	3	org.l2jmobius.gameserver.data.xml.EnchantItemGroupsData	EnchantItemGroupsData: Loaded 1 scroll group templates.
2025.10.05 01:44:50,278	INFO	3	org.l2jmobius.gameserver.data.xml.EnchantItemGroupsData	EnchantItemGroupsData: Max weapon enchant is set to 30.
2025.10.05 01:44:50,278	INFO	3	org.l2jmobius.gameserver.data.xml.EnchantItemGroupsData	EnchantItemGroupsData: Max armor enchant is set to 30.
2025.10.05 01:44:50,279	INFO	3	org.l2jmobius.gameserver.data.xml.EnchantItemGroupsData	EnchantItemGroupsData: Max accessory enchant is set to 30.
2025.10.05 01:44:50,285	INFO	3	org.l2jmobius.gameserver.data.xml.EnchantItemData	EnchantItemData: Loaded 54 enchant scrolls.
2025.10.05 01:44:50,285	INFO	3	org.l2jmobius.gameserver.data.xml.EnchantItemData	EnchantItemData: Loaded 0 support items.
2025.10.05 01:44:50,772	INFO	3	org.l2jmobius.gameserver.data.xml.OptionData	OptionData: Loaded 10861 options.
2025.10.05 01:44:50,774	INFO	3	org.l2jmobius.gameserver.data.xml.EnchantItemOptionsData	EnchantItemOptionsData: Loaded 22 items and 242 options.
2025.10.05 01:44:50,801	INFO	3	org.l2jmobius.commons.util.IXmlReader	ElementalAttributeData: Loaded 0 elemental attribute items.
2025.10.05 01:44:50,810	INFO	3	org.l2jmobius.gameserver.data.xml.ItemCrystallizationData	ItemCrystallizationData: Loaded 12 crystallization templates.
2025.10.05 01:44:50,816	INFO	3	org.l2jmobius.gameserver.data.xml.ItemCrystallizationData	ItemCrystallizationData: Loaded 65 weapon enchant failure rewards.
2025.10.05 01:44:50,817	INFO	3	org.l2jmobius.gameserver.data.xml.ItemCrystallizationData	ItemCrystallizationData: Loaded 35 armor enchant failure rewards.
2025.10.05 01:44:50,851	INFO	3	VariationData	VariationData: Loaded 21 variations.
2025.10.05 01:44:50,863	INFO	3	VariationData	VariationData: Loaded 926 fees.
2025.10.05 01:44:50,893	INFO	3	org.l2jmobius.gameserver.data.xml.EnsoulData	EnsoulData: Loaded 5 fees.
2025.10.05 01:44:50,902	INFO	3	org.l2jmobius.gameserver.data.xml.EnsoulData	EnsoulData: Loaded 660 options.
2025.10.05 01:44:50,912	INFO	3	org.l2jmobius.gameserver.data.xml.EnsoulData	EnsoulData: Loaded 340 stones.
2025.10.05 01:44:50,924	INFO	3	org.l2jmobius.gameserver.data.xml.EnchantItemHPBonusData	EnchantItemHPBonusData: Loaded 11 enchant HP bonuses.
2025.10.05 01:44:51,658	INFO	3	org.l2jmobius.gameserver.data.xml.BuyListData	BuyListData: Loaded 402 buyLists.
2025.10.05 01:44:52,029	INFO	3	org.l2jmobius.gameserver.data.xml.MultisellData	MultisellData: Loaded 175 multisell lists.
2025.10.05 01:44:52,065	INFO	3	org.l2jmobius.gameserver.data.xml.CombinationItemsData	CombinationItemsData: Loaded 652 combinations.
2025.10.05 01:44:52,081	INFO	3	org.l2jmobius.gameserver.data.xml.EquipmentUpgradeData	EquipmentUpgradeData: Loaded 74 upgrade equipment data.
2025.10.05 01:44:52,109	INFO	3	org.l2jmobius.gameserver.data.xml.AgathionData	AgathionData: Loaded 140 agathion data.
2025.10.05 01:44:52,157	INFO	3	org.l2jmobius.gameserver.data.xml.RaidTeleportListData	RaidTeleportListData: Loaded 98 teleports.
2025.10.05 01:44:52,204	INFO	3	org.l2jmobius.gameserver.data.xml.RecipeData	RecipeData: Loaded 592 recipes.
2025.10.05 01:44:52,224	INFO	3	org.l2jmobius.gameserver.data.xml.ArmorSetData	ArmorSetData: Loaded 51 armor sets.
2025.10.05 01:44:52,237	INFO	3	org.l2jmobius.gameserver.data.xml.FishingData	FishingData: Loaded 2 bait and 2 rod data.
2025.10.05 01:44:52,287	INFO	3	org.l2jmobius.gameserver.data.xml.HennaData	HennaData: Loaded 372 henna data.
2025.10.05 01:44:52,295	INFO	3	org.l2jmobius.gameserver.data.xml.PrimeShopData	PrimeShopData: System is disabled.
2025.10.05 01:44:52,301	INFO	3	org.l2jmobius.gameserver.data.xml.LimitShopData	LimitShopData: Loaded 34 items.
2025.10.05 01:44:52,304	INFO	3	org.l2jmobius.gameserver.data.xml.RaidDropAnnounceData	RaidDropAnnounceData: Loaded 1 raid drop announce data.
2025.10.05 01:44:52,316	INFO	3	org.l2jmobius.gameserver.data.xml.AppearanceItemData	AppearanceItemData: Loaded 2 stones.
2025.10.05 01:44:52,356	INFO	3	org.l2jmobius.gameserver.model.costumes.Costumes	Costumes: Loaded 159 costumes.
2025.10.05 01:44:52,356	INFO	3	org.l2jmobius.gameserver.model.costumes.Costumes	Costumes: Loaded 5 costumes grade.
2025.10.05 01:44:52,356	INFO	3	org.l2jmobius.gameserver.model.costumes.Costumes	Costumes: Loaded 12 collections.
2025.10.05 01:44:52,356	INFO	3	org.l2jmobius.gameserver.model.costumes.Costumes	Costumes: Loaded 12 collections skills.
2025.10.05 01:44:52,361	INFO	3	org.l2jmobius.commons.util.IXmlReader	LuckyGameData: Loaded 2 lucky game data.
2025.10.05 01:44:52,369	INFO	3	org.l2jmobius.gameserver.data.xml.MableGameData	MableGameData: Loaded (40 cells)
2025.10.05 01:44:52,416	INFO	3	org.l2jmobius.gameserver.data.xml.AttendanceRewardData	AttendanceRewardData: Disabled.
2025.10.05 01:44:52,432	INFO	3	org.l2jmobius.commons.util.IXmlReader	RandomCraftData: Loaded 4260 extraction data.
2025.10.05 01:44:52,435	INFO	3	org.l2jmobius.commons.util.IXmlReader	RandomCraftData: Loaded 78 rewards.
2025.10.05 01:44:52,440	INFO	3	org.l2jmobius.gameserver.data.xml.VipData	VipData: Loaded 11 vips.
2025.10.05 01:44:52,441	INFO	3	org.l2jmobius.gameserver.GameServer	----------------------------------------------=[ Characters ]
2025.10.05 01:44:52,449	INFO	3	org.l2jmobius.gameserver.data.xml.ClassListData	ClassListData: Loaded 99 class data.
2025.10.05 01:44:52,454	INFO	3	org.l2jmobius.gameserver.data.xml.InitialEquipmentData	InitialEquipmentData: Loaded 10 initial equipment data.
2025.10.05 01:44:52,460	INFO	3	org.l2jmobius.gameserver.data.xml.InitialShortcutData	InitialShortcutData: Loaded 6 initial global shortcuts data.
2025.10.05 01:44:52,460	INFO	3	org.l2jmobius.gameserver.data.xml.InitialShortcutData	InitialShortcutData: Loaded 4 initial shortcuts data.
2025.10.05 01:44:52,460	INFO	3	org.l2jmobius.gameserver.data.xml.InitialShortcutData	InitialShortcutData: Loaded 0 macro presets.
2025.10.05 01:44:52,464	INFO	3	org.l2jmobius.gameserver.data.xml.ExperienceData	ExperienceData: Loaded 91 levels.
2025.10.05 01:44:52,464	INFO	3	org.l2jmobius.gameserver.data.xml.ExperienceData	ExperienceData: Max Player Level is 90.
2025.10.05 01:44:52,464	INFO	3	org.l2jmobius.gameserver.data.xml.ExperienceData	ExperienceData: Max Pet Level is 91.
2025.10.05 01:44:52,478	INFO	3	org.l2jmobius.gameserver.data.xml.KarmaData	KarmaData: Loaded 90 karma modifiers.
2025.10.05 01:44:52,481	INFO	3	org.l2jmobius.gameserver.data.xml.HitConditionBonusData	HitConditionBonusData: Loaded hit condition bonuses.
2025.10.05 01:44:52,810	INFO	3	org.l2jmobius.gameserver.data.xml.PlayerTemplateData	PlayerTemplateData: Loaded 99 character templates.
2025.10.05 01:44:52,812	INFO	3	org.l2jmobius.gameserver.data.xml.PlayerTemplateData	PlayerTemplateData: Loaded 53460 level up gain records.
2025.10.05 01:44:52,837	INFO	3	org.l2jmobius.gameserver.data.sql.CharInfoTable	CharInfoTable: Loaded 1 char names.
2025.10.05 01:44:52,841	INFO	3	org.l2jmobius.gameserver.data.sql.PartyMatchingHistoryTable	PartyMatchingHistoryTable: Loaded 0 party matching history data.
2025.10.05 01:44:52,848	INFO	3	org.l2jmobius.gameserver.data.xml.AdminData	AdminData: Loaded 10 access levels.
2025.10.05 01:44:52,853	INFO	3	org.l2jmobius.gameserver.data.xml.AdminData	AdminData: Loaded 464 access commands.
2025.10.05 01:44:53,284	INFO	3	org.l2jmobius.gameserver.data.xml.PetDataTable	PetDataTable: Loaded 53 pets.
2025.10.05 01:44:53,335	INFO	3	org.l2jmobius.gameserver.data.xml.CubicData	CubicData: Loaded 21 cubics.
2025.10.05 01:44:53,353	INFO	3	org.l2jmobius.gameserver.GameServer	---------------------------------------------------=[ Clans ]
2025.10.05 01:44:53,357	INFO	3	org.l2jmobius.gameserver.data.xml.ClanLevelData	ClanLevelData: Loaded 11 clan level data.
2025.10.05 01:44:53,367	INFO	3	org.l2jmobius.gameserver.communitybbs.Manager.ForumsBBSManager	ForumsBBSManager: Loaded 5 forums. Last forum id used: 5
2025.10.05 01:44:53,385	INFO	3	org.l2jmobius.gameserver.data.sql.ClanTable	ClanTable: Restored 1 clans from the database.
2025.10.05 01:44:53,392	INFO	3	org.l2jmobius.gameserver.data.xml.ResidenceFunctionsData	ResidenceFunctionsData: Loaded 8 functions.
2025.10.05 01:44:53,568	INFO	3	org.l2jmobius.gameserver.data.xml.ClanHallData	ClanHallData: Succesfully loaded 46 clan halls.
2025.10.05 01:44:53,571	INFO	3	org.l2jmobius.gameserver.managers.ClanHallAuctionManager	ClanHallAuctionManager: Clan Hall Auction has started!
2025.10.05 01:44:53,595	INFO	3	org.l2jmobius.gameserver.managers.ClanEntryManager	ClanEntryManager: Loaded 0 clan entries.
2025.10.05 01:44:53,597	INFO	3	org.l2jmobius.gameserver.managers.ClanEntryManager	ClanEntryManager: Loaded 0 players in waiting list.
2025.10.05 01:44:53,598	INFO	3	org.l2jmobius.gameserver.managers.ClanEntryManager	ClanEntryManager: Loaded 0 player applications.
2025.10.05 01:44:53,598	INFO	3	org.l2jmobius.gameserver.GameServer	-------------------------------------------------=[ Geodata ]
2025.10.05 01:44:53,621	INFO	3	org.l2jmobius.gameserver.geoengine.GeoEngine	GeoEngine: Loaded 0 regions.
2025.10.05 01:44:53,621	INFO	3	org.l2jmobius.gameserver.geoengine.GeoEngine	GeoEngine: Pathfinding is disabled.
2025.10.05 01:44:53,622	INFO	3	org.l2jmobius.gameserver.GameServer	----------------------------------------------------=[ NPCs ]
2025.10.05 01:44:54,740	INFO	3	org.l2jmobius.gameserver.data.xml.NpcData	NpcData: Loaded 6397 NPCs.
2025.10.05 01:44:54,771	INFO	3	org.l2jmobius.gameserver.data.xml.NpcData	NpcData: Loaded 20 custom NPCs.
2025.10.05 01:44:55,321	INFO	3	org.l2jmobius.gameserver.data.xml.SpawnData	SpawnData: Loaded 29302 spawns
2025.10.05 01:44:55,326	INFO	3	org.l2jmobius.gameserver.managers.WalkingManager	WalkingManager: Loaded 1 walking routes.
2025.10.05 01:44:55,338	INFO	3	org.l2jmobius.gameserver.data.xml.StaticObjectData	StaticObjectData: Loaded 86 static object templates.
2025.10.05 01:44:55,341	INFO	3	org.l2jmobius.gameserver.managers.ItemAuctionManager	ItemAuctionManager: Disabled.
2025.10.05 01:44:55,441	INFO	3	org.l2jmobius.gameserver.managers.InstanceManager	InstanceManager: Loaded 46 instance names.
2025.10.05 01:44:55,499	INFO	3	org.l2jmobius.gameserver.managers.InstanceManager	InstanceManager: Loaded 15 instance templates.
2025.10.05 01:44:55,539	INFO	3	org.l2jmobius.gameserver.managers.InstanceManager	InstanceManager: Loaded instance reenter times for 1 players.
2025.10.05 01:44:55,547	INFO	3	org.l2jmobius.gameserver.managers.CastleManager	CastleManager: Loaded 2 castles.
2025.10.05 01:44:55,561	INFO	3	org.l2jmobius.gameserver.data.SchemeBufferTable	SchemeBufferTable: Loaded 0 players schemes and 60 available buffs.
2025.10.05 01:44:55,577	INFO	3	org.l2jmobius.gameserver.managers.GrandBossManager	GrandBossManager: Queen Ant(29001) status is 0
2025.10.05 01:44:55,578	INFO	3	org.l2jmobius.gameserver.managers.GrandBossManager	GrandBossManager: Core(29006) status is 0
2025.10.05 01:44:55,578	INFO	3	org.l2jmobius.gameserver.managers.GrandBossManager	GrandBossManager: Orfen(29014) status is 0
2025.10.05 01:44:55,578	INFO	3	org.l2jmobius.gameserver.managers.GrandBossManager	GrandBossManager: Baium(29020) status is 0
2025.10.05 01:44:55,578	INFO	3	org.l2jmobius.gameserver.managers.GrandBossManager	GrandBossManager: Zaken(29022) status is 0
2025.10.05 01:44:55,579	INFO	3	org.l2jmobius.gameserver.managers.GrandBossManager	GrandBossManager: Antharas(29068) status is 0
2025.10.05 01:44:55,579	INFO	3	org.l2jmobius.gameserver.managers.GrandBossManager	GrandBossManager: Loaded 6 instances.
2025.10.05 01:44:55,580	INFO	3	org.l2jmobius.gameserver.GameServer	------------------------------------------------=[ Instance ]
2025.10.05 01:44:55,580	INFO	3	org.l2jmobius.gameserver.GameServer	------------------------------------------------=[ Olympiad ]
2025.10.05 01:44:55,595	INFO	3	org.l2jmobius.gameserver.model.olympiad.Olympiad	Olympiad System: Loading....
2025.10.05 01:44:55,596	INFO	3	org.l2jmobius.gameserver.model.olympiad.Olympiad	Olympiad System: Currently in Olympiad Period
2025.10.05 01:44:55,597	INFO	3	org.l2jmobius.gameserver.model.olympiad.Olympiad	Olympiad System: 29 days, 10 hours and 15 mins until period ends.
2025.10.05 01:44:55,597	INFO	3	org.l2jmobius.gameserver.model.olympiad.Olympiad	Olympiad System: Next weekly change is in 6 days, 19 hours and 46 mins.
2025.10.05 01:44:55,597	INFO	3	org.l2jmobius.gameserver.model.olympiad.Olympiad	Olympiad System: Loaded 0 Nobles
2025.10.05 01:44:55,601	INFO	3	org.l2jmobius.gameserver.model.olympiad.Olympiad	Olympiad System: Competition Period Starts in 5 days, 18 hours and 16 mins.
2025.10.05 01:44:55,615	INFO	3	org.l2jmobius.gameserver.model.olympiad.Olympiad	Olympiad System: Event starts/started: Fri Oct 10 20:00:55 GMT+07:00 2025
2025.10.05 01:44:55,624	INFO	3	org.l2jmobius.gameserver.model.olympiad.Hero	Hero System: Loaded 0 Heroes.
2025.10.05 01:44:55,624	INFO	3	org.l2jmobius.gameserver.model.olympiad.Hero	Hero System: Loaded 0 all time Heroes.
2025.10.05 01:44:55,624	INFO	3	org.l2jmobius.gameserver.GameServer	---------------------------------------------------=[ Cache ]
2025.10.05 01:44:55,625	INFO	3	org.l2jmobius.gameserver.cache.HtmCache	Cache[HTML]: Running lazy cache.
2025.10.05 01:44:55,630	INFO	3	org.l2jmobius.gameserver.data.sql.CrestTable	CrestTable: Loaded 0 Crests.
2025.10.05 01:44:55,635	INFO	3	org.l2jmobius.gameserver.data.xml.TeleportListData	TeleportListData: Loaded 90 teleports.
2025.10.05 01:44:55,636	INFO	3	org.l2jmobius.gameserver.managers.SharedTeleportManager	SharedTeleportManager: initialized.
2025.10.05 01:44:58,367	INFO	3	org.l2jmobius.gameserver.data.xml.TeleporterData	TeleporterData: Loaded 92 npc teleporters.
2025.10.05 01:44:58,373	INFO	3	org.l2jmobius.gameserver.data.xml.TimedHuntingZoneData	TimedHuntingZoneData: Loaded 1 timed hunting zones.
2025.10.05 01:44:58,519	INFO	3	org.l2jmobius.gameserver.data.xml.TransformData	TransformData: Loaded 44 transform templates.
2025.10.05 01:44:58,532	INFO	3	org.l2jmobius.gameserver.data.BotReportTable	BotReportTable: Loaded 0 bot reports
2025.10.05 01:44:58,536	INFO	3	org.l2jmobius.gameserver.GameServer	-------------------------------------------------=[ Scripts ]
2025.10.05 01:44:58,549	INFO	3	org.l2jmobius.gameserver.managers.AirShipManager	AirShipManager: Loaded 0 private airships
2025.10.05 01:44:58,556	INFO	3	org.l2jmobius.gameserver.data.xml.ShuttleData	ShuttleData: Loaded 3 shuttles.
2025.10.05 01:44:58,557	INFO	3	org.l2jmobius.gameserver.GameServer	GameServer: Loading server scripts:
2025.10.05 01:45:00,631	INFO	3	handlers.MasterHandler	Loading Handlers...
2025.10.05 01:45:00,725	INFO	3	handlers.MasterHandler	ActionHandler: Loaded 10 handlers.
2025.10.05 01:45:00,725	INFO	3	handlers.MasterHandler	ActionShiftHandler: Loaded 6 handlers.
2025.10.05 01:45:00,725	INFO	3	handlers.MasterHandler	AdminCommandHandler: Loaded 460 handlers.
2025.10.05 01:45:00,725	INFO	3	handlers.MasterHandler	BypassHandler: Loaded 32 handlers.
2025.10.05 01:45:00,725	INFO	3	handlers.MasterHandler	ChatHandler: Loaded 14 handlers.
2025.10.05 01:45:00,725	INFO	3	handlers.MasterHandler	CommunityBoardHandler: Loaded 24 handlers.
2025.10.05 01:45:00,725	INFO	3	handlers.MasterHandler	ItemHandler: Loaded 32 handlers.
2025.10.05 01:45:00,726	INFO	3	handlers.MasterHandler	PunishmentHandler: Loaded 3 handlers.
2025.10.05 01:45:00,726	INFO	3	handlers.MasterHandler	UserCommandHandler: Loaded 16 handlers.
2025.10.05 01:45:00,726	INFO	3	handlers.MasterHandler	VoicedCommandHandler: Loaded 7 handlers.
2025.10.05 01:45:00,726	INFO	3	handlers.MasterHandler	TargetHandler: Loaded 22 handlers.
2025.10.05 01:45:00,728	INFO	3	handlers.MasterHandler	AffectObjectHandler: Loaded 11 handlers.
2025.10.05 01:45:00,728	INFO	3	handlers.MasterHandler	AffectScopeHandler: Loaded 19 handlers.
2025.10.05 01:45:00,728	INFO	3	handlers.MasterHandler	PlayerActionHandler: Loaded 24 handlers.
2025.10.05 01:45:00,728	INFO	3	handlers.MasterHandler	Handlers Loaded...
2025.10.05 01:45:02,703	INFO	3	org.l2jmobius.gameserver.managers.GrandBossManager	GrandBossManager: Updated Zaken(29022) status to 0.
2025.10.05 01:45:02,732	INFO	3	ai.others.ClassMaster.ClassMaster	ClassMaster: Loaded 0 class change options.
2025.10.05 01:45:02,811	INFO	3	org.l2jmobius.gameserver.model.quest.Quest	Event Chef Monkey Event has passed... Ignored 
2025.10.05 01:45:02,817	INFO	3	org.l2jmobius.gameserver.model.quest.Quest	Event Eve the Fortune Teller has passed... Ignored 
2025.10.05 01:45:02,835	INFO	3	org.l2jmobius.gameserver.model.quest.Quest	Event Happy Hours has passed... Ignored 
2025.10.05 01:45:02,843	INFO	3	org.l2jmobius.gameserver.model.quest.Quest	Event Letter Collector active till Sat Jul 29 00:00:00 GMT+07:00 2034
2025.10.05 01:45:02,850	INFO	3	org.l2jmobius.gameserver.managers.events.LetterCollectorManager	LetterCollectorManager: Loaded 3 words.
2025.10.05 01:45:02,850	INFO	3	org.l2jmobius.gameserver.managers.events.LetterCollectorManager	LetterCollectorManager: Loaded 12 letters.
2025.10.05 01:45:02,853	INFO	3	org.l2jmobius.gameserver.model.quest.Quest	Event Merry Squashmas Event has passed... Ignored 
2025.10.05 01:45:02,858	INFO	3	org.l2jmobius.gameserver.model.quest.Quest	Event Squash Event has passed... Ignored 
2025.10.05 01:45:02,860	INFO	3	org.l2jmobius.gameserver.model.quest.Quest	Event The Power Of Love has passed... Ignored 
2025.10.05 01:45:02,864	INFO	3	org.l2jmobius.gameserver.model.quest.Quest	Event Total Recall has passed... Ignored 
2025.10.05 01:45:02,879	INFO	3	org.l2jmobius.gameserver.model.quest.Quest	Event Watermelon Ninja has passed... Ignored 
2025.10.05 01:45:02,970	INFO	3	org.l2jmobius.gameserver.data.xml.SpawnData	SpawnData: Initializing spawns...
2025.10.05 01:45:03,741	INFO	3	org.l2jmobius.gameserver.managers.DBSpawnManager	DBSpawnManager: Loaded 157 instances.
2025.10.05 01:45:03,741	INFO	3	org.l2jmobius.gameserver.managers.DBSpawnManager	DBSpawnManager: Scheduled 0 instances.
2025.10.05 01:45:07,140	INFO	3	org.l2jmobius.gameserver.data.xml.SpawnData	SpawnData: All spawns has been initialized!
2025.10.05 01:45:07,154	INFO	3	org.l2jmobius.gameserver.GameServer	---------------------------------------------------=[ Siege ]
2025.10.05 01:45:07,284	INFO	3	org.l2jmobius.gameserver.data.xml.SiegeScheduleData	SiegeScheduleData: Loaded 2 siege schedulers.
2025.10.05 01:45:07,301	INFO	3	org.l2jmobius.gameserver.model.siege.Siege	Siege of Giran: Sun Oct 12 20:00:00 GMT+07:00 2025
2025.10.05 01:45:07,324	INFO	3	org.l2jmobius.gameserver.model.siege.Siege	Siege of Goddard: Sun Oct 12 20:00:00 GMT+07:00 2025
2025.10.05 01:45:07,747	INFO	3	org.l2jmobius.gameserver.managers.FortManager	FortManager: Loaded 1 fortress.
2025.10.05 01:45:07,784	INFO	3	org.l2jmobius.gameserver.managers.CastleManorManager	CastleManorManager: Manor system is deactivated.
2025.10.05 01:45:07,791	INFO	3	org.l2jmobius.gameserver.managers.SiegeGuardManager	SiegeGuardManager: Loaded 0 siege guards tickets.
2025.10.05 01:45:07,791	INFO	3	org.l2jmobius.gameserver.managers.QuestManager	QuestManager: Loaded 56 quests.
2025.10.05 01:45:07,791	INFO	3	org.l2jmobius.gameserver.managers.QuestManager	QuestManager: Loaded 117 scripts.
2025.10.05 01:45:07,823	INFO	3	org.l2jmobius.gameserver.taskmanagers.PersistentTaskManager	PersistentTaskManager: Loaded 5 Tasks.
2025.10.05 01:45:07,826	INFO	3	org.l2jmobius.gameserver.managers.DailyResetManager	DailyResetManager: Next schedule at 05/10/2025 06:30:00.
2025.10.05 01:45:07,832	INFO	3	org.l2jmobius.gameserver.managers.MailManager	MailManager: Loaded 0 messages.
2025.10.05 01:45:07,836	INFO	3	org.l2jmobius.gameserver.managers.PunishmentManager	PunishmentManager: Loaded 0 active and 0 expired punishments.
2025.10.05 01:45:07,840	INFO	3	org.l2jmobius.gameserver.GameServer	IdManager: Free ObjectID's remaining: 1879007646
2025.10.05 01:45:07,845	INFO	3	org.l2jmobius.gameserver.data.sql.OfflineTraderTable	OfflineTraderTable: Loading offline traders...
2025.10.05 01:45:07,852	INFO	3	org.l2jmobius.gameserver.data.sql.OfflineTraderTable	OfflineTraderTable: Loaded 0 offline traders.
2025.10.05 01:45:07,924	INFO	100	org.l2jmobius.commons.util.DeadlockWatcher	DeadlockWatcher: Thread started.
2025.10.05 01:45:10,053	INFO	3	org.l2jmobius.gameserver.GameServer	GameServer: Started, using 816 of 4096 MB total memory.
2025.10.05 01:45:10,053	INFO	3	org.l2jmobius.gameserver.GameServer	GameServer: Maximum number of connected players is 2000.
2025.10.05 01:45:10,053	INFO	3	org.l2jmobius.gameserver.GameServer	GameServer: Server loaded in 32 seconds.
2025.10.05 01:45:10,180	INFO	102	org.l2jmobius.gameserver.LoginServerThread	LoginServerThread: Connecting to login on 127.0.0.1:9014
2025.10.05 01:45:10,289	INFO	102	org.l2jmobius.gameserver.LoginServerThread	LoginServerThread: Registered on login as Server 2: Sieghardt
2025.10.05 01:45:32,159	WARNING	119	org.l2jmobius.gameserver.model.actor.Creature	Master access level set for character helo! Just a warning to be careful ;)
2025.10.05 02:15:07,836	INFO	57	org.l2jmobius.gameserver.managers.GlobalVariablesManager	GlobalVariablesManager: Stored 2 variables.
2025.10.05 02:15:07,837	WARNING	57	org.l2jmobius.gameserver.data.xml.MableGameData	MableGameData: Saved player states.
2025.10.05 02:21:27,305	WARNING	40	org.l2jmobius.gameserver.Shutdown	Server scheduled restart issued shutdown command. Restart in 1 seconds!
2025.10.05 02:21:28,374	WARNING	213	org.l2jmobius.gameserver.Shutdown	GM shutdown countdown is over. restarting NOW!
2025.10.05 02:21:28,425	INFO	213	org.l2jmobius.gameserver.Shutdown	All players disconnected and saved(48ms).
2025.10.05 02:21:28,425	INFO	213	org.l2jmobius.gameserver.Shutdown	Game Time Task Manager: Thread interruped(1ms).
2025.10.05 02:21:28,425	INFO	213	org.l2jmobius.commons.threads.ThreadPool	ThreadPool: Shutting down.
2025.10.05 02:21:28,426	INFO	213	org.l2jmobius.gameserver.Shutdown	Thread Pool Manager: Manager has been shut down(1ms).
2025.10.05 02:21:28,426	INFO	213	org.l2jmobius.gameserver.Shutdown	Login Server Thread: Thread interruped(0ms).
2025.10.05 02:21:28,426	INFO	213	org.l2jmobius.gameserver.Shutdown	GM restart received. Restarting NOW!
2025.10.05 02:21:28,494	INFO	213	org.l2jmobius.gameserver.Shutdown	RaidBossSpawnManager: All raidboss info saved(67ms).
2025.10.05 02:21:28,499	INFO	213	org.l2jmobius.gameserver.Shutdown	GrandBossManager: All Grand Boss info saved(5ms).
2025.10.05 02:21:28,499	INFO	213	org.l2jmobius.gameserver.Shutdown	Item Auction Manager: All tasks stopped(0ms).
2025.10.05 02:21:28,501	INFO	213	org.l2jmobius.gameserver.Shutdown	Olympiad System: Data saved(2ms).
2025.10.05 02:21:28,504	INFO	213	org.l2jmobius.gameserver.Shutdown	Hero System: Data saved(2ms).
2025.10.05 02:21:28,510	INFO	213	org.l2jmobius.gameserver.Shutdown	Clan System: Data saved(7ms).
2025.10.05 02:21:28,510	INFO	213	org.l2jmobius.gameserver.Shutdown	Cursed Weapons Manager: Data saved(0ms).
2025.10.05 02:21:28,514	INFO	213	org.l2jmobius.gameserver.Shutdown	Castle Manor Manager: Data saved(4ms).
2025.10.05 02:21:28,515	INFO	213	org.l2jmobius.gameserver.Shutdown	Quest Manager: Data saved(1ms).
2025.10.05 02:21:28,521	INFO	213	org.l2jmobius.gameserver.managers.GlobalVariablesManager	GlobalVariablesManager: Stored 2 variables.
2025.10.05 02:21:28,521	INFO	213	org.l2jmobius.gameserver.Shutdown	Global Variables Manager: Variables saved(6ms).
2025.10.05 02:21:28,525	INFO	213	org.l2jmobius.gameserver.Shutdown	Party Matching History Table: Data saved(4ms).
2025.10.05 02:21:28,553	INFO	213	org.l2jmobius.gameserver.Shutdown	SchemeBufferTable data has been saved.
2025.10.05 02:21:28,556	INFO	213	org.l2jmobius.gameserver.Shutdown	Bot Report Table: Successfully saved reports to database!
2025.10.05 02:21:33,564	INFO	213	org.l2jmobius.commons.database.DatabaseFactory	Database: HikariCP pool closed successfully.
2025.10.05 02:21:33,564	INFO	213	org.l2jmobius.gameserver.Shutdown	Database Factory: Database connection has been shut down(6ms).
2025.10.05 02:21:33,564	INFO	213	org.l2jmobius.gameserver.Shutdown	The server has been successfully shut down in 5seconds.
